Archive member included to satisfy reference by file (symbol)

e:/mouriverstudio/program/mounriver/mounriver_studio/toolchain/risc-v embedded gcc/bin/../lib/gcc/riscv-none-embed/8.2.0/rv32imacxw/ilp32\libgcc.a(eqdf2.o)
                              ./Hardware/cJSON.o (__eqdf2)
e:/mouriverstudio/program/mounriver/mounriver_studio/toolchain/risc-v embedded gcc/bin/../lib/gcc/riscv-none-embed/8.2.0/rv32imacxw/ilp32\libgcc.a(gedf2.o)
                              ./Hardware/cJSON.o (__gedf2)
e:/mouriverstudio/program/mounriver/mounriver_studio/toolchain/risc-v embedded gcc/bin/../lib/gcc/riscv-none-embed/8.2.0/rv32imacxw/ilp32\libgcc.a(ledf2.o)
                              ./Hardware/cJSON.o (__ledf2)
e:/mouriverstudio/program/mounriver/mounriver_studio/toolchain/risc-v embedded gcc/bin/../lib/gcc/riscv-none-embed/8.2.0/rv32imacxw/ilp32\libgcc.a(muldf3.o)
                              ./Hardware/cJSON.o (__muldf3)
e:/mouriverstudio/program/mounriver/mounriver_studio/toolchain/risc-v embedded gcc/bin/../lib/gcc/riscv-none-embed/8.2.0/rv32imacxw/ilp32\libgcc.a(subdf3.o)
                              ./Hardware/cJSON.o (__subdf3)
e:/mouriverstudio/program/mounriver/mounriver_studio/toolchain/risc-v embedded gcc/bin/../lib/gcc/riscv-none-embed/8.2.0/rv32imacxw/ilp32\libgcc.a(unorddf2.o)
                              ./Hardware/cJSON.o (__unorddf2)
e:/mouriverstudio/program/mounriver/mounriver_studio/toolchain/risc-v embedded gcc/bin/../lib/gcc/riscv-none-embed/8.2.0/rv32imacxw/ilp32\libgcc.a(fixdfsi.o)
                              ./Hardware/cJSON.o (__fixdfsi)
e:/mouriverstudio/program/mounriver/mounriver_studio/toolchain/risc-v embedded gcc/bin/../lib/gcc/riscv-none-embed/8.2.0/rv32imacxw/ilp32\libgcc.a(floatsidf.o)
                              ./Hardware/cJSON.o (__floatsidf)
e:/mouriverstudio/program/mounriver/mounriver_studio/toolchain/risc-v embedded gcc/bin/../lib/gcc/riscv-none-embed/8.2.0/rv32imacxw/ilp32\libgcc.a(extendsfdf2.o)
                              ./Hardware/cJSON.o (__extendsfdf2)
e:/mouriverstudio/program/mounriver/mounriver_studio/toolchain/risc-v embedded gcc/bin/../lib/gcc/riscv-none-embed/8.2.0/rv32imacxw/ilp32\libgcc.a(save-restore.o)
                              ./Hardware/cJSON.o (__riscv_save_12)
e:/mouriverstudio/program/mounriver/mounriver_studio/toolchain/risc-v embedded gcc/bin/../lib/gcc/riscv-none-embed/8.2.0/rv32imacxw/ilp32\libgcc.a(_clzsi2.o)
                              e:/mouriverstudio/program/mounriver/mounriver_studio/toolchain/risc-v embedded gcc/bin/../lib/gcc/riscv-none-embed/8.2.0/rv32imacxw/ilp32\libgcc.a(muldf3.o) (__clzsi2)
e:/mouriverstudio/program/mounriver/mounriver_studio/toolchain/risc-v embedded gcc/bin/../lib/gcc/riscv-none-embed/8.2.0/rv32imacxw/ilp32\libgcc.a(_clz.o)
                              e:/mouriverstudio/program/mounriver/mounriver_studio/toolchain/risc-v embedded gcc/bin/../lib/gcc/riscv-none-embed/8.2.0/rv32imacxw/ilp32\libgcc.a(_clzsi2.o) (__clz_tab)
e:/mouriverstudio/program/mounriver/mounriver_studio/toolchain/risc-v embedded gcc/bin/../lib/gcc/riscv-none-embed/8.2.0/../../../../riscv-none-embed/lib/rv32imacxw/ilp32\libg_nano.a(lib_a-locale.o)
                              ./Hardware/cJSON.o (__locale_ctype_ptr)
e:/mouriverstudio/program/mounriver/mounriver_studio/toolchain/risc-v embedded gcc/bin/../lib/gcc/riscv-none-embed/8.2.0/../../../../riscv-none-embed/lib/rv32imacxw/ilp32\libg_nano.a(lib_a-malloc.o)
                              ./Hardware/cJSON.o (malloc)
e:/mouriverstudio/program/mounriver/mounriver_studio/toolchain/risc-v embedded gcc/bin/../lib/gcc/riscv-none-embed/8.2.0/../../../../riscv-none-embed/lib/rv32imacxw/ilp32\libg_nano.a(lib_a-mbtowc_r.o)
                              e:/mouriverstudio/program/mounriver/mounriver_studio/toolchain/risc-v embedded gcc/bin/../lib/gcc/riscv-none-embed/8.2.0/../../../../riscv-none-embed/lib/rv32imacxw/ilp32\libg_nano.a(lib_a-locale.o) (__ascii_mbtowc)
e:/mouriverstudio/program/mounriver/mounriver_studio/toolchain/risc-v embedded gcc/bin/../lib/gcc/riscv-none-embed/8.2.0/../../../../riscv-none-embed/lib/rv32imacxw/ilp32\libg_nano.a(lib_a-memcpy.o)
                              ./Hardware/cJSON.o (memcpy)
e:/mouriverstudio/program/mounriver/mounriver_studio/toolchain/risc-v embedded gcc/bin/../lib/gcc/riscv-none-embed/8.2.0/../../../../riscv-none-embed/lib/rv32imacxw/ilp32\libg_nano.a(lib_a-memset.o)
                              ./Hardware/cJSON.o (memset)
e:/mouriverstudio/program/mounriver/mounriver_studio/toolchain/risc-v embedded gcc/bin/../lib/gcc/riscv-none-embed/8.2.0/../../../../riscv-none-embed/lib/rv32imacxw/ilp32\libg_nano.a(lib_a-nano-freer.o)
                              e:/mouriverstudio/program/mounriver/mounriver_studio/toolchain/risc-v embedded gcc/bin/../lib/gcc/riscv-none-embed/8.2.0/../../../../riscv-none-embed/lib/rv32imacxw/ilp32\libg_nano.a(lib_a-malloc.o) (_free_r)
[...]
Memory Configuration

Name             Origin             Length             Attributes
FLASH            0x0000000000000000 0x0000000000048000 xr
RAM              0x0000000020000000 0x0000000000008000 xrw
*default*        0x0000000000000000 0xffffffffffffffff

Linker script and memory map

LOAD ./User/ch32v30x_it.o
LOAD ./User/main.o
LOAD ./User/system_ch32v30x.o
LOAD ./Startup/startup_ch32v30x_D8C.o
LOAD ./Peripheral/src/ch32v30x_adc.o
LOAD ./Peripheral/src/ch32v30x_bkp.o
LOAD ./Peripheral/src/ch32v30x_can.o
LOAD ./Peripheral/src/ch32v30x_crc.o
LOAD ./Peripheral/src/ch32v30x_dac.o
LOAD ./Peripheral/src/ch32v30x_dbgmcu.o
LOAD ./Peripheral/src/ch32v30x_dma.o
LOAD ./Peripheral/src/ch32v30x_dvp.o
LOAD ./Peripheral/src/ch32v30x_eth.o
LOAD ./Peripheral/src/ch32v30x_exti.o
LOAD ./Peripheral/src/ch32v30x_flash.o
LOAD ./Peripheral/src/ch32v30x_fsmc.o
LOAD ./Peripheral/src/ch32v30x_gpio.o
LOAD ./Peripheral/src/ch32v30x_i2c.o
LOAD ./Peripheral/src/ch32v30x_iwdg.o
LOAD ./Peripheral/src/ch32v30x_misc.o
LOAD ./Peripheral/src/ch32v30x_opa.o
LOAD ./Peripheral/src/ch32v30x_pwr.o
LOAD ./Peripheral/src/ch32v30x_rcc.o
LOAD ./Peripheral/src/ch32v30x_rng.o
LOAD ./Peripheral/src/ch32v30x_rtc.o
LOAD ./Peripheral/src/ch32v30x_sdio.o
LOAD ./Peripheral/src/ch32v30x_spi.o
LOAD ./Peripheral/src/ch32v30x_tim.o
LOAD ./Peripheral/src/ch32v30x_usart.o
LOAD ./Peripheral/src/ch32v30x_wwdg.o
LOAD ./Hardware/cJSON.o
LOAD ./Hardware/esp8266.o
LOAD ./Debug/debug.o
LOAD ./Core/core_riscv.o
LOAD e:/mouriverstudio/program/mounriver/mounriver_studio/toolchain/risc-v embedded gcc/bin/../lib/gcc/riscv-none-embed/8.2.0/../../../../riscv-none-embed/lib/rv32imacxw/ilp32\libm.a
LOAD e:/mouriverstudio/program/mounriver/mounriver_studio/toolchain/risc-v embedded gcc/bin/../lib/gcc/riscv-none-embed/8.2.0/rv32imacxw/ilp32\libgcc.a
LOAD e:/mouriverstudio/program/mounriver/mounriver_studio/toolchain/risc-v embedded gcc/bin/../lib/gcc/riscv-none-embed/8.2.0/../../../../riscv-none-embed/lib/rv32imacxw/ilp32\libg_nano.a
LOAD e:/mouriverstudio/program/mounriver/mounriver_studio/toolchain/risc-v embedded gcc/bin/../lib/gcc/riscv-none-embed/8.2.0/../../../../riscv-none-embed/lib/rv32imacxw/ilp32\libc_nano.a
LOAD e:/mouriverstudio/program/mounriver/mounriver_studio/toolchain/risc-v embedded gcc/bin/../lib/gcc/riscv-none-embed/8.2.0/rv32imacxw/ilp32\libgcc.a
START GROUP
LOAD e:/mouriverstudio/program/mounriver/mounriver_studio/toolchain/risc-v embedded gcc/bin/../lib/gcc/riscv-none-embed/8.2.0/rv32imacxw/ilp32\libgcc.a
LOAD e:/mouriverstudio/program/mounriver/mounriver_studio/toolchain/risc-v embedded gcc/bin/../lib/gcc/riscv-none-embed/8.2.0/../../../../riscv-none-embed/lib/rv32imacxw/ilp32\libc_nano.a
LOAD e:/mouriverstudio/program/mounriver/mounriver_studio/toolchain/risc-v embedded gcc/bin/../lib/gcc/riscv-none-embed/8.2.0/../../../../riscv-none-embed/lib/rv32imacxw/ilp32\libnosys.a
END GROUP
START GROUP
LOAD e:/mouriverstudio/program/mounriver/mounriver_studio/toolchain/risc-v embedded gcc/bin/../lib/gcc/riscv-none-embed/8.2.0/rv32imacxw/ilp32\libgcc.a
LOAD e:/mouriverstudio/program/mounriver/mounriver_studio/toolchain/risc-v embedded gcc/bin/../lib/gcc/riscv-none-embed/8.2.0/../../../../riscv-none-embed/lib/rv32imacxw/ilp32\libc_nano.a
LOAD e:/mouriverstudio/program/mounriver/mounriver_studio/toolchain/risc-v embedded gcc/bin/../lib/gcc/riscv-none-embed/8.2.0/../../../../riscv-none-embed/lib/rv32imacxw/ilp32\libnosys.a
END GROUP
                0x0000000000000800                __stack_size = 0x800
                [!provide]                        PROVIDE (_stack_size = __stack_size)

.init           0x0000000000000000        0x4
                0x0000000000000000                _sinit = .
                0x0000000000000000                . = ALIGN (0x4)
 *(SORT_NONE(.init))
 .init          0x0000000000000000        0x4 ./Startup/startup_ch32v30x_D8C.o
                0x0000000000000000                _start
                0x0000000000000004                . = ALIGN (0x4)
                0x0000000000000004                _einit = .

.vector         0x0000000000000004      0x1bc
 *(.vector)
 .vector        0x0000000000000004      0x1a0 ./Startup/startup_ch32v30x_D8C.o
                0x00000000000001c0                . = ALIGN (0x40)
 *fill*         0x00000000000001a4       0x1c 

.text           0x00000000000001c0     0x295c
                0x00000000000001c0                . = ALIGN (0x4)
 *(.text)
 .text          0x00000000000001c0       0x60 e:/mouriverstudio/program/mounriver/mounriver_studio/toolchain/risc-v embedded gcc/bin/../lib/gcc/riscv-none-embed/8.2.0/rv32imacxw/ilp32\libgcc.a(save-restore.o)
                0x00000000000001c0                __riscv_save_12
                0x00000000000001c8                __riscv_save_9
                0x00000000000001c8                __riscv_save_11
                0x00000000000001c8                __riscv_save_10
                0x00000000000001c8                __riscv_save_8
                0x00000000000001d6                __riscv_save_4
                0x00000000000001d6                __riscv_save_6
                0x00000000000001d6                __riscv_save_5
                0x00000000000001d6                __riscv_save_7
                0x00000000000001f0                __riscv_save_3
                0x00000000000001f0                __riscv_save_2
                0x00000000000001f0                __riscv_save_1
                0x00000000000001f0                __riscv_save_0
                0x00000000000001fc                __riscv_restore_12
                0x0000000000000200                __riscv_restore_11
                0x0000000000000200                __riscv_restore_9
                0x0000000000000200                __riscv_restore_10
                0x0000000000000200                __riscv_restore_8
                0x000000000000020a                __riscv_restore_5
                0x000000000000020a                __riscv_restore_7
                0x000000000000020a                __riscv_restore_6
                0x000000000000020a                __riscv_restore_4
                0x0000000000000214                __riscv_restore_3
                0x0000000000000214                __riscv_restore_0
                0x0000000000000214                __riscv_restore_2
                0x0000000000000214                __riscv_restore_1
 .text          0x0000000000000220       0xa8 e:/mouriverstudio/program/mounriver/mounriver_studio/toolchain/risc-v embedded gcc/bin/../lib/gcc/riscv-none-embed/8.2.0/../../../../riscv-none-embed/lib/rv32imacxw/ilp32\libg_nano.a(lib_a-memset.o)
                0x0000000000000220                memset
 *(.text.*)
 .text.NMI_Handler
                0x00000000000002c8        0x2 ./User/ch32v30x_it.o
                0x00000000000002c8                NMI_Handler
 .text.HardFault_Handler
                0x00000000000002ca        0x2 ./User/ch32v30x_it.o
                0x00000000000002ca                HardFault_Handler
 .text.startup.main
                0x00000000000002cc       0x62 ./User/main.o
                0x00000000000002cc                main
 .text.SystemInit
                0x000000000000032e       0xb2 ./User/system_ch32v30x.o
                0x000000000000032e                SystemInit
 .text.SystemCoreClockUpdate
                0x00000000000003e0      0x12e ./User/system_ch32v30x.o
                0x00000000000003e0                SystemCoreClockUpdate
 .text.vector_handler
                0x000000000000050e        0x2 ./Startup/startup_ch32v30x_D8C.o
                0x000000000000050e                EXTI2_IRQHandler
                0x000000000000050e                TIM8_TRG_COM_IRQHandler
                0x000000000000050e                TIM8_CC_IRQHandler
                0x000000000000050e                UART8_IRQHandler
                0x000000000000050e                TIM1_CC_IRQHandler
                0x000000000000050e                TIM6_IRQHandler
                0x000000000000050e                SysTick_Handler
                0x000000000000050e                PVD_IRQHandler
                0x000000000000050e                SDIO_IRQHandler
                0x000000000000050e                TIM9_BRK_IRQHandler
                0x000000000000050e                DMA2_Channel8_IRQHandler
                0x000000000000050e                CAN2_RX1_IRQHandler
                0x000000000000050e                EXTI3_IRQHandler
                0x000000000000050e                USBHS_IRQHandler
                0x000000000000050e                DMA2_Channel9_IRQHandler
                0x000000000000050e                TIM10_CC_IRQHandler
                0x000000000000050e                USBFS_IRQHandler
                0x000000000000050e                EXTI0_IRQHandler
                0x000000000000050e                I2C2_EV_IRQHandler
                0x000000000000050e                TIM10_TRG_COM_IRQHandler
                0x000000000000050e                CAN2_SCE_IRQHandler
                0x000000000000050e                ADC1_2_IRQHandler
                0x000000000000050e                Break_Point_Handler
                0x000000000000050e                SPI1_IRQHandler
                0x000000000000050e                TAMPER_IRQHandler
                0x000000000000050e                CAN2_RX0_IRQHandler
                0x000000000000050e                TIM8_UP_IRQHandler
                0x000000000000050e                Ecall_M_Mode_Handler
                0x000000000000050e                DMA2_Channel2_IRQHandler
                0x000000000000050e                DMA1_Channel4_IRQHandler
                0x000000000000050e                TIM9_UP_IRQHandler
                0x000000000000050e                USART3_IRQHandler
                0x000000000000050e                RTC_IRQHandler
                0x000000000000050e                DMA1_Channel7_IRQHandler
                0x000000000000050e                CAN1_RX1_IRQHandler
                0x000000000000050e                DVP_IRQHandler
                0x000000000000050e                UART5_IRQHandler
                0x000000000000050e                TIM4_IRQHandler
                0x000000000000050e                DMA2_Channel1_IRQHandler
                0x000000000000050e                I2C1_EV_IRQHandler
                0x000000000000050e                DMA1_Channel6_IRQHandler
                0x000000000000050e                UART4_IRQHandler
                0x000000000000050e                DMA2_Channel4_IRQHandler
                0x000000000000050e                TIM3_IRQHandler
                0x000000000000050e                RCC_IRQHandler
                0x000000000000050e                TIM1_TRG_COM_IRQHandler
                0x000000000000050e                DMA1_Channel1_IRQHandler
                0x000000000000050e                DMA2_Channel7_IRQHandler
                0x000000000000050e                EXTI15_10_IRQHandler
                0x000000000000050e                TIM7_IRQHandler
                0x000000000000050e                CAN2_TX_IRQHandler
                0x000000000000050e                TIM5_IRQHandler
                0x000000000000050e                EXTI9_5_IRQHandler
                0x000000000000050e                ETH_WKUP_IRQHandler
                0x000000000000050e                SPI2_IRQHandler
                0x000000000000050e                TIM10_BRK_IRQHandler
                0x000000000000050e                TIM9_CC_IRQHandler
                0x000000000000050e                DMA2_Channel5_IRQHandler
                0x000000000000050e                DMA1_Channel5_IRQHandler
                0x000000000000050e                EXTI4_IRQHandler
                0x000000000000050e                USB_LP_CAN1_RX0_IRQHandler
                0x000000000000050e                RNG_IRQHandler
                0x000000000000050e                USB_HP_CAN1_TX_IRQHandler
                0x000000000000050e                DMA1_Channel3_IRQHandler
                0x000000000000050e                ETH_IRQHandler
                0x000000000000050e                TIM1_UP_IRQHandler
                0x000000000000050e                WWDG_IRQHandler
                0x000000000000050e                USBHSWakeup_IRQHandler
                0x000000000000050e                DMA2_Channel11_IRQHandler
                0x000000000000050e                Ecall_U_Mode_Handler
                0x000000000000050e                DMA2_Channel6_IRQHandler
                0x000000000000050e                TIM2_IRQHandler
                0x000000000000050e                SW_Handler
                0x000000000000050e                TIM1_BRK_IRQHandler
                0x000000000000050e                DMA2_Channel10_IRQHandler
                0x000000000000050e                EXTI1_IRQHandler
                0x000000000000050e                RTCAlarm_IRQHandler
                0x000000000000050e                TIM10_UP_IRQHandler
                0x000000000000050e                TIM9_TRG_COM_IRQHandler
                0x000000000000050e                UART7_IRQHandler
                0x000000000000050e                USART2_IRQHandler
                0x000000000000050e                UART6_IRQHandler
                0x000000000000050e                I2C2_ER_IRQHandler
                0x000000000000050e                DMA1_Channel2_IRQHandler
                0x000000000000050e                TIM8_BRK_IRQHandler
                0x000000000000050e                CAN1_SCE_IRQHandler
                0x000000000000050e                FLASH_IRQHandler
                0x000000000000050e                USART1_IRQHandler
                0x000000000000050e                SPI3_IRQHandler
                0x000000000000050e                I2C1_ER_IRQHandler
                0x000000000000050e                USBWakeUp_IRQHandler
                0x000000000000050e                DMA2_Channel3_IRQHandler
 .text.handle_reset
                0x0000000000000510       0x8a ./Startup/startup_ch32v30x_D8C.o
                0x0000000000000510                handle_reset
 .text.DBGMCU_GetCHIPID
                0x000000000000059a        0xa ./Peripheral/src/ch32v30x_dbgmcu.o
                0x000000000000059a                DBGMCU_GetCHIPID
 .text.DMA_DeInit
                0x00000000000005a4      0x16c ./Peripheral/src/ch32v30x_dma.o
                0x00000000000005a4                DMA_DeInit
 .text.DMA_Init
                0x0000000000000710       0x38 ./Peripheral/src/ch32v30x_dma.o
                0x0000000000000710                DMA_Init
 .text.DMA_Cmd  0x0000000000000748       0x14 ./Peripheral/src/ch32v30x_dma.o
                0x0000000000000748                DMA_Cmd
 .text.DMA_SetCurrDataCounter
                0x000000000000075c        0x4 ./Peripheral/src/ch32v30x_dma.o
                0x000000000000075c                DMA_SetCurrDataCounter
 .text.DMA_GetCurrDataCounter
                0x0000000000000760        0x8 ./Peripheral/src/ch32v30x_dma.o
                0x0000000000000760                DMA_GetCurrDataCounter
 .text.DMA_ClearFlag
                0x0000000000000768       0x2c ./Peripheral/src/ch32v30x_dma.o
                0x0000000000000768                DMA_ClearFlag
 .text.GPIO_Init
                0x0000000000000794       0xc0 ./Peripheral/src/ch32v30x_gpio.o
                0x0000000000000794                GPIO_Init
 .text.NVIC_PriorityGroupConfig
                0x0000000000000854        0x6 ./Peripheral/src/ch32v30x_misc.o
                0x0000000000000854                NVIC_PriorityGroupConfig
 .text.RCC_GetClocksFreq
                0x000000000000085a      0x176 ./Peripheral/src/ch32v30x_rcc.o
                0x000000000000085a                RCC_GetClocksFreq
 .text.RCC_AHBPeriphClockCmd
                0x00000000000009d0       0x1e ./Peripheral/src/ch32v30x_rcc.o
                0x00000000000009d0                RCC_AHBPeriphClockCmd
 .text.RCC_APB2PeriphClockCmd
                0x00000000000009ee       0x1e ./Peripheral/src/ch32v30x_rcc.o
                0x00000000000009ee                RCC_APB2PeriphClockCmd
 .text.RCC_APB1PeriphClockCmd
                0x0000000000000a0c       0x1e ./Peripheral/src/ch32v30x_rcc.o
                0x0000000000000a0c                RCC_APB1PeriphClockCmd
 .text.USART_Init
                0x0000000000000a2a       0x8e ./Peripheral/src/ch32v30x_usart.o
                0x0000000000000a2a                USART_Init
 .text.USART_Cmd
                0x0000000000000ab8       0x16 ./Peripheral/src/ch32v30x_usart.o
                0x0000000000000ab8                USART_Cmd
 .text.USART_DMACmd
                0x0000000000000ace       0x12 ./Peripheral/src/ch32v30x_usart.o
                0x0000000000000ace                USART_DMACmd
 .text.USART_SendData
                0x0000000000000ae0        0x8 ./Peripheral/src/ch32v30x_usart.o
                0x0000000000000ae0                USART_SendData
 .text.USART_GetFlagStatus
                0x0000000000000ae8        0xa ./Peripheral/src/ch32v30x_usart.o
                0x0000000000000ae8                USART_GetFlagStatus
 .text.USART6_CFG
                0x0000000000000af2       0x74 ./Hardware/esp8266.o
                0x0000000000000af2                USART6_CFG
 .text.DMA_INIT
                0x0000000000000b66       0x6a ./Hardware/esp8266.o
                0x0000000000000b66                DMA_INIT
 .text.uartWriteWiFi
                0x0000000000000bd0       0x42 ./Hardware/esp8266.o
                0x0000000000000bd0                uartWriteWiFi
 .text.uartReadWiFi
                0x0000000000000c12       0x74 ./Hardware/esp8266.o
                0x0000000000000c12                uartReadWiFi
 .text.uartWriteWiFiStr
                0x0000000000000c86       0x1e ./Hardware/esp8266.o
                0x0000000000000c86                uartWriteWiFiStr
 .text.uartAvailableWiFi
                0x0000000000000ca4       0x32 ./Hardware/esp8266.o
                0x0000000000000ca4                uartAvailableWiFi
 .text.RxBuffer_Printf
                0x0000000000000cd6       0x30 ./Hardware/esp8266.o
                0x0000000000000cd6                RxBuffer_Printf
 .text.ESP8266_WIFIChar
                0x0000000000000d06       0x1e ./Hardware/esp8266.o
                0x0000000000000d06                ESP8266_WIFIChar
 .text.ESP8266_Init
                0x0000000000000d24       0xda ./Hardware/esp8266.o
                0x0000000000000d24                ESP8266_Init
 .text.Delay_Init
                0x0000000000000dfe       0x2a ./Debug/debug.o
                0x0000000000000dfe                Delay_Init
 .text.Delay_Ms
                0x0000000000000e28       0x36 ./Debug/debug.o
                0x0000000000000e28                Delay_Ms
 .text.USART_Printf_Init
                0x0000000000000e5e       0x58 ./Debug/debug.o
                0x0000000000000e5e                USART_Printf_Init
 .text._write   0x0000000000000eb6       0x3a ./Debug/debug.o
                0x0000000000000eb6                _write
 .text._sbrk    0x0000000000000ef0       0x26 ./Debug/debug.o
                0x0000000000000ef0                _sbrk
 .text.memcpy   0x0000000000000f16       0xb2 e:/mouriverstudio/program/mounriver/mounriver_studio/toolchain/risc-v embedded gcc/bin/../lib/gcc/riscv-none-embed/8.2.0/../../../../riscv-none-embed/lib/rv32imacxw/ilp32\libg_nano.a(lib_a-memcpy.o)
                0x0000000000000f16                memcpy
 .text._free_r  0x0000000000000fc8       0xa8 e:/mouriverstudio/program/mounriver/mounriver_studio/toolchain/risc-v embedded gcc/bin/../lib/gcc/riscv-none-embed/8.2.0/../../../../riscv-none-embed/lib/rv32imacxw/ilp32\libg_nano.a(lib_a-nano-freer.o)
                0x0000000000000fc8                _free_r
 .text._malloc_r
                0x0000000000001070       0xd4 e:/mouriverstudio/program/mounriver/mounriver_studio/toolchain/risc-v embedded gcc/bin/../lib/gcc/riscv-none-embed/8.2.0/../../../../riscv-none-embed/lib/rv32imacxw/ilp32\libg_nano.a(lib_a-nano-mallocr.o)
                0x0000000000001070                _malloc_r
 .text.printf   0x0000000000001144       0x40 e:/mouriverstudio/program/mounriver/mounriver_studio/toolchain/risc-v embedded gcc/bin/../lib/gcc/riscv-none-embed/8.2.0/../../../../riscv-none-embed/lib/rv32imacxw/ilp32\libg_nano.a(lib_a-printf.o)
                0x0000000000001144                iprintf
                0x0000000000001144                printf
 .text._puts_r  0x0000000000001184       0xd4 e:/mouriverstudio/program/mounriver/mounriver_studio/toolchain/risc-v embedded gcc/bin/../lib/gcc/riscv-none-embed/8.2.0/../../../../riscv-none-embed/lib/rv32imacxw/ilp32\libg_nano.a(lib_a-puts.o)
                0x0000000000001184                _puts_r
 .text.puts     0x0000000000001258        0xa e:/mouriverstudio/program/mounriver/mounriver_studio/toolchain/risc-v embedded gcc/bin/../lib/gcc/riscv-none-embed/8.2.0/../../../../riscv-none-embed/lib/rv32imacxw/ilp32\libg_nano.a(lib_a-puts.o)
                0x0000000000001258                puts
 .text._sbrk_r  0x0000000000001262       0x28 e:/mouriverstudio/program/mounriver/mounriver_studio/toolchain/risc-v embedded gcc/bin/../lib/gcc/riscv-none-embed/8.2.0/../../../../riscv-none-embed/lib/rv32imacxw/ilp32\libg_nano.a(lib_a-sbrkr.o)
                0x0000000000001262                _sbrk_r
 .text.sprintf  0x000000000000128a       0x46 e:/mouriverstudio/program/mounriver/mounriver_studio/toolchain/risc-v embedded gcc/bin/../lib/gcc/riscv-none-embed/8.2.0/../../../../riscv-none-embed/lib/rv32imacxw/ilp32\libg_nano.a(lib_a-sprintf.o)
                0x000000000000128a                siprintf
                0x000000000000128a                sprintf
 .text.__sread  0x00000000000012d0       0x2e e:/mouriverstudio/program/mounriver/mounriver_studio/toolchain/risc-v embedded gcc/bin/../lib/gcc/riscv-none-embed/8.2.0/../../../../riscv-none-embed/lib/rv32imacxw/ilp32\libg_nano.a(lib_a-stdio.o)
                0x00000000000012d0                __sread
 .text.__swrite
                0x00000000000012fe       0x48 e:/mouriverstudio/program/mounriver/mounriver_studio/toolchain/risc-v embedded gcc/bin/../lib/gcc/riscv-none-embed/8.2.0/../../../../riscv-none-embed/lib/rv32imacxw/ilp32\libg_nano.a(lib_a-stdio.o)
                0x00000000000012fe                __swrite
 .text.__sseek  0x0000000000001346       0x30 e:/mouriverstudio/program/mounriver/mounriver_studio/toolchain/risc-v embedded gcc/bin/../lib/gcc/riscv-none-embed/8.2.0/../../../../riscv-none-embed/lib/rv32imacxw/ilp32\libg_nano.a(lib_a-stdio.o)
                0x0000000000001346                __sseek
 .text.__sclose
                0x0000000000001376        0x6 e:/mouriverstudio/program/mounriver/mounriver_studio/toolchain/risc-v embedded gcc/bin/../lib/gcc/riscv-none-embed/8.2.0/../../../../riscv-none-embed/lib/rv32imacxw/ilp32\libg_nano.a(lib_a-stdio.o)
                0x0000000000001376                __sclose
 .text.__swbuf_r
                0x000000000000137c       0xbc e:/mouriverstudio/program/mounriver/mounriver_studio/toolchain/risc-v embedded gcc/bin/../lib/gcc/riscv-none-embed/8.2.0/../../../../riscv-none-embed/lib/rv32imacxw/ilp32\libg_nano.a(lib_a-wbuf.o)
                0x000000000000137c                __swbuf_r
 .text._write_r
                0x0000000000001438       0x2e e:/mouriverstudio/program/mounriver/mounriver_studio/toolchain/risc-v embedded gcc/bin/../lib/gcc/riscv-none-embed/8.2.0/../../../../riscv-none-embed/lib/rv32imacxw/ilp32\libg_nano.a(lib_a-writer.o)
                0x0000000000001438                _write_r
 .text.__swsetup_r
                0x0000000000001466       0xfc e:/mouriverstudio/program/mounriver/mounriver_studio/toolchain/risc-v embedded gcc/bin/../lib/gcc/riscv-none-embed/8.2.0/../../../../riscv-none-embed/lib/rv32imacxw/ilp32\libg_nano.a(lib_a-wsetup.o)
                0x0000000000001466                __swsetup_r
 .text._close_r
                0x0000000000001562       0x2a e:/mouriverstudio/program/mounriver/mounriver_studio/toolchain/risc-v embedded gcc/bin/../lib/gcc/riscv-none-embed/8.2.0/../../../../riscv-none-embed/lib/rv32imacxw/ilp32\libg_nano.a(lib_a-closer.o)
                0x0000000000001562                _close_r
 .text.__sflush_r
                0x000000000000158c      0x132 e:/mouriverstudio/program/mounriver/mounriver_studio/toolchain/risc-v embedded gcc/bin/../lib/gcc/riscv-none-embed/8.2.0/../../../../riscv-none-embed/lib/rv32imacxw/ilp32\libg_nano.a(lib_a-fflush.o)
                0x000000000000158c                __sflush_r
 .text._fflush_r
                0x00000000000016be       0x64 e:/mouriverstudio/program/mounriver/mounriver_studio/toolchain/risc-v embedded gcc/bin/../lib/gcc/riscv-none-embed/8.2.0/../../../../riscv-none-embed/lib/rv32imacxw/ilp32\libg_nano.a(lib_a-fflush.o)
                0x00000000000016be                _fflush_r
 .text.std      0x0000000000001722       0x66 e:/mouriverstudio/program/mounriver/mounriver_studio/toolchain/risc-v embedded gcc/bin/../lib/gcc/riscv-none-embed/8.2.0/../../../../riscv-none-embed/lib/rv32imacxw/ilp32\libg_nano.a(lib_a-findfp.o)
 .text._cleanup_r
                0x0000000000001788        0xa e:/mouriverstudio/program/mounriver/mounriver_studio/toolchain/risc-v embedded gcc/bin/../lib/gcc/riscv-none-embed/8.2.0/../../../../riscv-none-embed/lib/rv32imacxw/ilp32\libg_nano.a(lib_a-findfp.o)
                0x0000000000001788                _cleanup_r
 .text.__sfmoreglue
                0x0000000000001792       0x48 e:/mouriverstudio/program/mounriver/mounriver_studio/toolchain/risc-v embedded gcc/bin/../lib/gcc/riscv-none-embed/8.2.0/../../../../riscv-none-embed/lib/rv32imacxw/ilp32\libg_nano.a(lib_a-findfp.o)
                0x0000000000001792                __sfmoreglue
 .text.__sinit  0x00000000000017da       0x66 e:/mouriverstudio/program/mounriver/mounriver_studio/toolchain/risc-v embedded gcc/bin/../lib/gcc/riscv-none-embed/8.2.0/../../../../riscv-none-embed/lib/rv32imacxw/ilp32\libg_nano.a(lib_a-findfp.o)
                0x00000000000017da                __sinit
 .text.__sfp    0x0000000000001840       0x9c e:/mouriverstudio/program/mounriver/mounriver_studio/toolchain/risc-v embedded gcc/bin/../lib/gcc/riscv-none-embed/8.2.0/../../../../riscv-none-embed/lib/rv32imacxw/ilp32\libg_nano.a(lib_a-findfp.o)
                0x0000000000001840                __sfp
 .text._fwalk_reent
                0x00000000000018dc       0x6a e:/mouriverstudio/program/mounriver/mounriver_studio/toolchain/risc-v embedded gcc/bin/../lib/gcc/riscv-none-embed/8.2.0/../../../../riscv-none-embed/lib/rv32imacxw/ilp32\libg_nano.a(lib_a-fwalk.o)
                0x00000000000018dc                _fwalk_reent
 .text._lseek_r
                0x0000000000001946       0x2e e:/mouriverstudio/program/mounriver/mounriver_studio/toolchain/risc-v embedded gcc/bin/../lib/gcc/riscv-none-embed/8.2.0/../../../../riscv-none-embed/lib/rv32imacxw/ilp32\libg_nano.a(lib_a-lseekr.o)
                0x0000000000001946                _lseek_r
 .text.__swhatbuf_r
                0x0000000000001974       0x58 e:/mouriverstudio/program/mounriver/mounriver_studio/toolchain/risc-v embedded gcc/bin/../lib/gcc/riscv-none-embed/8.2.0/../../../../riscv-none-embed/lib/rv32imacxw/ilp32\libg_nano.a(lib_a-makebuf.o)
                0x0000000000001974                __swhatbuf_r
 .text.__smakebuf_r
                0x00000000000019cc       0x92 e:/mouriverstudio/program/mounriver/mounriver_studio/toolchain/risc-v embedded gcc/bin/../lib/gcc/riscv-none-embed/8.2.0/../../../../riscv-none-embed/lib/rv32imacxw/ilp32\libg_nano.a(lib_a-makebuf.o)
                0x00000000000019cc                __smakebuf_r
 .text.__malloc_lock
                0x0000000000001a5e        0x2 e:/mouriverstudio/program/mounriver/mounriver_studio/toolchain/risc-v embedded gcc/bin/../lib/gcc/riscv-none-embed/8.2.0/../../../../riscv-none-embed/lib/rv32imacxw/ilp32\libg_nano.a(lib_a-mlock.o)
                0x0000000000001a5e                __malloc_lock
 .text.__malloc_unlock
                0x0000000000001a60        0x2 e:/mouriverstudio/program/mounriver/mounriver_studio/toolchain/risc-v embedded gcc/bin/../lib/gcc/riscv-none-embed/8.2.0/../../../../riscv-none-embed/lib/rv32imacxw/ilp32\libg_nano.a(lib_a-mlock.o)
                0x0000000000001a60                __malloc_unlock
 .text._realloc_r
                0x0000000000001a62       0x5a e:/mouriverstudio/program/mounriver/mounriver_studio/toolchain/risc-v embedded gcc/bin/../lib/gcc/riscv-none-embed/8.2.0/../../../../riscv-none-embed/lib/rv32imacxw/ilp32\libg_nano.a(lib_a-nano-reallocr.o)
                0x0000000000001a62                _realloc_r
 .text.__ssputs_r
                0x0000000000001abc       0xe2 e:/mouriverstudio/program/mounriver/mounriver_studio/toolchain/risc-v embedded gcc/bin/../lib/gcc/riscv-none-embed/8.2.0/../../../../riscv-none-embed/lib/rv32imacxw/ilp32\libg_nano.a(lib_a-nano-svfprintf.o)
                0x0000000000001abc                __ssputs_r
 .text._svfprintf_r
                0x0000000000001b9e      0x268 e:/mouriverstudio/program/mounriver/mounriver_studio/toolchain/risc-v embedded gcc/bin/../lib/gcc/riscv-none-embed/8.2.0/../../../../riscv-none-embed/lib/rv32imacxw/ilp32\libg_nano.a(lib_a-nano-svfprintf.o)
                0x0000000000001b9e                _svfiprintf_r
                0x0000000000001b9e                _svfprintf_r
 .text.__sfputc_r
                0x0000000000001e06       0x28 e:/mouriverstudio/program/mounriver/mounriver_studio/toolchain/risc-v embedded gcc/bin/../lib/gcc/riscv-none-embed/8.2.0/../../../../riscv-none-embed/lib/rv32imacxw/ilp32\libg_nano.a(lib_a-nano-vfprintf.o)
 .text.__sfputs_r
                0x0000000000001e2e       0x40 e:/mouriverstudio/program/mounriver/mounriver_studio/toolchain/risc-v embedded gcc/bin/../lib/gcc/riscv-none-embed/8.2.0/../../../../riscv-none-embed/lib/rv32imacxw/ilp32\libg_nano.a(lib_a-nano-vfprintf.o)
                0x0000000000001e2e                __sfputs_r
 .text._vfprintf_r
                0x0000000000001e6e      0x286 e:/mouriverstudio/program/mounriver/mounriver_studio/toolchain/risc-v embedded gcc/bin/../lib/gcc/riscv-none-embed/8.2.0/../../../../riscv-none-embed/lib/rv32imacxw/ilp32\libg_nano.a(lib_a-nano-vfprintf.o)
                0x0000000000001e6e                _vfprintf_r
                0x0000000000001e6e                _vfiprintf_r
 .text._printf_common
                0x00000000000020f4      0x10c e:/mouriverstudio/program/mounriver/mounriver_studio/toolchain/risc-v embedded gcc/bin/../lib/gcc/riscv-none-embed/8.2.0/../../../../riscv-none-embed/lib/rv32imacxw/ilp32\libg_nano.a(lib_a-nano-vfprintf_i.o)
                0x00000000000020f4                _printf_common
 .text._printf_i
                0x0000000000002200      0x2a0 e:/mouriverstudio/program/mounriver/mounriver_studio/toolchain/risc-v embedded gcc/bin/../lib/gcc/riscv-none-embed/8.2.0/../../../../riscv-none-embed/lib/rv32imacxw/ilp32\libg_nano.a(lib_a-nano-vfprintf_i.o)
                0x0000000000002200                _printf_i
 .text._read_r  0x00000000000024a0       0x2c e:/mouriverstudio/program/mounriver/mounriver_studio/toolchain/risc-v embedded gcc/bin/../lib/gcc/riscv-none-embed/8.2.0/../../../../riscv-none-embed/lib/rv32imacxw/ilp32\libg_nano.a(lib_a-readr.o)
                0x00000000000024a0                _read_r
 .text._fstat_r
                0x00000000000024cc       0x2a e:/mouriverstudio/program/mounriver/mounriver_studio/toolchain/risc-v embedded gcc/bin/../lib/gcc/riscv-none-embed/8.2.0/../../../../riscv-none-embed/lib/rv32imacxw/ilp32\libg_nano.a(lib_a-fstatr.o)
                0x00000000000024cc                _fstat_r
 .text._isatty_r
                0x00000000000024f6       0x28 e:/mouriverstudio/program/mounriver/mounriver_studio/toolchain/risc-v embedded gcc/bin/../lib/gcc/riscv-none-embed/8.2.0/../../../../riscv-none-embed/lib/rv32imacxw/ilp32\libg_nano.a(lib_a-isattyr.o)
                0x00000000000024f6                _isatty_r
 .text.memchr   0x000000000000251e       0x18 e:/mouriverstudio/program/mounriver/mounriver_studio/toolchain/risc-v embedded gcc/bin/../lib/gcc/riscv-none-embed/8.2.0/../../../../riscv-none-embed/lib/rv32imacxw/ilp32\libg_nano.a(lib_a-memchr.o)
                0x000000000000251e                memchr
 .text.memmove  0x0000000000002536       0x46 e:/mouriverstudio/program/mounriver/mounriver_studio/toolchain/risc-v embedded gcc/bin/../lib/gcc/riscv-none-embed/8.2.0/../../../../riscv-none-embed/lib/rv32imacxw/ilp32\libg_nano.a(lib_a-memmove.o)
                0x0000000000002536                memmove
 .text._malloc_usable_size_r
                0x000000000000257c       0x14 e:/mouriverstudio/program/mounriver/mounriver_studio/toolchain/risc-v embedded gcc/bin/../lib/gcc/riscv-none-embed/8.2.0/../../../../riscv-none-embed/lib/rv32imacxw/ilp32\libg_nano.a(lib_a-nano-msizer.o)
                0x000000000000257c                _malloc_usable_size_r
 .text._close   0x0000000000002590        0xc e:/mouriverstudio/program/mounriver/mounriver_studio/toolchain/risc-v embedded gcc/bin/../lib/gcc/riscv-none-embed/8.2.0/../../../../riscv-none-embed/lib/rv32imacxw/ilp32\libnosys.a(close.o)
                0x0000000000002590                _close
 .text._fstat   0x000000000000259c        0xc e:/mouriverstudio/program/mounriver/mounriver_studio/toolchain/risc-v embedded gcc/bin/../lib/gcc/riscv-none-embed/8.2.0/../../../../riscv-none-embed/lib/rv32imacxw/ilp32\libnosys.a(fstat.o)
                0x000000000000259c                _fstat
 .text._isatty  0x00000000000025a8        0xc e:/mouriverstudio/program/mounriver/mounriver_studio/toolchain/risc-v embedded gcc/bin/../lib/gcc/riscv-none-embed/8.2.0/../../../../riscv-none-embed/lib/rv32imacxw/ilp32\libnosys.a(isatty.o)
                0x00000000000025a8                _isatty
 .text._lseek   0x00000000000025b4        0xc e:/mouriverstudio/program/mounriver/mounriver_studio/toolchain/risc-v embedded gcc/bin/../lib/gcc/riscv-none-embed/8.2.0/../../../../riscv-none-embed/lib/rv32imacxw/ilp32\libnosys.a(lseek.o)
                0x00000000000025b4                _lseek
 .text._read    0x00000000000025c0        0xc e:/mouriverstudio/program/mounriver/mounriver_studio/toolchain/risc-v embedded gcc/bin/../lib/gcc/riscv-none-embed/8.2.0/../../../../riscv-none-embed/lib/rv32imacxw/ilp32\libnosys.a(read.o)
                0x00000000000025c0                _read
 *(.rodata)
 *fill*         0x00000000000025cc        0x0 
 .rodata        0x00000000000025cc      0x400 ./Hardware/esp8266.o
 *(.rodata*)
 .rodata.main.str1.4
                0x00000000000029cc       0x4e ./User/main.o
 *fill*         0x0000000000002a1a        0x2 
 .rodata.ESP8266_Init.str1.4
                0x0000000000002a1c       0x42 ./Hardware/esp8266.o
 *fill*         0x0000000000002a5e        0x2 
 .rodata.ESP8266_WIFIChar.str1.4
                0x0000000000002a60       0x15 ./Hardware/esp8266.o
 *fill*         0x0000000000002a75        0x3 
 .rodata.RxBuffer_Printf.str1.4
                0x0000000000002a78        0x5 ./Hardware/esp8266.o
 *fill*         0x0000000000002a7d        0x3 
 .rodata.__sf_fake_stderr
                0x0000000000002a80       0x20 e:/mouriverstudio/program/mounriver/mounriver_studio/toolchain/risc-v embedded gcc/bin/../lib/gcc/riscv-none-embed/8.2.0/../../../../riscv-none-embed/lib/rv32imacxw/ilp32\libg_nano.a(lib_a-findfp.o)
                0x0000000000002a80                __sf_fake_stderr
 .rodata.__sf_fake_stdin
                0x0000000000002aa0       0x20 e:/mouriverstudio/program/mounriver/mounriver_studio/toolchain/risc-v embedded gcc/bin/../lib/gcc/riscv-none-embed/8.2.0/../../../../riscv-none-embed/lib/rv32imacxw/ilp32\libg_nano.a(lib_a-findfp.o)
                0x0000000000002aa0                __sf_fake_stdin
 .rodata.__sf_fake_stdout
                0x0000000000002ac0       0x20 e:/mouriverstudio/program/mounriver/mounriver_studio/toolchain/risc-v embedded gcc/bin/../lib/gcc/riscv-none-embed/8.2.0/../../../../riscv-none-embed/lib/rv32imacxw/ilp32\libg_nano.a(lib_a-findfp.o)
                0x0000000000002ac0                __sf_fake_stdout
 .rodata._svfprintf_r.str1.4
                0x0000000000002ae0       0x13 e:/mouriverstudio/program/mounriver/mounriver_studio/toolchain/risc-v embedded gcc/bin/../lib/gcc/riscv-none-embed/8.2.0/../../../../riscv-none-embed/lib/rv32imacxw/ilp32\libg_nano.a(lib_a-nano-svfprintf.o)
 .rodata._vfprintf_r.str1.4
                0x0000000000002af3       0x13 e:/mouriverstudio/program/mounriver/mounriver_studio/toolchain/risc-v embedded gcc/bin/../lib/gcc/riscv-none-embed/8.2.0/../../../../riscv-none-embed/lib/rv32imacxw/ilp32\libg_nano.a(lib_a-nano-vfprintf.o)
 *fill*         0x0000000000002af3        0x1 
 .rodata._printf_i.str1.4
                0x0000000000002af4       0x28 e:/mouriverstudio/program/mounriver/mounriver_studio/toolchain/risc-v embedded gcc/bin/../lib/gcc/riscv-none-embed/8.2.0/../../../../riscv-none-embed/lib/rv32imacxw/ilp32\libg_nano.a(lib_a-nano-vfprintf_i.o)
                                         0x25 (size before relaxing)
 *(.gnu.linkonce.t.*)
                0x0000000000002b1c                . = ALIGN (0x4)

.rela.dyn       0x0000000000002b1c        0x0
 .rela.init     0x0000000000002b1c        0x0 ./User/ch32v30x_it.o
 .rela.vector   0x0000000000002b1c        0x0 ./User/ch32v30x_it.o
 .rela.text.handle_reset
                0x0000000000002b1c        0x0 ./User/ch32v30x_it.o
 .rela.text._sbrk
                0x0000000000002b1c        0x0 ./User/ch32v30x_it.o
 .rela.sdata.curbrk.5264
                0x0000000000002b1c        0x0 ./User/ch32v30x_it.o
 .rela.text._sbrk_r
                0x0000000000002b1c        0x0 ./User/ch32v30x_it.o
 .rela.text._write_r
                0x0000000000002b1c        0x0 ./User/ch32v30x_it.o
 .rela.text._close_r
                0x0000000000002b1c        0x0 ./User/ch32v30x_it.o
 .rela.text._lseek_r
                0x0000000000002b1c        0x0 ./User/ch32v30x_it.o
 .rela.text._svfprintf_r
                0x0000000000002b1c        0x0 ./User/ch32v30x_it.o
 .rela.text._vfprintf_r
                0x0000000000002b1c        0x0 ./User/ch32v30x_it.o
 .rela.text._read_r
                0x0000000000002b1c        0x0 ./User/ch32v30x_it.o
 .rela.text._fstat_r
                0x0000000000002b1c        0x0 ./User/ch32v30x_it.o
 .rela.text._isatty_r
                0x0000000000002b1c        0x0 ./User/ch32v30x_it.o
 .rela.text._close
                0x0000000000002b1c        0x0 ./User/ch32v30x_it.o
 .rela.text._fstat
                0x0000000000002b1c        0x0 ./User/ch32v30x_it.o
 .rela.text._isatty
                0x0000000000002b1c        0x0 ./User/ch32v30x_it.o
 .rela.text._lseek
                0x0000000000002b1c        0x0 ./User/ch32v30x_it.o
 .rela.text._read
                0x0000000000002b1c        0x0 ./User/ch32v30x_it.o

.fini           0x0000000000002b1c        0x0
 *(SORT_NONE(.fini))
                0x0000000000002b1c                . = ALIGN (0x4)
                [!provide]                        PROVIDE (_etext = .)
                [!provide]                        PROVIDE (_eitcm = .)

.preinit_array  0x0000000000002b1c        0x0
                [!provide]                        PROVIDE (__preinit_array_start = .)
 *(.preinit_array)
                [!provide]                        PROVIDE (__preinit_array_end = .)

.init_array     0x0000000000002b1c        0x0
                [!provide]                        PROVIDE (__init_array_start = .)
 *(SORT_BY_INIT_PRIORITY(.init_array.*) SORT_BY_INIT_PRIORITY(.ctors.*))
 *(.init_array EXCLUDE_FILE(*crtend?.o *crtend.o *crtbegin?.o *crtbegin.o) .ctors)
                [!provide]                        PROVIDE (__init_array_end = .)

.fini_array     0x0000000000002b1c        0x0
                [!provide]                        PROVIDE (__fini_array_start = .)
 *(SORT_BY_INIT_PRIORITY(.fini_array.*) SORT_BY_INIT_PRIORITY(.dtors.*))
 *(.fini_array EXCLUDE_FILE(*crtend?.o *crtend.o *crtbegin?.o *crtbegin.o) .dtors)
                [!provide]                        PROVIDE (__fini_array_end = .)

.ctors
 *crtbegin.o(.ctors)
 *crtbegin?.o(.ctors)
 *(EXCLUDE_FILE(*crtend?.o *crtend.o) .ctors)
 *(SORT_BY_NAME(.ctors.*))
 *(.ctors)

.dtors
 *crtbegin.o(.dtors)
 *crtbegin?.o(.dtors)
 *(EXCLUDE_FILE(*crtend?.o *crtend.o) .dtors)
 *(SORT_BY_NAME(.dtors.*))
 *(.dtors)

.dalign         0x0000000020000000        0x0 load address 0x0000000000002b1c
                0x0000000020000000                . = ALIGN (0x4)
                0x0000000020000000                PROVIDE (_data_vma = .)

.dlalign        0x0000000000002b1c        0x0
                0x0000000000002b1c                . = ALIGN (0x4)
                0x0000000000002b1c                PROVIDE (_data_lma = .)

.data           0x0000000020000000       0xb8 load address 0x0000000000002b1c
 *(.gnu.linkonce.r.*)
 *(.data .data.*)
 .data.AHBPrescTable
                0x0000000020000000       0x10 ./User/system_ch32v30x.o
                0x0000000020000000                AHBPrescTable
 .data.APBAHBPrescTable
                0x0000000020000010       0x10 ./Peripheral/src/ch32v30x_rcc.o
 .data.WIFI     0x0000000020000020       0x1e ./Hardware/esp8266.o
                0x0000000020000020                WIFI
 *fill*         0x000000002000003e        0x2 
 .data.impure_data
                0x0000000020000040       0x60 e:/mouriverstudio/program/mounriver/mounriver_studio/toolchain/risc-v embedded gcc/bin/../lib/gcc/riscv-none-embed/8.2.0/../../../../riscv-none-embed/lib/rv32imacxw/ilp32\libg_nano.a(lib_a-impure.o)
 *(.gnu.linkonce.d.*)
                0x00000000200000a0                . = ALIGN (0x8)
                0x00000000200008a0                PROVIDE (__global_pointer$ = (. + 0x800))
 *(.sdata .sdata.*)
 .sdata.SystemCoreClock
                0x00000000200000a0        0x4 ./User/system_ch32v30x.o
                0x00000000200000a0                SystemCoreClock
 .sdata.ADCPrescTable
                0x00000000200000a4        0x4 ./Peripheral/src/ch32v30x_rcc.o
 .sdata.TxBuffer
                0x00000000200000a8        0x2 ./Hardware/esp8266.o
                0x00000000200000a8                TxBuffer
 *fill*         0x00000000200000aa        0x2 
 .sdata.curbrk.5264
                0x00000000200000ac        0x4 ./Debug/debug.o
 .sdata._impure_ptr
                0x00000000200000b0        0x4 e:/mouriverstudio/program/mounriver/mounriver_studio/toolchain/risc-v embedded gcc/bin/../lib/gcc/riscv-none-embed/8.2.0/../../../../riscv-none-embed/lib/rv32imacxw/ilp32\libg_nano.a(lib_a-impure.o)
                0x00000000200000b0                _impure_ptr
 *(.sdata2.*)
 .sdata2._global_impure_ptr
                0x00000000200000b4        0x4 e:/mouriverstudio/program/mounriver/mounriver_studio/toolchain/risc-v embedded gcc/bin/../lib/gcc/riscv-none-embed/8.2.0/../../../../riscv-none-embed/lib/rv32imacxw/ilp32\libg_nano.a(lib_a-impure.o)
                0x00000000200000b4                _global_impure_ptr
 *(.gnu.linkonce.s.*)
                0x00000000200000b8                . = ALIGN (0x8)
 *(.srodata.cst16)
 *(.srodata.cst8)
 *(.srodata.cst4)
 *(.srodata.cst2)
 *(.srodata .srodata.*)
                0x00000000200000b8                . = ALIGN (0x4)
                0x00000000200000b8                PROVIDE (_edata = .)

.bss            0x00000000200000b8      0x418 load address 0x0000000000002bd4
                0x00000000200000b8                . = ALIGN (0x4)
                0x00000000200000b8                PROVIDE (_sbss = .)
 *(.sbss*)
 .sbss.NVIC_Priority_Group
                0x00000000200000b8        0x4 ./Peripheral/src/ch32v30x_misc.o
                0x00000000200000b8                NVIC_Priority_Group
 .sbss.rxBufferReadPos
                0x00000000200000bc        0x2 ./Hardware/esp8266.o
                0x00000000200000bc                rxBufferReadPos
 .sbss.p_ms     0x00000000200000be        0x2 ./Debug/debug.o
 .sbss.p_us     0x00000000200000c0        0x1 ./Debug/debug.o
 *fill*         0x00000000200000c1        0x3 
 .sbss.__malloc_free_list
                0x00000000200000c4        0x4 e:/mouriverstudio/program/mounriver/mounriver_studio/toolchain/risc-v embedded gcc/bin/../lib/gcc/riscv-none-embed/8.2.0/../../../../riscv-none-embed/lib/rv32imacxw/ilp32\libg_nano.a(lib_a-nano-mallocr.o)
                0x00000000200000c4                __malloc_free_list
 .sbss.__malloc_sbrk_start
                0x00000000200000c8        0x4 e:/mouriverstudio/program/mounriver/mounriver_studio/toolchain/risc-v embedded gcc/bin/../lib/gcc/riscv-none-embed/8.2.0/../../../../riscv-none-embed/lib/rv32imacxw/ilp32\libg_nano.a(lib_a-nano-mallocr.o)
                0x00000000200000c8                __malloc_sbrk_start
 *(.gnu.linkonce.sb.*)
 *(.bss*)
 .bss.RxBuffer  0x00000000200000cc      0x400 ./Hardware/esp8266.o
                0x00000000200000cc                RxBuffer
 *(.gnu.linkonce.b.*)
 *(COMMON*)
 COMMON         0x00000000200004cc        0x4 e:/mouriverstudio/program/mounriver/mounriver_studio/toolchain/risc-v embedded gcc/bin/../lib/gcc/riscv-none-embed/8.2.0/../../../../riscv-none-embed/lib/rv32imacxw/ilp32\libg_nano.a(lib_a-reent.o)
                0x00000000200004cc                errno
                0x00000000200004d0                . = ALIGN (0x4)
                0x00000000200004d0                PROVIDE (_ebss = .)
                0x00000000200004d0                PROVIDE (_end = _ebss)
                [!provide]                        PROVIDE (end = .)

.stack          0x0000000020007800      0x800
                0x0000000020007800                PROVIDE (_heap_end = .)
                0x0000000020007800                . = ALIGN (0x4)
                [!provide]                        PROVIDE (_susrstack = .)
                0x0000000020008000                . = (. + __stack_size)
 *fill*         0x0000000020007800      0x800 
                0x0000000020008000                PROVIDE (_eusrstack = .)
OUTPUT(esp8266.elf elf32-littleriscv)

.debug_info     0x0000000000000000     0xa65a
 .debug_info    0x0000000000000000      0x962 ./User/ch32v30x_it.o
 .debug_info    0x0000000000000962      0xa76 ./User/main.o
 .debug_info    0x00000000000013d8      0xb31 ./User/system_ch32v30x.o
 .debug_info    0x0000000000001f09       0x22 ./Startup/startup_ch32v30x_D8C.o
 .debug_info    0x0000000000001f2b      0xa94 ./Peripheral/src/ch32v30x_dbgmcu.o
 .debug_info    0x00000000000029bf      0xd16 ./Peripheral/src/ch32v30x_dma.o
 .debug_info    0x00000000000036d5     0x11b0 ./Peripheral/src/ch32v30x_gpio.o
 .debug_info    0x0000000000004885      0xf60 ./Peripheral/src/ch32v30x_misc.o
 .debug_info    0x00000000000057e5     0x156e ./Peripheral/src/ch32v30x_rcc.o
 .debug_info    0x0000000000006d53     0x13b1 ./Peripheral/src/ch32v30x_usart.o
 .debug_info    0x0000000000008104     0x1603 ./Hardware/esp8266.o
 .debug_info    0x0000000000009707      0xf53 ./Debug/debug.o

.debug_abbrev   0x0000000000000000     0x1f5b
 .debug_abbrev  0x0000000000000000      0x1cf ./User/ch32v30x_it.o
 .debug_abbrev  0x00000000000001cf      0x21b ./User/main.o
 .debug_abbrev  0x00000000000003ea      0x28b ./User/system_ch32v30x.o
 .debug_abbrev  0x0000000000000675       0x12 ./Startup/startup_ch32v30x_D8C.o
 .debug_abbrev  0x0000000000000687      0x2f7 ./Peripheral/src/ch32v30x_dbgmcu.o
 .debug_abbrev  0x000000000000097e      0x2fd ./Peripheral/src/ch32v30x_dma.o
 .debug_abbrev  0x0000000000000c7b      0x31a ./Peripheral/src/ch32v30x_gpio.o
 .debug_abbrev  0x0000000000000f95      0x2e3 ./Peripheral/src/ch32v30x_misc.o
 .debug_abbrev  0x0000000000001278      0x351 ./Peripheral/src/ch32v30x_rcc.o
 .debug_abbrev  0x00000000000015c9      0x312 ./Peripheral/src/ch32v30x_usart.o
 .debug_abbrev  0x00000000000018db      0x38b ./Hardware/esp8266.o
 .debug_abbrev  0x0000000000001c66      0x2f5 ./Debug/debug.o

.debug_aranges  0x0000000000000000      0x578
 .debug_aranges
                0x0000000000000000       0x28 ./User/ch32v30x_it.o
 .debug_aranges
                0x0000000000000028       0x20 ./User/main.o
 .debug_aranges
                0x0000000000000048       0x28 ./User/system_ch32v30x.o
 .debug_aranges
                0x0000000000000070       0x30 ./Startup/startup_ch32v30x_D8C.o
 .debug_aranges
                0x00000000000000a0       0x48 ./Peripheral/src/ch32v30x_dbgmcu.o
 .debug_aranges
                0x00000000000000e8       0x60 ./Peripheral/src/ch32v30x_dma.o
 .debug_aranges
                0x0000000000000148       0xb0 ./Peripheral/src/ch32v30x_gpio.o
 .debug_aranges
                0x00000000000001f8       0x28 ./Peripheral/src/ch32v30x_misc.o
 .debug_aranges
                0x0000000000000220      0x1a8 ./Peripheral/src/ch32v30x_rcc.o
 .debug_aranges
                0x00000000000003c8       0xf0 ./Peripheral/src/ch32v30x_usart.o
 .debug_aranges
                0x00000000000004b8       0x70 ./Hardware/esp8266.o
 .debug_aranges
                0x0000000000000528       0x50 ./Debug/debug.o

.debug_ranges   0x0000000000000000      0x508
 .debug_ranges  0x0000000000000000       0x18 ./User/ch32v30x_it.o
 .debug_ranges  0x0000000000000018       0x10 ./User/main.o
 .debug_ranges  0x0000000000000028       0x18 ./User/system_ch32v30x.o
 .debug_ranges  0x0000000000000040       0x28 ./Startup/startup_ch32v30x_D8C.o
 .debug_ranges  0x0000000000000068       0x50 ./Peripheral/src/ch32v30x_dbgmcu.o
 .debug_ranges  0x00000000000000b8       0x50 ./Peripheral/src/ch32v30x_dma.o
 .debug_ranges  0x0000000000000108       0xa0 ./Peripheral/src/ch32v30x_gpio.o
 .debug_ranges  0x00000000000001a8       0x48 ./Peripheral/src/ch32v30x_misc.o
 .debug_ranges  0x00000000000001f0      0x198 ./Peripheral/src/ch32v30x_rcc.o
 .debug_ranges  0x0000000000000388       0xe0 ./Peripheral/src/ch32v30x_usart.o
 .debug_ranges  0x0000000000000468       0x60 ./Hardware/esp8266.o
 .debug_ranges  0x00000000000004c8       0x40 ./Debug/debug.o

.debug_line     0x0000000000000000     0x6fa7
 .debug_line    0x0000000000000000      0x282 ./User/ch32v30x_it.o
 .debug_line    0x0000000000000282      0x40e ./User/main.o
 .debug_line    0x0000000000000690      0x801 ./User/system_ch32v30x.o
 .debug_line    0x0000000000000e91      0x122 ./Startup/startup_ch32v30x_D8C.o
 .debug_line    0x0000000000000fb3      0x3c6 ./Peripheral/src/ch32v30x_dbgmcu.o
 .debug_line    0x0000000000001379      0xa1a ./Peripheral/src/ch32v30x_dma.o
 .debug_line    0x0000000000001d93     0x1027 ./Peripheral/src/ch32v30x_gpio.o
 .debug_line    0x0000000000002dba      0x417 ./Peripheral/src/ch32v30x_misc.o
 .debug_line    0x00000000000031d1     0x19d2 ./Peripheral/src/ch32v30x_rcc.o
 .debug_line    0x0000000000004ba3      0xf3f ./Peripheral/src/ch32v30x_usart.o
 .debug_line    0x0000000000005ae2      0xd41 ./Hardware/esp8266.o
 .debug_line    0x0000000000006823      0x784 ./Debug/debug.o

.debug_str      0x0000000000000000     0x2041
 .debug_str     0x0000000000000000      0x553 ./User/ch32v30x_it.o
                                        0x5b4 (size before relaxing)
 .debug_str     0x0000000000000553       0x9e ./User/main.o
                                        0x62a (size before relaxing)
 .debug_str     0x00000000000005f1       0xf0 ./User/system_ch32v30x.o
                                        0x6a1 (size before relaxing)
 .debug_str     0x00000000000006e1       0x61 ./Startup/startup_ch32v30x_D8C.o
 .debug_str     0x0000000000000742       0xa6 ./Peripheral/src/ch32v30x_dbgmcu.o
                                        0x644 (size before relaxing)
 .debug_str     0x00000000000007e8      0x226 ./Peripheral/src/ch32v30x_dma.o
                                        0x7f1 (size before relaxing)
 .debug_str     0x0000000000000a0e      0x3cf ./Peripheral/src/ch32v30x_gpio.o
                                        0x9ae (size before relaxing)
 .debug_str     0x0000000000000ddd      0x6d9 ./Peripheral/src/ch32v30x_misc.o
                                        0xcb7 (size before relaxing)
 .debug_str     0x00000000000014b6      0x5db ./Peripheral/src/ch32v30x_rcc.o
                                        0xcc8 (size before relaxing)
 .debug_str     0x0000000000001a91      0x3fb ./Peripheral/src/ch32v30x_usart.o
                                        0xae8 (size before relaxing)
 .debug_str     0x0000000000001e8c      0x138 ./Hardware/esp8266.o
                                        0xb06 (size before relaxing)
 .debug_str     0x0000000000001fc4       0x7d ./Debug/debug.o
                                        0x926 (size before relaxing)

.comment        0x0000000000000000       0x33
 .comment       0x0000000000000000       0x33 ./User/ch32v30x_it.o
                                         0x34 (size before relaxing)
 .comment       0x0000000000000033       0x34 ./User/main.o
 .comment       0x0000000000000033       0x34 ./User/system_ch32v30x.o
 .comment       0x0000000000000033       0x34 ./Peripheral/src/ch32v30x_dbgmcu.o
 .comment       0x0000000000000033       0x34 ./Peripheral/src/ch32v30x_dma.o
 .comment       0x0000000000000033       0x34 ./Peripheral/src/ch32v30x_gpio.o
 .comment       0x0000000000000033       0x34 ./Peripheral/src/ch32v30x_misc.o
 .comment       0x0000000000000033       0x34 ./Peripheral/src/ch32v30x_rcc.o
 .comment       0x0000000000000033       0x34 ./Peripheral/src/ch32v30x_usart.o
 .comment       0x0000000000000033       0x34 ./Hardware/esp8266.o
 .comment       0x0000000000000033       0x34 ./Debug/debug.o

.debug_frame    0x0000000000000000     0x15b8
 .debug_frame   0x0000000000000000       0x30 ./User/ch32v30x_it.o
 .debug_frame   0x0000000000000030       0x28 ./User/main.o
 .debug_frame   0x0000000000000058       0x30 ./User/system_ch32v30x.o
 .debug_frame   0x0000000000000088       0x70 ./Peripheral/src/ch32v30x_dbgmcu.o
 .debug_frame   0x00000000000000f8       0xd8 ./Peripheral/src/ch32v30x_dma.o
 .debug_frame   0x00000000000001d0      0x174 ./Peripheral/src/ch32v30x_gpio.o
 .debug_frame   0x0000000000000344       0x30 ./Peripheral/src/ch32v30x_misc.o
 .debug_frame   0x0000000000000374      0x344 ./Peripheral/src/ch32v30x_rcc.o
 .debug_frame   0x00000000000006b8      0x1e4 ./Peripheral/src/ch32v30x_usart.o
 .debug_frame   0x000000000000089c      0x188 ./Hardware/esp8266.o
 .debug_frame   0x0000000000000a24       0xb8 ./Debug/debug.o
 .debug_frame   0x0000000000000adc       0x20 e:/mouriverstudio/program/mounriver/mounriver_studio/toolchain/risc-v embedded gcc/bin/../lib/gcc/riscv-none-embed/8.2.0/../../../../riscv-none-embed/lib/rv32imacxw/ilp32\libg_nano.a(lib_a-memcpy.o)
 .debug_frame   0x0000000000000afc       0x40 e:/mouriverstudio/program/mounriver/mounriver_studio/toolchain/risc-v embedded gcc/bin/../lib/gcc/riscv-none-embed/8.2.0/../../../../riscv-none-embed/lib/rv32imacxw/ilp32\libg_nano.a(lib_a-nano-freer.o)
 .debug_frame   0x0000000000000b3c       0x40 e:/mouriverstudio/program/mounriver/mounriver_studio/toolchain/risc-v embedded gcc/bin/../lib/gcc/riscv-none-embed/8.2.0/../../../../riscv-none-embed/lib/rv32imacxw/ilp32\libg_nano.a(lib_a-nano-mallocr.o)
 .debug_frame   0x0000000000000b7c       0x54 e:/mouriverstudio/program/mounriver/mounriver_studio/toolchain/risc-v embedded gcc/bin/../lib/gcc/riscv-none-embed/8.2.0/../../../../riscv-none-embed/lib/rv32imacxw/ilp32\libg_nano.a(lib_a-printf.o)
 .debug_frame   0x0000000000000bd0       0x54 e:/mouriverstudio/program/mounriver/mounriver_studio/toolchain/risc-v embedded gcc/bin/../lib/gcc/riscv-none-embed/8.2.0/../../../../riscv-none-embed/lib/rv32imacxw/ilp32\libg_nano.a(lib_a-puts.o)
 .debug_frame   0x0000000000000c24       0x30 e:/mouriverstudio/program/mounriver/mounriver_studio/toolchain/risc-v embedded gcc/bin/../lib/gcc/riscv-none-embed/8.2.0/../../../../riscv-none-embed/lib/rv32imacxw/ilp32\libg_nano.a(lib_a-sbrkr.o)
 .debug_frame   0x0000000000000c54       0x48 e:/mouriverstudio/program/mounriver/mounriver_studio/toolchain/risc-v embedded gcc/bin/../lib/gcc/riscv-none-embed/8.2.0/../../../../riscv-none-embed/lib/rv32imacxw/ilp32\libg_nano.a(lib_a-sprintf.o)
 .debug_frame   0x0000000000000c9c       0xa4 e:/mouriverstudio/program/mounriver/mounriver_studio/toolchain/risc-v embedded gcc/bin/../lib/gcc/riscv-none-embed/8.2.0/../../../../riscv-none-embed/lib/rv32imacxw/ilp32\libg_nano.a(lib_a-stdio.o)
 .debug_frame   0x0000000000000d40       0x50 e:/mouriverstudio/program/mounriver/mounriver_studio/toolchain/risc-v embedded gcc/bin/../lib/gcc/riscv-none-embed/8.2.0/../../../../riscv-none-embed/lib/rv32imacxw/ilp32\libg_nano.a(lib_a-wbuf.o)
 .debug_frame   0x0000000000000d90       0x30 e:/mouriverstudio/program/mounriver/mounriver_studio/toolchain/risc-v embedded gcc/bin/../lib/gcc/riscv-none-embed/8.2.0/../../../../riscv-none-embed/lib/rv32imacxw/ilp32\libg_nano.a(lib_a-writer.o)
 .debug_frame   0x0000000000000dc0       0x3c e:/mouriverstudio/program/mounriver/mounriver_studio/toolchain/risc-v embedded gcc/bin/../lib/gcc/riscv-none-embed/8.2.0/../../../../riscv-none-embed/lib/rv32imacxw/ilp32\libg_nano.a(lib_a-wsetup.o)
 .debug_frame   0x0000000000000dfc       0x30 e:/mouriverstudio/program/mounriver/mounriver_studio/toolchain/risc-v embedded gcc/bin/../lib/gcc/riscv-none-embed/8.2.0/../../../../riscv-none-embed/lib/rv32imacxw/ilp32\libg_nano.a(lib_a-closer.o)
 .debug_frame   0x0000000000000e2c       0x7c e:/mouriverstudio/program/mounriver/mounriver_studio/toolchain/risc-v embedded gcc/bin/../lib/gcc/riscv-none-embed/8.2.0/../../../../riscv-none-embed/lib/rv32imacxw/ilp32\libg_nano.a(lib_a-fflush.o)
 .debug_frame   0x0000000000000ea8      0x148 e:/mouriverstudio/program/mounriver/mounriver_studio/toolchain/risc-v embedded gcc/bin/../lib/gcc/riscv-none-embed/8.2.0/../../../../riscv-none-embed/lib/rv32imacxw/ilp32\libg_nano.a(lib_a-findfp.o)
 .debug_frame   0x0000000000000ff0       0x88 e:/mouriverstudio/program/mounriver/mounriver_studio/toolchain/risc-v embedded gcc/bin/../lib/gcc/riscv-none-embed/8.2.0/../../../../riscv-none-embed/lib/rv32imacxw/ilp32\libg_nano.a(lib_a-fwalk.o)
 .debug_frame   0x0000000000001078       0x30 e:/mouriverstudio/program/mounriver/mounriver_studio/toolchain/risc-v embedded gcc/bin/../lib/gcc/riscv-none-embed/8.2.0/../../../../riscv-none-embed/lib/rv32imacxw/ilp32\libg_nano.a(lib_a-lseekr.o)
 .debug_frame   0x00000000000010a8       0x64 e:/mouriverstudio/program/mounriver/mounriver_studio/toolchain/risc-v embedded gcc/bin/../lib/gcc/riscv-none-embed/8.2.0/../../../../riscv-none-embed/lib/rv32imacxw/ilp32\libg_nano.a(lib_a-makebuf.o)
 .debug_frame   0x000000000000110c       0x30 e:/mouriverstudio/program/mounriver/mounriver_studio/toolchain/risc-v embedded gcc/bin/../lib/gcc/riscv-none-embed/8.2.0/../../../../riscv-none-embed/lib/rv32imacxw/ilp32\libg_nano.a(lib_a-mlock.o)
 .debug_frame   0x000000000000113c       0x40 e:/mouriverstudio/program/mounriver/mounriver_studio/toolchain/risc-v embedded gcc/bin/../lib/gcc/riscv-none-embed/8.2.0/../../../../riscv-none-embed/lib/rv32imacxw/ilp32\libg_nano.a(lib_a-nano-reallocr.o)
 .debug_frame   0x000000000000117c       0xe0 e:/mouriverstudio/program/mounriver/mounriver_studio/toolchain/risc-v embedded gcc/bin/../lib/gcc/riscv-none-embed/8.2.0/../../../../riscv-none-embed/lib/rv32imacxw/ilp32\libg_nano.a(lib_a-nano-svfprintf.o)
 .debug_frame   0x000000000000125c       0xd0 e:/mouriverstudio/program/mounriver/mounriver_studio/toolchain/risc-v embedded gcc/bin/../lib/gcc/riscv-none-embed/8.2.0/../../../../riscv-none-embed/lib/rv32imacxw/ilp32\libg_nano.a(lib_a-nano-vfprintf.o)
 .debug_frame   0x000000000000132c       0x8c e:/mouriverstudio/program/mounriver/mounriver_studio/toolchain/risc-v embedded gcc/bin/../lib/gcc/riscv-none-embed/8.2.0/../../../../riscv-none-embed/lib/rv32imacxw/ilp32\libg_nano.a(lib_a-nano-vfprintf_i.o)
 .debug_frame   0x00000000000013b8       0x30 e:/mouriverstudio/program/mounriver/mounriver_studio/toolchain/risc-v embedded gcc/bin/../lib/gcc/riscv-none-embed/8.2.0/../../../../riscv-none-embed/lib/rv32imacxw/ilp32\libg_nano.a(lib_a-readr.o)
 .debug_frame   0x00000000000013e8       0x70 e:/mouriverstudio/program/mounriver/mounriver_studio/toolchain/risc-v embedded gcc/bin/../lib/gcc/riscv-none-embed/8.2.0/../../../../riscv-none-embed/lib/rv32imacxw/ilp32\libg_nano.a(lib_a-reent.o)
 .debug_frame   0x0000000000001458       0x30 e:/mouriverstudio/program/mounriver/mounriver_studio/toolchain/risc-v embedded gcc/bin/../lib/gcc/riscv-none-embed/8.2.0/../../../../riscv-none-embed/lib/rv32imacxw/ilp32\libg_nano.a(lib_a-fstatr.o)
 .debug_frame   0x0000000000001488       0x30 e:/mouriverstudio/program/mounriver/mounriver_studio/toolchain/risc-v embedded gcc/bin/../lib/gcc/riscv-none-embed/8.2.0/../../../../riscv-none-embed/lib/rv32imacxw/ilp32\libg_nano.a(lib_a-isattyr.o)
 .debug_frame   0x00000000000014b8       0x20 e:/mouriverstudio/program/mounriver/mounriver_studio/toolchain/risc-v embedded gcc/bin/../lib/gcc/riscv-none-embed/8.2.0/../../../../riscv-none-embed/lib/rv32imacxw/ilp32\libg_nano.a(lib_a-memchr.o)
 .debug_frame   0x00000000000014d8       0x20 e:/mouriverstudio/program/mounriver/mounriver_studio/toolchain/risc-v embedded gcc/bin/../lib/gcc/riscv-none-embed/8.2.0/../../../../riscv-none-embed/lib/rv32imacxw/ilp32\libg_nano.a(lib_a-memmove.o)
 .debug_frame   0x00000000000014f8       0x20 e:/mouriverstudio/program/mounriver/mounriver_studio/toolchain/risc-v embedded gcc/bin/../lib/gcc/riscv-none-embed/8.2.0/../../../../riscv-none-embed/lib/rv32imacxw/ilp32\libg_nano.a(lib_a-nano-msizer.o)
 .debug_frame   0x0000000000001518       0x20 e:/mouriverstudio/program/mounriver/mounriver_studio/toolchain/risc-v embedded gcc/bin/../lib/gcc/riscv-none-embed/8.2.0/../../../../riscv-none-embed/lib/rv32imacxw/ilp32\libnosys.a(close.o)
 .debug_frame   0x0000000000001538       0x20 e:/mouriverstudio/program/mounriver/mounriver_studio/toolchain/risc-v embedded gcc/bin/../lib/gcc/riscv-none-embed/8.2.0/../../../../riscv-none-embed/lib/rv32imacxw/ilp32\libnosys.a(fstat.o)
 .debug_frame   0x0000000000001558       0x20 e:/mouriverstudio/program/mounriver/mounriver_studio/toolchain/risc-v embedded gcc/bin/../lib/gcc/riscv-none-embed/8.2.0/../../../../riscv-none-embed/lib/rv32imacxw/ilp32\libnosys.a(isatty.o)
 .debug_frame   0x0000000000001578       0x20 e:/mouriverstudio/program/mounriver/mounriver_studio/toolchain/risc-v embedded gcc/bin/../lib/gcc/riscv-none-embed/8.2.0/../../../../riscv-none-embed/lib/rv32imacxw/ilp32\libnosys.a(lseek.o)
 .debug_frame   0x0000000000001598       0x20 e:/mouriverstudio/program/mounriver/mounriver_studio/toolchain/risc-v embedded gcc/bin/../lib/gcc/riscv-none-embed/8.2.0/../../../../riscv-none-embed/lib/rv32imacxw/ilp32\libnosys.a(read.o)

.debug_loc      0x0000000000000000     0x20d8
 .debug_loc     0x0000000000000000      0x163 ./User/system_ch32v30x.o
 .debug_loc     0x0000000000000163       0x7c ./Peripheral/src/ch32v30x_dbgmcu.o
 .debug_loc     0x00000000000001df      0x19a ./Peripheral/src/ch32v30x_dma.o
 .debug_loc     0x0000000000000379      0x6d6 ./Peripheral/src/ch32v30x_gpio.o
 .debug_loc     0x0000000000000a4f       0x47 ./Peripheral/src/ch32v30x_misc.o
 .debug_loc     0x0000000000000a96      0xadb ./Peripheral/src/ch32v30x_rcc.o
 .debug_loc     0x0000000000001571      0x779 ./Peripheral/src/ch32v30x_usart.o
 .debug_loc     0x0000000000001cea      0x277 ./Hardware/esp8266.o
 .debug_loc     0x0000000000001f61      0x177 ./Debug/debug.o

.stab           0x0000000000000000       0x84
 .stab          0x0000000000000000       0x24 e:/mouriverstudio/program/mounriver/mounriver_studio/toolchain/risc-v embedded gcc/bin/../lib/gcc/riscv-none-embed/8.2.0/../../../../riscv-none-embed/lib/rv32imacxw/ilp32\libnosys.a(close.o)
 .stab          0x0000000000000024       0x18 e:/mouriverstudio/program/mounriver/mounriver_studio/toolchain/risc-v embedded gcc/bin/../lib/gcc/riscv-none-embed/8.2.0/../../../../riscv-none-embed/lib/rv32imacxw/ilp32\libnosys.a(fstat.o)
                                         0x24 (size before relaxing)
 .stab          0x000000000000003c       0x18 e:/mouriverstudio/program/mounriver/mounriver_studio/toolchain/risc-v embedded gcc/bin/../lib/gcc/riscv-none-embed/8.2.0/../../../../riscv-none-embed/lib/rv32imacxw/ilp32\libnosys.a(isatty.o)
                                         0x24 (size before relaxing)
 .stab          0x0000000000000054       0x18 e:/mouriverstudio/program/mounriver/mounriver_studio/toolchain/risc-v embedded gcc/bin/../lib/gcc/riscv-none-embed/8.2.0/../../../../riscv-none-embed/lib/rv32imacxw/ilp32\libnosys.a(lseek.o)
                                         0x24 (size before relaxing)
 .stab          0x000000000000006c       0x18 e:/mouriverstudio/program/mounriver/mounriver_studio/toolchain/risc-v embedded gcc/bin/../lib/gcc/riscv-none-embed/8.2.0/../../../../riscv-none-embed/lib/rv32imacxw/ilp32\libnosys.a(read.o)
                                         0x24 (size before relaxing)

.stabstr        0x0000000000000000      0x117
 .stabstr       0x0000000000000000      0x117 e:/mouriverstudio/program/mounriver/mounriver_studio/toolchain/risc-v embedded gcc/bin/../lib/gcc/riscv-none-embed/8.2.0/../../../../riscv-none-embed/lib/rv32imacxw/ilp32\libnosys.a(close.o)
