Archive member included to satisfy reference by file (symbol)

e:/mouriverstudio/program/mounriver/mounriver_studio/toolchain/risc-v embedded gcc/bin/../lib/gcc/riscv-none-embed/8.2.0/rv32imacxw/ilp32\libgcc.a(eqdf2.o)
                              ./Hardware/cJSON.o (__eqdf2)
e:/mouriverstudio/program/mounriver/mounriver_studio/toolchain/risc-v embedded gcc/bin/../lib/gcc/riscv-none-embed/8.2.0/rv32imacxw/ilp32\libgcc.a(gedf2.o)
                              ./Hardware/cJSON.o (__gedf2)
e:/mouriverstudio/program/mounriver/mounriver_studio/toolchain/risc-v embedded gcc/bin/../lib/gcc/riscv-none-embed/8.2.0/rv32imacxw/ilp32\libgcc.a(ledf2.o)
                              ./Hardware/cJSON.o (__ledf2)
e:/mouriverstudio/program/mounriver/mounriver_studio/toolchain/risc-v embedded gcc/bin/../lib/gcc/riscv-none-embed/8.2.0/rv32imacxw/ilp32\libgcc.a(muldf3.o)
                              ./Hardware/cJSON.o (__muldf3)
e:/mouriverstudio/program/mounriver/mounriver_studio/toolchain/risc-v embedded gcc/bin/../lib/gcc/riscv-none-embed/8.2.0/rv32imacxw/ilp32\libgcc.a(subdf3.o)
                              ./Hardware/cJSON.o (__subdf3)
e:/mouriverstudio/program/mounriver/mounriver_studio/toolchain/risc-v embedded gcc/bin/../lib/gcc/riscv-none-embed/8.2.0/rv32imacxw/ilp32\libgcc.a(unorddf2.o)
                              ./Hardware/cJSON.o (__unorddf2)
e:/mouriverstudio/program/mounriver/mounriver_studio/toolchain/risc-v embedded gcc/bin/../lib/gcc/riscv-none-embed/8.2.0/rv32imacxw/ilp32\libgcc.a(fixdfsi.o)
                              ./Hardware/cJSON.o (__fixdfsi)
e:/mouriverstudio/program/mounriver/mounriver_studio/toolchain/risc-v embedded gcc/bin/../lib/gcc/riscv-none-embed/8.2.0/rv32imacxw/ilp32\libgcc.a(floatsidf.o)
                              ./Hardware/cJSON.o (__floatsidf)
e:/mouriverstudio/program/mounriver/mounriver_studio/toolchain/risc-v embedded gcc/bin/../lib/gcc/riscv-none-embed/8.2.0/rv32imacxw/ilp32\libgcc.a(extendsfdf2.o)
                              ./Hardware/cJSON.o (__extendsfdf2)
e:/mouriverstudio/program/mounriver/mounriver_studio/toolchain/risc-v embedded gcc/bin/../lib/gcc/riscv-none-embed/8.2.0/rv32imacxw/ilp32\libgcc.a(save-restore.o)
                              ./Hardware/cJSON.o (__riscv_save_12)
e:/mouriverstudio/program/mounriver/mounriver_studio/toolchain/risc-v embedded gcc/bin/../lib/gcc/riscv-none-embed/8.2.0/rv32imacxw/ilp32\libgcc.a(_clzsi2.o)
                              e:/mouriverstudio/program/mounriver/mounriver_studio/toolchain/risc-v embedded gcc/bin/../lib/gcc/riscv-none-embed/8.2.0/rv32imacxw/ilp32\libgcc.a(muldf3.o) (__clzsi2)
e:/mouriverstudio/program/mounriver/mounriver_studio/toolchain/risc-v embedded gcc/bin/../lib/gcc/riscv-none-embed/8.2.0/rv32imacxw/ilp32\libgcc.a(_clz.o)
                              e:/mouriverstudio/program/mounriver/mounriver_studio/toolchain/risc-v embedded gcc/bin/../lib/gcc/riscv-none-embed/8.2.0/rv32imacxw/ilp32\libgcc.a(_clzsi2.o) (__clz_tab)
e:/mouriverstudio/program/mounriver/mounriver_studio/toolchain/risc-v embedded gcc/bin/../lib/gcc/riscv-none-embed/8.2.0/../../../../riscv-none-embed/lib/rv32imacxw/ilp32\libg_nano.a(lib_a-locale.o)
                              ./Hardware/cJSON.o (__locale_ctype_ptr)
e:/mouriverstudio/program/mounriver/mounriver_studio/toolchain/risc-v embedded gcc/bin/../lib/gcc/riscv-none-embed/8.2.0/../../../../riscv-none-embed/lib/rv32imacxw/ilp32\libg_nano.a(lib_a-malloc.o)
                              ./Hardware/cJSON.o (malloc)
e:/mouriverstudio/program/mounriver/mounriver_studio/toolchain/risc-v embedded gcc/bin/../lib/gcc/riscv-none-embed/8.2.0/../../../../riscv-none-embed/lib/rv32imacxw/ilp32\libg_nano.a(lib_a-mbtowc_r.o)
                              e:/mouriverstudio/program/mounriver/mounriver_studio/toolchain/risc-v embedded gcc/bin/../lib/gcc/riscv-none-embed/8.2.0/../../../../riscv-none-embed/lib/rv32imacxw/ilp32\libg_nano.a(lib_a-locale.o) (__ascii_mbtowc)
e:/mouriverstudio/program/mounriver/mounriver_studio/toolchain/risc-v embedded gcc/bin/../lib/gcc/riscv-none-embed/8.2.0/../../../../riscv-none-embed/lib/rv32imacxw/ilp32\libg_nano.a(lib_a-memcpy.o)
                              ./Hardware/cJSON.o (memcpy)
e:/mouriverstudio/program/mounriver/mounriver_studio/toolchain/risc-v embedded gcc/bin/../lib/gcc/riscv-none-embed/8.2.0/../../../../riscv-none-embed/lib/rv32imacxw/ilp32\libg_nano.a(lib_a-memset.o)
                              ./Hardware/cJSON.o (memset)
e:/mouriverstudio/program/mounriver/mounriver_studio/toolchain/risc-v embedded gcc/bin/../lib/gcc/riscv-none-embed/8.2.0/../../../../riscv-none-embed/lib/rv32imacxw/ilp32\libg_nano.a(lib_a-nano-freer.o)
                              e:/mouriverstudio/program/mounriver/mounriver_studio/toolchain/risc-v embedded gcc/bin/../lib/gcc/riscv-none-embed/8.2.0/../../../../riscv-none-embed/lib/rv32imacxw/ilp32\libg_nano.a(lib_a-malloc.o) (_free_r)
[...]
Memory Configuration

Name             Origin             Length             Attributes
FLASH            0x0000000000000000 0x0000000000048000 xr
RAM              0x0000000020000000 0x0000000000008000 xrw
*default*        0x0000000000000000 0xffffffffffffffff

Linker script and memory map

LOAD ./User/ch32v30x_it.o
LOAD ./User/main.o
LOAD ./User/system_ch32v30x.o
LOAD ./Startup/startup_ch32v30x_D8C.o
LOAD ./Peripheral/src/ch32v30x_adc.o
LOAD ./Peripheral/src/ch32v30x_bkp.o
LOAD ./Peripheral/src/ch32v30x_can.o
LOAD ./Peripheral/src/ch32v30x_crc.o
LOAD ./Peripheral/src/ch32v30x_dac.o
LOAD ./Peripheral/src/ch32v30x_dbgmcu.o
LOAD ./Peripheral/src/ch32v30x_dma.o
LOAD ./Peripheral/src/ch32v30x_dvp.o
LOAD ./Peripheral/src/ch32v30x_eth.o
LOAD ./Peripheral/src/ch32v30x_exti.o
LOAD ./Peripheral/src/ch32v30x_flash.o
LOAD ./Peripheral/src/ch32v30x_fsmc.o
LOAD ./Peripheral/src/ch32v30x_gpio.o
LOAD ./Peripheral/src/ch32v30x_i2c.o
LOAD ./Peripheral/src/ch32v30x_iwdg.o
LOAD ./Peripheral/src/ch32v30x_misc.o
LOAD ./Peripheral/src/ch32v30x_opa.o
LOAD ./Peripheral/src/ch32v30x_pwr.o
LOAD ./Peripheral/src/ch32v30x_rcc.o
LOAD ./Peripheral/src/ch32v30x_rng.o
LOAD ./Peripheral/src/ch32v30x_rtc.o
LOAD ./Peripheral/src/ch32v30x_sdio.o
LOAD ./Peripheral/src/ch32v30x_spi.o
LOAD ./Peripheral/src/ch32v30x_tim.o
LOAD ./Peripheral/src/ch32v30x_usart.o
LOAD ./Peripheral/src/ch32v30x_wwdg.o
LOAD ./Hardware/JFC103.o
LOAD ./Hardware/cJSON.o
LOAD ./Hardware/esp8266.o
LOAD ./Hardware/my_usart8.o
LOAD ./Debug/debug.o
LOAD ./Core/core_riscv.o
LOAD e:/mouriverstudio/program/mounriver/mounriver_studio/toolchain/risc-v embedded gcc/bin/../lib/gcc/riscv-none-embed/8.2.0/../../../../riscv-none-embed/lib/rv32imacxw/ilp32\libm.a
LOAD e:/mouriverstudio/program/mounriver/mounriver_studio/toolchain/risc-v embedded gcc/bin/../lib/gcc/riscv-none-embed/8.2.0/rv32imacxw/ilp32\libgcc.a
LOAD e:/mouriverstudio/program/mounriver/mounriver_studio/toolchain/risc-v embedded gcc/bin/../lib/gcc/riscv-none-embed/8.2.0/../../../../riscv-none-embed/lib/rv32imacxw/ilp32\libg_nano.a
LOAD e:/mouriverstudio/program/mounriver/mounriver_studio/toolchain/risc-v embedded gcc/bin/../lib/gcc/riscv-none-embed/8.2.0/../../../../riscv-none-embed/lib/rv32imacxw/ilp32\libc_nano.a
LOAD e:/mouriverstudio/program/mounriver/mounriver_studio/toolchain/risc-v embedded gcc/bin/../lib/gcc/riscv-none-embed/8.2.0/rv32imacxw/ilp32\libgcc.a
START GROUP
LOAD e:/mouriverstudio/program/mounriver/mounriver_studio/toolchain/risc-v embedded gcc/bin/../lib/gcc/riscv-none-embed/8.2.0/rv32imacxw/ilp32\libgcc.a
LOAD e:/mouriverstudio/program/mounriver/mounriver_studio/toolchain/risc-v embedded gcc/bin/../lib/gcc/riscv-none-embed/8.2.0/../../../../riscv-none-embed/lib/rv32imacxw/ilp32\libc_nano.a
LOAD e:/mouriverstudio/program/mounriver/mounriver_studio/toolchain/risc-v embedded gcc/bin/../lib/gcc/riscv-none-embed/8.2.0/../../../../riscv-none-embed/lib/rv32imacxw/ilp32\libnosys.a
END GROUP
START GROUP
LOAD e:/mouriverstudio/program/mounriver/mounriver_studio/toolchain/risc-v embedded gcc/bin/../lib/gcc/riscv-none-embed/8.2.0/rv32imacxw/ilp32\libgcc.a
LOAD e:/mouriverstudio/program/mounriver/mounriver_studio/toolchain/risc-v embedded gcc/bin/../lib/gcc/riscv-none-embed/8.2.0/../../../../riscv-none-embed/lib/rv32imacxw/ilp32\libc_nano.a
LOAD e:/mouriverstudio/program/mounriver/mounriver_studio/toolchain/risc-v embedded gcc/bin/../lib/gcc/riscv-none-embed/8.2.0/../../../../riscv-none-embed/lib/rv32imacxw/ilp32\libnosys.a
END GROUP
                0x0000000000000800                __stack_size = 0x800
                [!provide]                        PROVIDE (_stack_size = __stack_size)

.init           0x0000000000000000        0x4
                0x0000000000000000                _sinit = .
                0x0000000000000000                . = ALIGN (0x4)
 *(SORT_NONE(.init))
 .init          0x0000000000000000        0x4 ./Startup/startup_ch32v30x_D8C.o
                0x0000000000000000                _start
                0x0000000000000004                . = ALIGN (0x4)
                0x0000000000000004                _einit = .

.vector         0x0000000000000004      0x1bc
 *(.vector)
 .vector        0x0000000000000004      0x1a0 ./Startup/startup_ch32v30x_D8C.o
                0x00000000000001c0                . = ALIGN (0x40)
 *fill*         0x00000000000001a4       0x1c 

.text           0x00000000000001c0     0x1f34
                0x00000000000001c0                . = ALIGN (0x4)
 *(.text)
 .text          0x00000000000001c0       0x60 e:/mouriverstudio/program/mounriver/mounriver_studio/toolchain/risc-v embedded gcc/bin/../lib/gcc/riscv-none-embed/8.2.0/rv32imacxw/ilp32\libgcc.a(save-restore.o)
                0x00000000000001c0                __riscv_save_12
                0x00000000000001c8                __riscv_save_9
                0x00000000000001c8                __riscv_save_11
                0x00000000000001c8                __riscv_save_10
                0x00000000000001c8                __riscv_save_8
                0x00000000000001d6                __riscv_save_4
                0x00000000000001d6                __riscv_save_6
                0x00000000000001d6                __riscv_save_5
                0x00000000000001d6                __riscv_save_7
                0x00000000000001f0                __riscv_save_3
                0x00000000000001f0                __riscv_save_2
                0x00000000000001f0                __riscv_save_1
                0x00000000000001f0                __riscv_save_0
                0x00000000000001fc                __riscv_restore_12
                0x0000000000000200                __riscv_restore_11
                0x0000000000000200                __riscv_restore_9
                0x0000000000000200                __riscv_restore_10
                0x0000000000000200                __riscv_restore_8
                0x000000000000020a                __riscv_restore_5
                0x000000000000020a                __riscv_restore_7
                0x000000000000020a                __riscv_restore_6
                0x000000000000020a                __riscv_restore_4
                0x0000000000000214                __riscv_restore_3
                0x0000000000000214                __riscv_restore_0
                0x0000000000000214                __riscv_restore_2
                0x0000000000000214                __riscv_restore_1
 .text          0x0000000000000220       0xa8 e:/mouriverstudio/program/mounriver/mounriver_studio/toolchain/risc-v embedded gcc/bin/../lib/gcc/riscv-none-embed/8.2.0/../../../../riscv-none-embed/lib/rv32imacxw/ilp32\libg_nano.a(lib_a-memset.o)
                0x0000000000000220                memset
 *(.text.*)
 .text.NMI_Handler
                0x00000000000002c8        0x2 ./User/ch32v30x_it.o
                0x00000000000002c8                NMI_Handler
 .text.HardFault_Handler
                0x00000000000002ca        0x2 ./User/ch32v30x_it.o
                0x00000000000002ca                HardFault_Handler
 .text.startup.main
                0x00000000000002cc       0x90 ./User/main.o
                0x00000000000002cc                main
 .text.SystemInit
                0x000000000000035c       0xb2 ./User/system_ch32v30x.o
                0x000000000000035c                SystemInit
 .text.SystemCoreClockUpdate
                0x000000000000040e      0x12e ./User/system_ch32v30x.o
                0x000000000000040e                SystemCoreClockUpdate
 .text.vector_handler
                0x000000000000053c        0x2 ./Startup/startup_ch32v30x_D8C.o
                0x000000000000053c                EXTI2_IRQHandler
                0x000000000000053c                TIM8_TRG_COM_IRQHandler
                0x000000000000053c                TIM8_CC_IRQHandler
                0x000000000000053c                UART8_IRQHandler
                0x000000000000053c                TIM1_CC_IRQHandler
                0x000000000000053c                TIM6_IRQHandler
                0x000000000000053c                SysTick_Handler
                0x000000000000053c                PVD_IRQHandler
                0x000000000000053c                SDIO_IRQHandler
                0x000000000000053c                TIM9_BRK_IRQHandler
                0x000000000000053c                DMA2_Channel8_IRQHandler
                0x000000000000053c                CAN2_RX1_IRQHandler
                0x000000000000053c                EXTI3_IRQHandler
                0x000000000000053c                USBHS_IRQHandler
                0x000000000000053c                DMA2_Channel9_IRQHandler
                0x000000000000053c                TIM10_CC_IRQHandler
                0x000000000000053c                USBFS_IRQHandler
                0x000000000000053c                EXTI0_IRQHandler
                0x000000000000053c                I2C2_EV_IRQHandler
                0x000000000000053c                TIM10_TRG_COM_IRQHandler
                0x000000000000053c                CAN2_SCE_IRQHandler
                0x000000000000053c                ADC1_2_IRQHandler
                0x000000000000053c                Break_Point_Handler
                0x000000000000053c                SPI1_IRQHandler
                0x000000000000053c                TAMPER_IRQHandler
                0x000000000000053c                CAN2_RX0_IRQHandler
                0x000000000000053c                TIM8_UP_IRQHandler
                0x000000000000053c                Ecall_M_Mode_Handler
                0x000000000000053c                DMA2_Channel2_IRQHandler
                0x000000000000053c                DMA1_Channel4_IRQHandler
                0x000000000000053c                TIM9_UP_IRQHandler
                0x000000000000053c                USART3_IRQHandler
                0x000000000000053c                RTC_IRQHandler
                0x000000000000053c                DMA1_Channel7_IRQHandler
                0x000000000000053c                CAN1_RX1_IRQHandler
                0x000000000000053c                DVP_IRQHandler
                0x000000000000053c                UART5_IRQHandler
                0x000000000000053c                TIM4_IRQHandler
                0x000000000000053c                DMA2_Channel1_IRQHandler
                0x000000000000053c                I2C1_EV_IRQHandler
                0x000000000000053c                DMA1_Channel6_IRQHandler
                0x000000000000053c                UART4_IRQHandler
                0x000000000000053c                DMA2_Channel4_IRQHandler
                0x000000000000053c                TIM3_IRQHandler
                0x000000000000053c                RCC_IRQHandler
                0x000000000000053c                TIM1_TRG_COM_IRQHandler
                0x000000000000053c                DMA1_Channel1_IRQHandler
                0x000000000000053c                DMA2_Channel7_IRQHandler
                0x000000000000053c                EXTI15_10_IRQHandler
                0x000000000000053c                TIM7_IRQHandler
                0x000000000000053c                CAN2_TX_IRQHandler
                0x000000000000053c                TIM5_IRQHandler
                0x000000000000053c                EXTI9_5_IRQHandler
                0x000000000000053c                ETH_WKUP_IRQHandler
                0x000000000000053c                SPI2_IRQHandler
                0x000000000000053c                TIM10_BRK_IRQHandler
                0x000000000000053c                TIM9_CC_IRQHandler
                0x000000000000053c                DMA2_Channel5_IRQHandler
                0x000000000000053c                DMA1_Channel5_IRQHandler
                0x000000000000053c                EXTI4_IRQHandler
                0x000000000000053c                USB_LP_CAN1_RX0_IRQHandler
                0x000000000000053c                RNG_IRQHandler
                0x000000000000053c                USB_HP_CAN1_TX_IRQHandler
                0x000000000000053c                DMA1_Channel3_IRQHandler
                0x000000000000053c                ETH_IRQHandler
                0x000000000000053c                TIM1_UP_IRQHandler
                0x000000000000053c                WWDG_IRQHandler
                0x000000000000053c                USBHSWakeup_IRQHandler
                0x000000000000053c                DMA2_Channel11_IRQHandler
                0x000000000000053c                Ecall_U_Mode_Handler
                0x000000000000053c                DMA2_Channel6_IRQHandler
                0x000000000000053c                TIM2_IRQHandler
                0x000000000000053c                SW_Handler
                0x000000000000053c                TIM1_BRK_IRQHandler
                0x000000000000053c                DMA2_Channel10_IRQHandler
                0x000000000000053c                EXTI1_IRQHandler
                0x000000000000053c                RTCAlarm_IRQHandler
                0x000000000000053c                TIM10_UP_IRQHandler
                0x000000000000053c                TIM9_TRG_COM_IRQHandler
                0x000000000000053c                UART7_IRQHandler
                0x000000000000053c                USART2_IRQHandler
                0x000000000000053c                UART6_IRQHandler
                0x000000000000053c                I2C2_ER_IRQHandler
                0x000000000000053c                DMA1_Channel2_IRQHandler
                0x000000000000053c                TIM8_BRK_IRQHandler
                0x000000000000053c                CAN1_SCE_IRQHandler
                0x000000000000053c                FLASH_IRQHandler
                0x000000000000053c                USART1_IRQHandler
                0x000000000000053c                SPI3_IRQHandler
                0x000000000000053c                I2C1_ER_IRQHandler
                0x000000000000053c                USBWakeUp_IRQHandler
                0x000000000000053c                DMA2_Channel3_IRQHandler
 .text.handle_reset
                0x000000000000053e       0x8a ./Startup/startup_ch32v30x_D8C.o
                0x000000000000053e                handle_reset
 .text.DBGMCU_GetCHIPID
                0x00000000000005c8        0xa ./Peripheral/src/ch32v30x_dbgmcu.o
                0x00000000000005c8                DBGMCU_GetCHIPID
 .text.DMA_DeInit
                0x00000000000005d2      0x16c ./Peripheral/src/ch32v30x_dma.o
                0x00000000000005d2                DMA_DeInit
 .text.DMA_Init
                0x000000000000073e       0x38 ./Peripheral/src/ch32v30x_dma.o
                0x000000000000073e                DMA_Init
 .text.DMA_Cmd  0x0000000000000776       0x14 ./Peripheral/src/ch32v30x_dma.o
                0x0000000000000776                DMA_Cmd
 .text.DMA_GetFlagStatus
                0x000000000000078a       0x32 ./Peripheral/src/ch32v30x_dma.o
                0x000000000000078a                DMA_GetFlagStatus
 .text.DMA_ClearFlag
                0x00000000000007bc       0x2c ./Peripheral/src/ch32v30x_dma.o
                0x00000000000007bc                DMA_ClearFlag
 .text.GPIO_Init
                0x00000000000007e8       0xc0 ./Peripheral/src/ch32v30x_gpio.o
                0x00000000000007e8                GPIO_Init
 .text.GPIO_PinRemapConfig
                0x00000000000008a8       0xd6 ./Peripheral/src/ch32v30x_gpio.o
                0x00000000000008a8                GPIO_PinRemapConfig
 .text.NVIC_PriorityGroupConfig
                0x000000000000097e        0x6 ./Peripheral/src/ch32v30x_misc.o
                0x000000000000097e                NVIC_PriorityGroupConfig
 .text.RCC_GetClocksFreq
                0x0000000000000984      0x176 ./Peripheral/src/ch32v30x_rcc.o
                0x0000000000000984                RCC_GetClocksFreq
 .text.RCC_AHBPeriphClockCmd
                0x0000000000000afa       0x1e ./Peripheral/src/ch32v30x_rcc.o
                0x0000000000000afa                RCC_AHBPeriphClockCmd
 .text.RCC_APB2PeriphClockCmd
                0x0000000000000b18       0x1e ./Peripheral/src/ch32v30x_rcc.o
                0x0000000000000b18                RCC_APB2PeriphClockCmd
 .text.RCC_APB1PeriphClockCmd
                0x0000000000000b36       0x1e ./Peripheral/src/ch32v30x_rcc.o
                0x0000000000000b36                RCC_APB1PeriphClockCmd
 .text.USART_Init
                0x0000000000000b54       0x8e ./Peripheral/src/ch32v30x_usart.o
                0x0000000000000b54                USART_Init
 .text.USART_Cmd
                0x0000000000000be2       0x16 ./Peripheral/src/ch32v30x_usart.o
                0x0000000000000be2                USART_Cmd
 .text.USART_DMACmd
                0x0000000000000bf8       0x12 ./Peripheral/src/ch32v30x_usart.o
                0x0000000000000bf8                USART_DMACmd
 .text.USART_SendData
                0x0000000000000c0a        0x8 ./Peripheral/src/ch32v30x_usart.o
                0x0000000000000c0a                USART_SendData
 .text.USART_GetFlagStatus
                0x0000000000000c12        0xa ./Peripheral/src/ch32v30x_usart.o
                0x0000000000000c12                USART_GetFlagStatus
 .text.USART8_CFG
                0x0000000000000c1c       0x7a ./Hardware/my_usart8.o
                0x0000000000000c1c                USART8_CFG
 .text.DMA8_INIT
                0x0000000000000c96       0x78 ./Hardware/my_usart8.o
                0x0000000000000c96                DMA8_INIT
 .text.Rx8Buffer_Printf
                0x0000000000000d0e       0x44 ./Hardware/my_usart8.o
                0x0000000000000d0e                Rx8Buffer_Printf
 .text.Delay_Init
                0x0000000000000d52       0x2a ./Debug/debug.o
                0x0000000000000d52                Delay_Init
 .text.Delay_Ms
                0x0000000000000d7c       0x36 ./Debug/debug.o
                0x0000000000000d7c                Delay_Ms
 .text.USART_Printf_Init
                0x0000000000000db2       0x56 ./Debug/debug.o
                0x0000000000000db2                USART_Printf_Init
 .text._write   0x0000000000000e08       0x3a ./Debug/debug.o
                0x0000000000000e08                _write
 .text._sbrk    0x0000000000000e42       0x26 ./Debug/debug.o
                0x0000000000000e42                _sbrk
 .text._free_r  0x0000000000000e68       0xa8 e:/mouriverstudio/program/mounriver/mounriver_studio/toolchain/risc-v embedded gcc/bin/../lib/gcc/riscv-none-embed/8.2.0/../../../../riscv-none-embed/lib/rv32imacxw/ilp32\libg_nano.a(lib_a-nano-freer.o)
                0x0000000000000e68                _free_r
 .text._malloc_r
                0x0000000000000f10       0xd4 e:/mouriverstudio/program/mounriver/mounriver_studio/toolchain/risc-v embedded gcc/bin/../lib/gcc/riscv-none-embed/8.2.0/../../../../riscv-none-embed/lib/rv32imacxw/ilp32\libg_nano.a(lib_a-nano-mallocr.o)
                0x0000000000000f10                _malloc_r
 .text.printf   0x0000000000000fe4       0x40 e:/mouriverstudio/program/mounriver/mounriver_studio/toolchain/risc-v embedded gcc/bin/../lib/gcc/riscv-none-embed/8.2.0/../../../../riscv-none-embed/lib/rv32imacxw/ilp32\libg_nano.a(lib_a-printf.o)
                0x0000000000000fe4                iprintf
                0x0000000000000fe4                printf
 .text._puts_r  0x0000000000001024       0xd4 e:/mouriverstudio/program/mounriver/mounriver_studio/toolchain/risc-v embedded gcc/bin/../lib/gcc/riscv-none-embed/8.2.0/../../../../riscv-none-embed/lib/rv32imacxw/ilp32\libg_nano.a(lib_a-puts.o)
                0x0000000000001024                _puts_r
 .text.puts     0x00000000000010f8        0xa e:/mouriverstudio/program/mounriver/mounriver_studio/toolchain/risc-v embedded gcc/bin/../lib/gcc/riscv-none-embed/8.2.0/../../../../riscv-none-embed/lib/rv32imacxw/ilp32\libg_nano.a(lib_a-puts.o)
                0x00000000000010f8                puts
 .text._sbrk_r  0x0000000000001102       0x28 e:/mouriverstudio/program/mounriver/mounriver_studio/toolchain/risc-v embedded gcc/bin/../lib/gcc/riscv-none-embed/8.2.0/../../../../riscv-none-embed/lib/rv32imacxw/ilp32\libg_nano.a(lib_a-sbrkr.o)
                0x0000000000001102                _sbrk_r
 .text.__sread  0x000000000000112a       0x2e e:/mouriverstudio/program/mounriver/mounriver_studio/toolchain/risc-v embedded gcc/bin/../lib/gcc/riscv-none-embed/8.2.0/../../../../riscv-none-embed/lib/rv32imacxw/ilp32\libg_nano.a(lib_a-stdio.o)
                0x000000000000112a                __sread
 .text.__swrite
                0x0000000000001158       0x48 e:/mouriverstudio/program/mounriver/mounriver_studio/toolchain/risc-v embedded gcc/bin/../lib/gcc/riscv-none-embed/8.2.0/../../../../riscv-none-embed/lib/rv32imacxw/ilp32\libg_nano.a(lib_a-stdio.o)
                0x0000000000001158                __swrite
 .text.__sseek  0x00000000000011a0       0x30 e:/mouriverstudio/program/mounriver/mounriver_studio/toolchain/risc-v embedded gcc/bin/../lib/gcc/riscv-none-embed/8.2.0/../../../../riscv-none-embed/lib/rv32imacxw/ilp32\libg_nano.a(lib_a-stdio.o)
                0x00000000000011a0                __sseek
 .text.__sclose
                0x00000000000011d0        0x6 e:/mouriverstudio/program/mounriver/mounriver_studio/toolchain/risc-v embedded gcc/bin/../lib/gcc/riscv-none-embed/8.2.0/../../../../riscv-none-embed/lib/rv32imacxw/ilp32\libg_nano.a(lib_a-stdio.o)
                0x00000000000011d0                __sclose
 .text.__swbuf_r
                0x00000000000011d6       0xbc e:/mouriverstudio/program/mounriver/mounriver_studio/toolchain/risc-v embedded gcc/bin/../lib/gcc/riscv-none-embed/8.2.0/../../../../riscv-none-embed/lib/rv32imacxw/ilp32\libg_nano.a(lib_a-wbuf.o)
                0x00000000000011d6                __swbuf_r
 .text._write_r
                0x0000000000001292       0x2c e:/mouriverstudio/program/mounriver/mounriver_studio/toolchain/risc-v embedded gcc/bin/../lib/gcc/riscv-none-embed/8.2.0/../../../../riscv-none-embed/lib/rv32imacxw/ilp32\libg_nano.a(lib_a-writer.o)
                0x0000000000001292                _write_r
 .text.__swsetup_r
                0x00000000000012be       0xfc e:/mouriverstudio/program/mounriver/mounriver_studio/toolchain/risc-v embedded gcc/bin/../lib/gcc/riscv-none-embed/8.2.0/../../../../riscv-none-embed/lib/rv32imacxw/ilp32\libg_nano.a(lib_a-wsetup.o)
                0x00000000000012be                __swsetup_r
 .text._close_r
                0x00000000000013ba       0x2a e:/mouriverstudio/program/mounriver/mounriver_studio/toolchain/risc-v embedded gcc/bin/../lib/gcc/riscv-none-embed/8.2.0/../../../../riscv-none-embed/lib/rv32imacxw/ilp32\libg_nano.a(lib_a-closer.o)
                0x00000000000013ba                _close_r
 .text.__sflush_r
                0x00000000000013e4      0x132 e:/mouriverstudio/program/mounriver/mounriver_studio/toolchain/risc-v embedded gcc/bin/../lib/gcc/riscv-none-embed/8.2.0/../../../../riscv-none-embed/lib/rv32imacxw/ilp32\libg_nano.a(lib_a-fflush.o)
                0x00000000000013e4                __sflush_r
 .text._fflush_r
                0x0000000000001516       0x64 e:/mouriverstudio/program/mounriver/mounriver_studio/toolchain/risc-v embedded gcc/bin/../lib/gcc/riscv-none-embed/8.2.0/../../../../riscv-none-embed/lib/rv32imacxw/ilp32\libg_nano.a(lib_a-fflush.o)
                0x0000000000001516                _fflush_r
 .text.std      0x000000000000157a       0x66 e:/mouriverstudio/program/mounriver/mounriver_studio/toolchain/risc-v embedded gcc/bin/../lib/gcc/riscv-none-embed/8.2.0/../../../../riscv-none-embed/lib/rv32imacxw/ilp32\libg_nano.a(lib_a-findfp.o)
 .text._cleanup_r
                0x00000000000015e0        0xa e:/mouriverstudio/program/mounriver/mounriver_studio/toolchain/risc-v embedded gcc/bin/../lib/gcc/riscv-none-embed/8.2.0/../../../../riscv-none-embed/lib/rv32imacxw/ilp32\libg_nano.a(lib_a-findfp.o)
                0x00000000000015e0                _cleanup_r
 .text.__sfmoreglue
                0x00000000000015ea       0x48 e:/mouriverstudio/program/mounriver/mounriver_studio/toolchain/risc-v embedded gcc/bin/../lib/gcc/riscv-none-embed/8.2.0/../../../../riscv-none-embed/lib/rv32imacxw/ilp32\libg_nano.a(lib_a-findfp.o)
                0x00000000000015ea                __sfmoreglue
 .text.__sinit  0x0000000000001632       0x66 e:/mouriverstudio/program/mounriver/mounriver_studio/toolchain/risc-v embedded gcc/bin/../lib/gcc/riscv-none-embed/8.2.0/../../../../riscv-none-embed/lib/rv32imacxw/ilp32\libg_nano.a(lib_a-findfp.o)
                0x0000000000001632                __sinit
 .text.__sfp    0x0000000000001698       0x9c e:/mouriverstudio/program/mounriver/mounriver_studio/toolchain/risc-v embedded gcc/bin/../lib/gcc/riscv-none-embed/8.2.0/../../../../riscv-none-embed/lib/rv32imacxw/ilp32\libg_nano.a(lib_a-findfp.o)
                0x0000000000001698                __sfp
 .text._fwalk_reent
                0x0000000000001734       0x6a e:/mouriverstudio/program/mounriver/mounriver_studio/toolchain/risc-v embedded gcc/bin/../lib/gcc/riscv-none-embed/8.2.0/../../../../riscv-none-embed/lib/rv32imacxw/ilp32\libg_nano.a(lib_a-fwalk.o)
                0x0000000000001734                _fwalk_reent
 .text._lseek_r
                0x000000000000179e       0x2e e:/mouriverstudio/program/mounriver/mounriver_studio/toolchain/risc-v embedded gcc/bin/../lib/gcc/riscv-none-embed/8.2.0/../../../../riscv-none-embed/lib/rv32imacxw/ilp32\libg_nano.a(lib_a-lseekr.o)
                0x000000000000179e                _lseek_r
 .text.__swhatbuf_r
                0x00000000000017cc       0x56 e:/mouriverstudio/program/mounriver/mounriver_studio/toolchain/risc-v embedded gcc/bin/../lib/gcc/riscv-none-embed/8.2.0/../../../../riscv-none-embed/lib/rv32imacxw/ilp32\libg_nano.a(lib_a-makebuf.o)
                0x00000000000017cc                __swhatbuf_r
 .text.__smakebuf_r
                0x0000000000001822       0x90 e:/mouriverstudio/program/mounriver/mounriver_studio/toolchain/risc-v embedded gcc/bin/../lib/gcc/riscv-none-embed/8.2.0/../../../../riscv-none-embed/lib/rv32imacxw/ilp32\libg_nano.a(lib_a-makebuf.o)
                0x0000000000001822                __smakebuf_r
 .text.__malloc_lock
                0x00000000000018b2        0x2 e:/mouriverstudio/program/mounriver/mounriver_studio/toolchain/risc-v embedded gcc/bin/../lib/gcc/riscv-none-embed/8.2.0/../../../../riscv-none-embed/lib/rv32imacxw/ilp32\libg_nano.a(lib_a-mlock.o)
                0x00000000000018b2                __malloc_lock
 .text.__malloc_unlock
                0x00000000000018b4        0x2 e:/mouriverstudio/program/mounriver/mounriver_studio/toolchain/risc-v embedded gcc/bin/../lib/gcc/riscv-none-embed/8.2.0/../../../../riscv-none-embed/lib/rv32imacxw/ilp32\libg_nano.a(lib_a-mlock.o)
                0x00000000000018b4                __malloc_unlock
 .text.__sfputc_r
                0x00000000000018b6       0x28 e:/mouriverstudio/program/mounriver/mounriver_studio/toolchain/risc-v embedded gcc/bin/../lib/gcc/riscv-none-embed/8.2.0/../../../../riscv-none-embed/lib/rv32imacxw/ilp32\libg_nano.a(lib_a-nano-vfprintf.o)
 .text.__sfputs_r
                0x00000000000018de       0x40 e:/mouriverstudio/program/mounriver/mounriver_studio/toolchain/risc-v embedded gcc/bin/../lib/gcc/riscv-none-embed/8.2.0/../../../../riscv-none-embed/lib/rv32imacxw/ilp32\libg_nano.a(lib_a-nano-vfprintf.o)
                0x00000000000018de                __sfputs_r
 .text._vfprintf_r
                0x000000000000191e      0x284 e:/mouriverstudio/program/mounriver/mounriver_studio/toolchain/risc-v embedded gcc/bin/../lib/gcc/riscv-none-embed/8.2.0/../../../../riscv-none-embed/lib/rv32imacxw/ilp32\libg_nano.a(lib_a-nano-vfprintf.o)
                0x000000000000191e                _vfprintf_r
                0x000000000000191e                _vfiprintf_r
 .text._printf_common
                0x0000000000001ba2      0x10c e:/mouriverstudio/program/mounriver/mounriver_studio/toolchain/risc-v embedded gcc/bin/../lib/gcc/riscv-none-embed/8.2.0/../../../../riscv-none-embed/lib/rv32imacxw/ilp32\libg_nano.a(lib_a-nano-vfprintf_i.o)
                0x0000000000001ba2                _printf_common
 .text._printf_i
                0x0000000000001cae      0x2a0 e:/mouriverstudio/program/mounriver/mounriver_studio/toolchain/risc-v embedded gcc/bin/../lib/gcc/riscv-none-embed/8.2.0/../../../../riscv-none-embed/lib/rv32imacxw/ilp32\libg_nano.a(lib_a-nano-vfprintf_i.o)
                0x0000000000001cae                _printf_i
 .text._read_r  0x0000000000001f4e       0x2c e:/mouriverstudio/program/mounriver/mounriver_studio/toolchain/risc-v embedded gcc/bin/../lib/gcc/riscv-none-embed/8.2.0/../../../../riscv-none-embed/lib/rv32imacxw/ilp32\libg_nano.a(lib_a-readr.o)
                0x0000000000001f4e                _read_r
 .text._fstat_r
                0x0000000000001f7a       0x2a e:/mouriverstudio/program/mounriver/mounriver_studio/toolchain/risc-v embedded gcc/bin/../lib/gcc/riscv-none-embed/8.2.0/../../../../riscv-none-embed/lib/rv32imacxw/ilp32\libg_nano.a(lib_a-fstatr.o)
                0x0000000000001f7a                _fstat_r
 .text._isatty_r
                0x0000000000001fa4       0x28 e:/mouriverstudio/program/mounriver/mounriver_studio/toolchain/risc-v embedded gcc/bin/../lib/gcc/riscv-none-embed/8.2.0/../../../../riscv-none-embed/lib/rv32imacxw/ilp32\libg_nano.a(lib_a-isattyr.o)
                0x0000000000001fa4                _isatty_r
 .text.memchr   0x0000000000001fcc       0x18 e:/mouriverstudio/program/mounriver/mounriver_studio/toolchain/risc-v embedded gcc/bin/../lib/gcc/riscv-none-embed/8.2.0/../../../../riscv-none-embed/lib/rv32imacxw/ilp32\libg_nano.a(lib_a-memchr.o)
                0x0000000000001fcc                memchr
 .text._close   0x0000000000001fe4        0xc e:/mouriverstudio/program/mounriver/mounriver_studio/toolchain/risc-v embedded gcc/bin/../lib/gcc/riscv-none-embed/8.2.0/../../../../riscv-none-embed/lib/rv32imacxw/ilp32\libnosys.a(close.o)
                0x0000000000001fe4                _close
 .text._fstat   0x0000000000001ff0        0xc e:/mouriverstudio/program/mounriver/mounriver_studio/toolchain/risc-v embedded gcc/bin/../lib/gcc/riscv-none-embed/8.2.0/../../../../riscv-none-embed/lib/rv32imacxw/ilp32\libnosys.a(fstat.o)
                0x0000000000001ff0                _fstat
 .text._isatty  0x0000000000001ffc        0xc e:/mouriverstudio/program/mounriver/mounriver_studio/toolchain/risc-v embedded gcc/bin/../lib/gcc/riscv-none-embed/8.2.0/../../../../riscv-none-embed/lib/rv32imacxw/ilp32\libnosys.a(isatty.o)
                0x0000000000001ffc                _isatty
 .text._lseek   0x0000000000002008        0xc e:/mouriverstudio/program/mounriver/mounriver_studio/toolchain/risc-v embedded gcc/bin/../lib/gcc/riscv-none-embed/8.2.0/../../../../riscv-none-embed/lib/rv32imacxw/ilp32\libnosys.a(lseek.o)
                0x0000000000002008                _lseek
 .text._read    0x0000000000002014        0xc e:/mouriverstudio/program/mounriver/mounriver_studio/toolchain/risc-v embedded gcc/bin/../lib/gcc/riscv-none-embed/8.2.0/../../../../riscv-none-embed/lib/rv32imacxw/ilp32\libnosys.a(read.o)
                0x0000000000002014                _read
 *(.rodata)
 *(.rodata*)
 .rodata.main.str1.4
                0x0000000000002020       0x38 ./User/main.o
 .rodata.__sf_fake_stderr
                0x0000000000002058       0x20 e:/mouriverstudio/program/mounriver/mounriver_studio/toolchain/risc-v embedded gcc/bin/../lib/gcc/riscv-none-embed/8.2.0/../../../../riscv-none-embed/lib/rv32imacxw/ilp32\libg_nano.a(lib_a-findfp.o)
                0x0000000000002058                __sf_fake_stderr
 .rodata.__sf_fake_stdin
                0x0000000000002078       0x20 e:/mouriverstudio/program/mounriver/mounriver_studio/toolchain/risc-v embedded gcc/bin/../lib/gcc/riscv-none-embed/8.2.0/../../../../riscv-none-embed/lib/rv32imacxw/ilp32\libg_nano.a(lib_a-findfp.o)
                0x0000000000002078                __sf_fake_stdin
 .rodata.__sf_fake_stdout
                0x0000000000002098       0x20 e:/mouriverstudio/program/mounriver/mounriver_studio/toolchain/risc-v embedded gcc/bin/../lib/gcc/riscv-none-embed/8.2.0/../../../../riscv-none-embed/lib/rv32imacxw/ilp32\libg_nano.a(lib_a-findfp.o)
                0x0000000000002098                __sf_fake_stdout
 .rodata._vfprintf_r.str1.4
                0x00000000000020b8       0x13 e:/mouriverstudio/program/mounriver/mounriver_studio/toolchain/risc-v embedded gcc/bin/../lib/gcc/riscv-none-embed/8.2.0/../../../../riscv-none-embed/lib/rv32imacxw/ilp32\libg_nano.a(lib_a-nano-vfprintf.o)
 *fill*         0x00000000000020cb        0x1 
 .rodata._printf_i.str1.4
                0x00000000000020cc       0x28 e:/mouriverstudio/program/mounriver/mounriver_studio/toolchain/risc-v embedded gcc/bin/../lib/gcc/riscv-none-embed/8.2.0/../../../../riscv-none-embed/lib/rv32imacxw/ilp32\libg_nano.a(lib_a-nano-vfprintf_i.o)
                                         0x25 (size before relaxing)
 *(.gnu.linkonce.t.*)
                0x00000000000020f4                . = ALIGN (0x4)

.rela.dyn       0x00000000000020f4        0x0
 .rela.init     0x00000000000020f4        0x0 ./User/ch32v30x_it.o
 .rela.vector   0x00000000000020f4        0x0 ./User/ch32v30x_it.o
 .rela.text.handle_reset
                0x00000000000020f4        0x0 ./User/ch32v30x_it.o
 .rela.text._sbrk
                0x00000000000020f4        0x0 ./User/ch32v30x_it.o
 .rela.sdata.curbrk.5264
                0x00000000000020f4        0x0 ./User/ch32v30x_it.o
 .rela.text._sbrk_r
                0x00000000000020f4        0x0 ./User/ch32v30x_it.o
 .rela.text._write_r
                0x00000000000020f4        0x0 ./User/ch32v30x_it.o
 .rela.text._close_r
                0x00000000000020f4        0x0 ./User/ch32v30x_it.o
 .rela.text._lseek_r
                0x00000000000020f4        0x0 ./User/ch32v30x_it.o
 .rela.text._vfprintf_r
                0x00000000000020f4        0x0 ./User/ch32v30x_it.o
 .rela.text._read_r
                0x00000000000020f4        0x0 ./User/ch32v30x_it.o
 .rela.text._fstat_r
                0x00000000000020f4        0x0 ./User/ch32v30x_it.o
 .rela.text._isatty_r
                0x00000000000020f4        0x0 ./User/ch32v30x_it.o
 .rela.text._close
                0x00000000000020f4        0x0 ./User/ch32v30x_it.o
 .rela.text._fstat
                0x00000000000020f4        0x0 ./User/ch32v30x_it.o
 .rela.text._isatty
                0x00000000000020f4        0x0 ./User/ch32v30x_it.o
 .rela.text._lseek
                0x00000000000020f4        0x0 ./User/ch32v30x_it.o
 .rela.text._read
                0x00000000000020f4        0x0 ./User/ch32v30x_it.o

.fini           0x00000000000020f4        0x0
 *(SORT_NONE(.fini))
                0x00000000000020f4                . = ALIGN (0x4)
                [!provide]                        PROVIDE (_etext = .)
                [!provide]                        PROVIDE (_eitcm = .)

.preinit_array  0x00000000000020f4        0x0
                [!provide]                        PROVIDE (__preinit_array_start = .)
 *(.preinit_array)
                [!provide]                        PROVIDE (__preinit_array_end = .)

.init_array     0x00000000000020f4        0x0
                [!provide]                        PROVIDE (__init_array_start = .)
 *(SORT_BY_INIT_PRIORITY(.init_array.*) SORT_BY_INIT_PRIORITY(.ctors.*))
 *(.init_array EXCLUDE_FILE(*crtend?.o *crtend.o *crtbegin?.o *crtbegin.o) .ctors)
                [!provide]                        PROVIDE (__init_array_end = .)

.fini_array     0x00000000000020f4        0x0
                [!provide]                        PROVIDE (__fini_array_start = .)
 *(SORT_BY_INIT_PRIORITY(.fini_array.*) SORT_BY_INIT_PRIORITY(.dtors.*))
 *(.fini_array EXCLUDE_FILE(*crtend?.o *crtend.o *crtbegin?.o *crtbegin.o) .dtors)
                [!provide]                        PROVIDE (__fini_array_end = .)

.ctors
 *crtbegin.o(.ctors)
 *crtbegin?.o(.ctors)
 *(EXCLUDE_FILE(*crtend?.o *crtend.o) .ctors)
 *(SORT_BY_NAME(.ctors.*))
 *(.ctors)

.dtors
 *crtbegin.o(.dtors)
 *crtbegin?.o(.dtors)
 *(EXCLUDE_FILE(*crtend?.o *crtend.o) .dtors)
 *(SORT_BY_NAME(.dtors.*))
 *(.dtors)

.dalign         0x0000000020000000        0x0 load address 0x00000000000020f4
                0x0000000020000000                . = ALIGN (0x4)
                0x0000000020000000                PROVIDE (_data_vma = .)

.dlalign        0x00000000000020f4        0x0
                0x00000000000020f4                . = ALIGN (0x4)
                0x00000000000020f4                PROVIDE (_data_lma = .)

.data           0x0000000020000000       0x98 load address 0x00000000000020f4
 *(.gnu.linkonce.r.*)
 *(.data .data.*)
 .data.AHBPrescTable
                0x0000000020000000       0x10 ./User/system_ch32v30x.o
                0x0000000020000000                AHBPrescTable
 .data.APBAHBPrescTable
                0x0000000020000010       0x10 ./Peripheral/src/ch32v30x_rcc.o
 .data.impure_data
                0x0000000020000020       0x60 e:/mouriverstudio/program/mounriver/mounriver_studio/toolchain/risc-v embedded gcc/bin/../lib/gcc/riscv-none-embed/8.2.0/../../../../riscv-none-embed/lib/rv32imacxw/ilp32\libg_nano.a(lib_a-impure.o)
 *(.gnu.linkonce.d.*)
                0x0000000020000080                . = ALIGN (0x8)
                0x0000000020000880                PROVIDE (__global_pointer$ = (. + 0x800))
 *(.sdata .sdata.*)
 .sdata.SystemCoreClock
                0x0000000020000080        0x4 ./User/system_ch32v30x.o
                0x0000000020000080                SystemCoreClock
 .sdata.ADCPrescTable
                0x0000000020000084        0x4 ./Peripheral/src/ch32v30x_rcc.o
 .sdata.curbrk.5264
                0x0000000020000088        0x4 ./Debug/debug.o
 .sdata._impure_ptr
                0x000000002000008c        0x4 e:/mouriverstudio/program/mounriver/mounriver_studio/toolchain/risc-v embedded gcc/bin/../lib/gcc/riscv-none-embed/8.2.0/../../../../riscv-none-embed/lib/rv32imacxw/ilp32\libg_nano.a(lib_a-impure.o)
                0x000000002000008c                _impure_ptr
 *(.sdata2.*)
 .sdata2._global_impure_ptr
                0x0000000020000090        0x4 e:/mouriverstudio/program/mounriver/mounriver_studio/toolchain/risc-v embedded gcc/bin/../lib/gcc/riscv-none-embed/8.2.0/../../../../riscv-none-embed/lib/rv32imacxw/ilp32\libg_nano.a(lib_a-impure.o)
                0x0000000020000090                _global_impure_ptr
 *(.gnu.linkonce.s.*)
                0x0000000020000098                . = ALIGN (0x8)
 *fill*         0x0000000020000094        0x4 
 *(.srodata.cst16)
 *(.srodata.cst8)
 *(.srodata.cst4)
 *(.srodata.cst2)
 *(.srodata .srodata.*)
                0x0000000020000098                . = ALIGN (0x4)
                0x0000000020000098                PROVIDE (_edata = .)

.bss            0x0000000020000098       0xc8 load address 0x000000000000218c
                0x0000000020000098                . = ALIGN (0x4)
                0x0000000020000098                PROVIDE (_sbss = .)
 *(.sbss*)
 .sbss.NVIC_Priority_Group
                0x0000000020000098        0x4 ./Peripheral/src/ch32v30x_misc.o
                0x0000000020000098                NVIC_Priority_Group
 .sbss.TxBuffer_u8
                0x000000002000009c        0x2 ./Hardware/my_usart8.o
                0x000000002000009c                TxBuffer_u8
 .sbss.p_ms     0x000000002000009e        0x2 ./Debug/debug.o
 .sbss.p_us     0x00000000200000a0        0x1 ./Debug/debug.o
 *fill*         0x00000000200000a1        0x3 
 .sbss.__malloc_free_list
                0x00000000200000a4        0x4 e:/mouriverstudio/program/mounriver/mounriver_studio/toolchain/risc-v embedded gcc/bin/../lib/gcc/riscv-none-embed/8.2.0/../../../../riscv-none-embed/lib/rv32imacxw/ilp32\libg_nano.a(lib_a-nano-mallocr.o)
                0x00000000200000a4                __malloc_free_list
 .sbss.__malloc_sbrk_start
                0x00000000200000a8        0x4 e:/mouriverstudio/program/mounriver/mounriver_studio/toolchain/risc-v embedded gcc/bin/../lib/gcc/riscv-none-embed/8.2.0/../../../../riscv-none-embed/lib/rv32imacxw/ilp32\libg_nano.a(lib_a-nano-mallocr.o)
                0x00000000200000a8                __malloc_sbrk_start
 *(.gnu.linkonce.sb.*)
 *(.bss*)
 .bss.buff      0x00000000200000ac       0x58 ./User/main.o
                0x00000000200000ac                buff
 .bss.RxBuffer_u8
                0x0000000020000104       0x58 ./Hardware/my_usart8.o
                0x0000000020000104                RxBuffer_u8
 *(.gnu.linkonce.b.*)
 *(COMMON*)
 COMMON         0x000000002000015c        0x4 e:/mouriverstudio/program/mounriver/mounriver_studio/toolchain/risc-v embedded gcc/bin/../lib/gcc/riscv-none-embed/8.2.0/../../../../riscv-none-embed/lib/rv32imacxw/ilp32\libg_nano.a(lib_a-reent.o)
                0x000000002000015c                errno
                0x0000000020000160                . = ALIGN (0x4)
                0x0000000020000160                PROVIDE (_ebss = .)
                0x0000000020000160                PROVIDE (_end = _ebss)
                [!provide]                        PROVIDE (end = .)

.stack          0x0000000020007800      0x800
                0x0000000020007800                PROVIDE (_heap_end = .)
                0x0000000020007800                . = ALIGN (0x4)
                [!provide]                        PROVIDE (_susrstack = .)
                0x0000000020008000                . = (. + __stack_size)
 *fill*         0x0000000020007800      0x800 
                0x0000000020008000                PROVIDE (_eusrstack = .)
OUTPUT(esp8266_onenet.elf elf32-littleriscv)

.debug_info     0x0000000000000000     0xa64c
 .debug_info    0x0000000000000000      0x962 ./User/ch32v30x_it.o
 .debug_info    0x0000000000000962      0xc7f ./User/main.o
 .debug_info    0x00000000000015e1      0xb31 ./User/system_ch32v30x.o
 .debug_info    0x0000000000002112       0x22 ./Startup/startup_ch32v30x_D8C.o
 .debug_info    0x0000000000002134      0xa94 ./Peripheral/src/ch32v30x_dbgmcu.o
 .debug_info    0x0000000000002bc8      0xd16 ./Peripheral/src/ch32v30x_dma.o
 .debug_info    0x00000000000038de     0x11b0 ./Peripheral/src/ch32v30x_gpio.o
 .debug_info    0x0000000000004a8e      0xf60 ./Peripheral/src/ch32v30x_misc.o
 .debug_info    0x00000000000059ee     0x156e ./Peripheral/src/ch32v30x_rcc.o
 .debug_info    0x0000000000006f5c     0x13b1 ./Peripheral/src/ch32v30x_usart.o
 .debug_info    0x000000000000830d     0x13ec ./Hardware/my_usart8.o
 .debug_info    0x00000000000096f9      0xf53 ./Debug/debug.o

.debug_abbrev   0x0000000000000000     0x1fbc
 .debug_abbrev  0x0000000000000000      0x1cf ./User/ch32v30x_it.o
 .debug_abbrev  0x00000000000001cf      0x27c ./User/main.o
 .debug_abbrev  0x000000000000044b      0x28b ./User/system_ch32v30x.o
 .debug_abbrev  0x00000000000006d6       0x12 ./Startup/startup_ch32v30x_D8C.o
 .debug_abbrev  0x00000000000006e8      0x2f7 ./Peripheral/src/ch32v30x_dbgmcu.o
 .debug_abbrev  0x00000000000009df      0x2fd ./Peripheral/src/ch32v30x_dma.o
 .debug_abbrev  0x0000000000000cdc      0x31a ./Peripheral/src/ch32v30x_gpio.o
 .debug_abbrev  0x0000000000000ff6      0x2e3 ./Peripheral/src/ch32v30x_misc.o
 .debug_abbrev  0x00000000000012d9      0x351 ./Peripheral/src/ch32v30x_rcc.o
 .debug_abbrev  0x000000000000162a      0x312 ./Peripheral/src/ch32v30x_usart.o
 .debug_abbrev  0x000000000000193c      0x38b ./Hardware/my_usart8.o
 .debug_abbrev  0x0000000000001cc7      0x2f5 ./Debug/debug.o

.debug_aranges  0x0000000000000000      0x568
 .debug_aranges
                0x0000000000000000       0x28 ./User/ch32v30x_it.o
 .debug_aranges
                0x0000000000000028       0x20 ./User/main.o
 .debug_aranges
                0x0000000000000048       0x28 ./User/system_ch32v30x.o
 .debug_aranges
                0x0000000000000070       0x30 ./Startup/startup_ch32v30x_D8C.o
 .debug_aranges
                0x00000000000000a0       0x48 ./Peripheral/src/ch32v30x_dbgmcu.o
 .debug_aranges
                0x00000000000000e8       0x60 ./Peripheral/src/ch32v30x_dma.o
 .debug_aranges
                0x0000000000000148       0xb0 ./Peripheral/src/ch32v30x_gpio.o
 .debug_aranges
                0x00000000000001f8       0x28 ./Peripheral/src/ch32v30x_misc.o
 .debug_aranges
                0x0000000000000220      0x1a8 ./Peripheral/src/ch32v30x_rcc.o
 .debug_aranges
                0x00000000000003c8       0xf0 ./Peripheral/src/ch32v30x_usart.o
 .debug_aranges
                0x00000000000004b8       0x60 ./Hardware/my_usart8.o
 .debug_aranges
                0x0000000000000518       0x50 ./Debug/debug.o

.debug_ranges   0x0000000000000000      0x4f8
 .debug_ranges  0x0000000000000000       0x18 ./User/ch32v30x_it.o
 .debug_ranges  0x0000000000000018       0x10 ./User/main.o
 .debug_ranges  0x0000000000000028       0x18 ./User/system_ch32v30x.o
 .debug_ranges  0x0000000000000040       0x28 ./Startup/startup_ch32v30x_D8C.o
 .debug_ranges  0x0000000000000068       0x50 ./Peripheral/src/ch32v30x_dbgmcu.o
 .debug_ranges  0x00000000000000b8       0x50 ./Peripheral/src/ch32v30x_dma.o
 .debug_ranges  0x0000000000000108       0xa0 ./Peripheral/src/ch32v30x_gpio.o
 .debug_ranges  0x00000000000001a8       0x48 ./Peripheral/src/ch32v30x_misc.o
 .debug_ranges  0x00000000000001f0      0x198 ./Peripheral/src/ch32v30x_rcc.o
 .debug_ranges  0x0000000000000388       0xe0 ./Peripheral/src/ch32v30x_usart.o
 .debug_ranges  0x0000000000000468       0x50 ./Hardware/my_usart8.o
 .debug_ranges  0x00000000000004b8       0x40 ./Debug/debug.o

.debug_line     0x0000000000000000     0x6ce0
 .debug_line    0x0000000000000000      0x270 ./User/ch32v30x_it.o
 .debug_line    0x0000000000000270      0x457 ./User/main.o
 .debug_line    0x00000000000006c7      0x7dd ./User/system_ch32v30x.o
 .debug_line    0x0000000000000ea4      0x122 ./Startup/startup_ch32v30x_D8C.o
 .debug_line    0x0000000000000fc6      0x3a2 ./Peripheral/src/ch32v30x_dbgmcu.o
 .debug_line    0x0000000000001368      0x9e4 ./Peripheral/src/ch32v30x_dma.o
 .debug_line    0x0000000000001d4c      0xff1 ./Peripheral/src/ch32v30x_gpio.o
 .debug_line    0x0000000000002d3d      0x3e1 ./Peripheral/src/ch32v30x_misc.o
 .debug_line    0x000000000000311e     0x199c ./Peripheral/src/ch32v30x_rcc.o
 .debug_line    0x0000000000004aba      0xf09 ./Peripheral/src/ch32v30x_usart.o
 .debug_line    0x00000000000059c3      0xbcf ./Hardware/my_usart8.o
 .debug_line    0x0000000000006592      0x74e ./Debug/debug.o

.debug_str      0x0000000000000000     0x201c
 .debug_str     0x0000000000000000      0x541 ./User/ch32v30x_it.o
                                        0x5a2 (size before relaxing)
 .debug_str     0x0000000000000541      0x16d ./User/main.o
                                        0x6f1 (size before relaxing)
 .debug_str     0x00000000000006ae       0xe6 ./User/system_ch32v30x.o
                                        0x68f (size before relaxing)
 .debug_str     0x0000000000000794       0x6d ./Startup/startup_ch32v30x_D8C.o
 .debug_str     0x0000000000000801       0x97 ./Peripheral/src/ch32v30x_dbgmcu.o
                                        0x632 (size before relaxing)
 .debug_str     0x0000000000000898      0x21b ./Peripheral/src/ch32v30x_dma.o
                                        0x7df (size before relaxing)
 .debug_str     0x0000000000000ab3      0x3c5 ./Peripheral/src/ch32v30x_gpio.o
                                        0x99c (size before relaxing)
 .debug_str     0x0000000000000e78      0x69d ./Peripheral/src/ch32v30x_misc.o
                                        0xca5 (size before relaxing)
 .debug_str     0x0000000000001515      0x5db ./Peripheral/src/ch32v30x_rcc.o
                                        0xcb6 (size before relaxing)
 .debug_str     0x0000000000001af0      0x3b3 ./Peripheral/src/ch32v30x_usart.o
                                        0xad6 (size before relaxing)
 .debug_str     0x0000000000001ea3       0xfc ./Hardware/my_usart8.o
                                        0xb05 (size before relaxing)
 .debug_str     0x0000000000001f9f       0x7d ./Debug/debug.o
                                        0x914 (size before relaxing)

.comment        0x0000000000000000       0x33
 .comment       0x0000000000000000       0x33 ./User/ch32v30x_it.o
                                         0x34 (size before relaxing)
 .comment       0x0000000000000033       0x34 ./User/main.o
 .comment       0x0000000000000033       0x34 ./User/system_ch32v30x.o
 .comment       0x0000000000000033       0x34 ./Peripheral/src/ch32v30x_dbgmcu.o
 .comment       0x0000000000000033       0x34 ./Peripheral/src/ch32v30x_dma.o
 .comment       0x0000000000000033       0x34 ./Peripheral/src/ch32v30x_gpio.o
 .comment       0x0000000000000033       0x34 ./Peripheral/src/ch32v30x_misc.o
 .comment       0x0000000000000033       0x34 ./Peripheral/src/ch32v30x_rcc.o
 .comment       0x0000000000000033       0x34 ./Peripheral/src/ch32v30x_usart.o
 .comment       0x0000000000000033       0x34 ./Hardware/my_usart8.o
 .comment       0x0000000000000033       0x34 ./Debug/debug.o

.debug_frame    0x0000000000000000     0x13b0
 .debug_frame   0x0000000000000000       0x30 ./User/ch32v30x_it.o
 .debug_frame   0x0000000000000030       0x28 ./User/main.o
 .debug_frame   0x0000000000000058       0x30 ./User/system_ch32v30x.o
 .debug_frame   0x0000000000000088       0x70 ./Peripheral/src/ch32v30x_dbgmcu.o
 .debug_frame   0x00000000000000f8       0xd8 ./Peripheral/src/ch32v30x_dma.o
 .debug_frame   0x00000000000001d0      0x174 ./Peripheral/src/ch32v30x_gpio.o
 .debug_frame   0x0000000000000344       0x30 ./Peripheral/src/ch32v30x_misc.o
 .debug_frame   0x0000000000000374      0x344 ./Peripheral/src/ch32v30x_rcc.o
 .debug_frame   0x00000000000006b8      0x1e4 ./Peripheral/src/ch32v30x_usart.o
 .debug_frame   0x000000000000089c      0x148 ./Hardware/my_usart8.o
 .debug_frame   0x00000000000009e4       0xb8 ./Debug/debug.o
 .debug_frame   0x0000000000000a9c       0x40 e:/mouriverstudio/program/mounriver/mounriver_studio/toolchain/risc-v embedded gcc/bin/../lib/gcc/riscv-none-embed/8.2.0/../../../../riscv-none-embed/lib/rv32imacxw/ilp32\libg_nano.a(lib_a-nano-freer.o)
 .debug_frame   0x0000000000000adc       0x40 e:/mouriverstudio/program/mounriver/mounriver_studio/toolchain/risc-v embedded gcc/bin/../lib/gcc/riscv-none-embed/8.2.0/../../../../riscv-none-embed/lib/rv32imacxw/ilp32\libg_nano.a(lib_a-nano-mallocr.o)
 .debug_frame   0x0000000000000b1c       0x54 e:/mouriverstudio/program/mounriver/mounriver_studio/toolchain/risc-v embedded gcc/bin/../lib/gcc/riscv-none-embed/8.2.0/../../../../riscv-none-embed/lib/rv32imacxw/ilp32\libg_nano.a(lib_a-printf.o)
 .debug_frame   0x0000000000000b70       0x54 e:/mouriverstudio/program/mounriver/mounriver_studio/toolchain/risc-v embedded gcc/bin/../lib/gcc/riscv-none-embed/8.2.0/../../../../riscv-none-embed/lib/rv32imacxw/ilp32\libg_nano.a(lib_a-puts.o)
 .debug_frame   0x0000000000000bc4       0x30 e:/mouriverstudio/program/mounriver/mounriver_studio/toolchain/risc-v embedded gcc/bin/../lib/gcc/riscv-none-embed/8.2.0/../../../../riscv-none-embed/lib/rv32imacxw/ilp32\libg_nano.a(lib_a-sbrkr.o)
 .debug_frame   0x0000000000000bf4       0xa4 e:/mouriverstudio/program/mounriver/mounriver_studio/toolchain/risc-v embedded gcc/bin/../lib/gcc/riscv-none-embed/8.2.0/../../../../riscv-none-embed/lib/rv32imacxw/ilp32\libg_nano.a(lib_a-stdio.o)
 .debug_frame   0x0000000000000c98       0x50 e:/mouriverstudio/program/mounriver/mounriver_studio/toolchain/risc-v embedded gcc/bin/../lib/gcc/riscv-none-embed/8.2.0/../../../../riscv-none-embed/lib/rv32imacxw/ilp32\libg_nano.a(lib_a-wbuf.o)
 .debug_frame   0x0000000000000ce8       0x30 e:/mouriverstudio/program/mounriver/mounriver_studio/toolchain/risc-v embedded gcc/bin/../lib/gcc/riscv-none-embed/8.2.0/../../../../riscv-none-embed/lib/rv32imacxw/ilp32\libg_nano.a(lib_a-writer.o)
 .debug_frame   0x0000000000000d18       0x3c e:/mouriverstudio/program/mounriver/mounriver_studio/toolchain/risc-v embedded gcc/bin/../lib/gcc/riscv-none-embed/8.2.0/../../../../riscv-none-embed/lib/rv32imacxw/ilp32\libg_nano.a(lib_a-wsetup.o)
 .debug_frame   0x0000000000000d54       0x30 e:/mouriverstudio/program/mounriver/mounriver_studio/toolchain/risc-v embedded gcc/bin/../lib/gcc/riscv-none-embed/8.2.0/../../../../riscv-none-embed/lib/rv32imacxw/ilp32\libg_nano.a(lib_a-closer.o)
 .debug_frame   0x0000000000000d84       0x7c e:/mouriverstudio/program/mounriver/mounriver_studio/toolchain/risc-v embedded gcc/bin/../lib/gcc/riscv-none-embed/8.2.0/../../../../riscv-none-embed/lib/rv32imacxw/ilp32\libg_nano.a(lib_a-fflush.o)
 .debug_frame   0x0000000000000e00      0x148 e:/mouriverstudio/program/mounriver/mounriver_studio/toolchain/risc-v embedded gcc/bin/../lib/gcc/riscv-none-embed/8.2.0/../../../../riscv-none-embed/lib/rv32imacxw/ilp32\libg_nano.a(lib_a-findfp.o)
 .debug_frame   0x0000000000000f48       0x88 e:/mouriverstudio/program/mounriver/mounriver_studio/toolchain/risc-v embedded gcc/bin/../lib/gcc/riscv-none-embed/8.2.0/../../../../riscv-none-embed/lib/rv32imacxw/ilp32\libg_nano.a(lib_a-fwalk.o)
 .debug_frame   0x0000000000000fd0       0x30 e:/mouriverstudio/program/mounriver/mounriver_studio/toolchain/risc-v embedded gcc/bin/../lib/gcc/riscv-none-embed/8.2.0/../../../../riscv-none-embed/lib/rv32imacxw/ilp32\libg_nano.a(lib_a-lseekr.o)
 .debug_frame   0x0000000000001000       0x64 e:/mouriverstudio/program/mounriver/mounriver_studio/toolchain/risc-v embedded gcc/bin/../lib/gcc/riscv-none-embed/8.2.0/../../../../riscv-none-embed/lib/rv32imacxw/ilp32\libg_nano.a(lib_a-makebuf.o)
 .debug_frame   0x0000000000001064       0x30 e:/mouriverstudio/program/mounriver/mounriver_studio/toolchain/risc-v embedded gcc/bin/../lib/gcc/riscv-none-embed/8.2.0/../../../../riscv-none-embed/lib/rv32imacxw/ilp32\libg_nano.a(lib_a-mlock.o)
 .debug_frame   0x0000000000001094       0xd0 e:/mouriverstudio/program/mounriver/mounriver_studio/toolchain/risc-v embedded gcc/bin/../lib/gcc/riscv-none-embed/8.2.0/../../../../riscv-none-embed/lib/rv32imacxw/ilp32\libg_nano.a(lib_a-nano-vfprintf.o)
 .debug_frame   0x0000000000001164       0x8c e:/mouriverstudio/program/mounriver/mounriver_studio/toolchain/risc-v embedded gcc/bin/../lib/gcc/riscv-none-embed/8.2.0/../../../../riscv-none-embed/lib/rv32imacxw/ilp32\libg_nano.a(lib_a-nano-vfprintf_i.o)
 .debug_frame   0x00000000000011f0       0x30 e:/mouriverstudio/program/mounriver/mounriver_studio/toolchain/risc-v embedded gcc/bin/../lib/gcc/riscv-none-embed/8.2.0/../../../../riscv-none-embed/lib/rv32imacxw/ilp32\libg_nano.a(lib_a-readr.o)
 .debug_frame   0x0000000000001220       0x70 e:/mouriverstudio/program/mounriver/mounriver_studio/toolchain/risc-v embedded gcc/bin/../lib/gcc/riscv-none-embed/8.2.0/../../../../riscv-none-embed/lib/rv32imacxw/ilp32\libg_nano.a(lib_a-reent.o)
 .debug_frame   0x0000000000001290       0x30 e:/mouriverstudio/program/mounriver/mounriver_studio/toolchain/risc-v embedded gcc/bin/../lib/gcc/riscv-none-embed/8.2.0/../../../../riscv-none-embed/lib/rv32imacxw/ilp32\libg_nano.a(lib_a-fstatr.o)
 .debug_frame   0x00000000000012c0       0x30 e:/mouriverstudio/program/mounriver/mounriver_studio/toolchain/risc-v embedded gcc/bin/../lib/gcc/riscv-none-embed/8.2.0/../../../../riscv-none-embed/lib/rv32imacxw/ilp32\libg_nano.a(lib_a-isattyr.o)
 .debug_frame   0x00000000000012f0       0x20 e:/mouriverstudio/program/mounriver/mounriver_studio/toolchain/risc-v embedded gcc/bin/../lib/gcc/riscv-none-embed/8.2.0/../../../../riscv-none-embed/lib/rv32imacxw/ilp32\libg_nano.a(lib_a-memchr.o)
 .debug_frame   0x0000000000001310       0x20 e:/mouriverstudio/program/mounriver/mounriver_studio/toolchain/risc-v embedded gcc/bin/../lib/gcc/riscv-none-embed/8.2.0/../../../../riscv-none-embed/lib/rv32imacxw/ilp32\libnosys.a(close.o)
 .debug_frame   0x0000000000001330       0x20 e:/mouriverstudio/program/mounriver/mounriver_studio/toolchain/risc-v embedded gcc/bin/../lib/gcc/riscv-none-embed/8.2.0/../../../../riscv-none-embed/lib/rv32imacxw/ilp32\libnosys.a(fstat.o)
 .debug_frame   0x0000000000001350       0x20 e:/mouriverstudio/program/mounriver/mounriver_studio/toolchain/risc-v embedded gcc/bin/../lib/gcc/riscv-none-embed/8.2.0/../../../../riscv-none-embed/lib/rv32imacxw/ilp32\libnosys.a(isatty.o)
 .debug_frame   0x0000000000001370       0x20 e:/mouriverstudio/program/mounriver/mounriver_studio/toolchain/risc-v embedded gcc/bin/../lib/gcc/riscv-none-embed/8.2.0/../../../../riscv-none-embed/lib/rv32imacxw/ilp32\libnosys.a(lseek.o)
 .debug_frame   0x0000000000001390       0x20 e:/mouriverstudio/program/mounriver/mounriver_studio/toolchain/risc-v embedded gcc/bin/../lib/gcc/riscv-none-embed/8.2.0/../../../../riscv-none-embed/lib/rv32imacxw/ilp32\libnosys.a(read.o)

.debug_loc      0x0000000000000000     0x207d
 .debug_loc     0x0000000000000000      0x163 ./User/system_ch32v30x.o
 .debug_loc     0x0000000000000163       0x7c ./Peripheral/src/ch32v30x_dbgmcu.o
 .debug_loc     0x00000000000001df      0x19a ./Peripheral/src/ch32v30x_dma.o
 .debug_loc     0x0000000000000379      0x6d6 ./Peripheral/src/ch32v30x_gpio.o
 .debug_loc     0x0000000000000a4f       0x47 ./Peripheral/src/ch32v30x_misc.o
 .debug_loc     0x0000000000000a96      0xadb ./Peripheral/src/ch32v30x_rcc.o
 .debug_loc     0x0000000000001571      0x779 ./Peripheral/src/ch32v30x_usart.o
 .debug_loc     0x0000000000001cea      0x21c ./Hardware/my_usart8.o
 .debug_loc     0x0000000000001f06      0x177 ./Debug/debug.o

.stab           0x0000000000000000       0x84
 .stab          0x0000000000000000       0x24 e:/mouriverstudio/program/mounriver/mounriver_studio/toolchain/risc-v embedded gcc/bin/../lib/gcc/riscv-none-embed/8.2.0/../../../../riscv-none-embed/lib/rv32imacxw/ilp32\libnosys.a(close.o)
 .stab          0x0000000000000024       0x18 e:/mouriverstudio/program/mounriver/mounriver_studio/toolchain/risc-v embedded gcc/bin/../lib/gcc/riscv-none-embed/8.2.0/../../../../riscv-none-embed/lib/rv32imacxw/ilp32\libnosys.a(fstat.o)
                                         0x24 (size before relaxing)
 .stab          0x000000000000003c       0x18 e:/mouriverstudio/program/mounriver/mounriver_studio/toolchain/risc-v embedded gcc/bin/../lib/gcc/riscv-none-embed/8.2.0/../../../../riscv-none-embed/lib/rv32imacxw/ilp32\libnosys.a(isatty.o)
                                         0x24 (size before relaxing)
 .stab          0x0000000000000054       0x18 e:/mouriverstudio/program/mounriver/mounriver_studio/toolchain/risc-v embedded gcc/bin/../lib/gcc/riscv-none-embed/8.2.0/../../../../riscv-none-embed/lib/rv32imacxw/ilp32\libnosys.a(lseek.o)
                                         0x24 (size before relaxing)
 .stab          0x000000000000006c       0x18 e:/mouriverstudio/program/mounriver/mounriver_studio/toolchain/risc-v embedded gcc/bin/../lib/gcc/riscv-none-embed/8.2.0/../../../../riscv-none-embed/lib/rv32imacxw/ilp32\libnosys.a(read.o)
                                         0x24 (size before relaxing)

.stabstr        0x0000000000000000      0x117
 .stabstr       0x0000000000000000      0x117 e:/mouriverstudio/program/mounriver/mounriver_studio/toolchain/risc-v embedded gcc/bin/../lib/gcc/riscv-none-embed/8.2.0/../../../../riscv-none-embed/lib/rv32imacxw/ilp32\libnosys.a(close.o)
