Archive member included to satisfy reference by file (symbol)

e:/mouriverstudio/program/mounriver/mounriver_studio/toolchain/risc-v embedded gcc/bin/../lib/gcc/riscv-none-embed/8.2.0/rv32imacxw/ilp32\libgcc.a(_ffssi2.o)
                              ./LVGL/src/misc/lv_tlsf.o (__ffssi2)
e:/mouriverstudio/program/mounriver/mounriver_studio/toolchain/risc-v embedded gcc/bin/../lib/gcc/riscv-none-embed/8.2.0/rv32imacxw/ilp32\libgcc.a(_clz.o)
                              e:/mouriverstudio/program/mounriver/mounriver_studio/toolchain/risc-v embedded gcc/bin/../lib/gcc/riscv-none-embed/8.2.0/rv32imacxw/ilp32\libgcc.a(_ffssi2.o) (__clz_tab)
e:/mouriverstudio/program/mounriver/mounriver_studio/toolchain/risc-v embedded gcc/bin/../lib/gcc/riscv-none-embed/8.2.0/rv32imacxw/ilp32\libgcc.a(_clzsi2.o)
                              ./LVGL/src/misc/lv_tlsf.o (__clzsi2)
e:/mouriverstudio/program/mounriver/mounriver_studio/toolchain/risc-v embedded gcc/bin/../lib/gcc/riscv-none-embed/8.2.0/rv32imacxw/ilp32\libgcc.a(_udivdi3.o)
                              ./LVGL/src/misc/lv_printf.o (__udivdi3)
e:/mouriverstudio/program/mounriver/mounriver_studio/toolchain/risc-v embedded gcc/bin/../lib/gcc/riscv-none-embed/8.2.0/rv32imacxw/ilp32\libgcc.a(_umoddi3.o)
                              ./LVGL/src/misc/lv_printf.o (__umoddi3)
e:/mouriverstudio/program/mounriver/mounriver_studio/toolchain/risc-v embedded gcc/bin/../lib/gcc/riscv-none-embed/8.2.0/rv32imacxw/ilp32\libgcc.a(save-restore.o)
                              ./LVGL/src/widgets/lv_bar.o (__riscv_save_12)
e:/mouriverstudio/program/mounriver/mounriver_studio/toolchain/risc-v embedded gcc/bin/../lib/gcc/riscv-none-embed/8.2.0/../../../../riscv-none-embed/lib/rv32imacxw/ilp32\libg_nano.a(lib_a-assert.o)
                              ./LVGL/src/extra/libs/qrcode/qrcodegen.o (__assert_func)
e:/mouriverstudio/program/mounriver/mounriver_studio/toolchain/risc-v embedded gcc/bin/../lib/gcc/riscv-none-embed/8.2.0/../../../../riscv-none-embed/lib/rv32imacxw/ilp32\libg_nano.a(lib_a-fprintf.o)
                              e:/mouriverstudio/program/mounriver/mounriver_studio/toolchain/risc-v embedded gcc/bin/../lib/gcc/riscv-none-embed/8.2.0/../../../../riscv-none-embed/lib/rv32imacxw/ilp32\libg_nano.a(lib_a-assert.o) (fiprintf)
e:/mouriverstudio/program/mounriver/mounriver_studio/toolchain/risc-v embedded gcc/bin/../lib/gcc/riscv-none-embed/8.2.0/../../../../riscv-none-embed/lib/rv32imacxw/ilp32\libg_nano.a(lib_a-impure.o)
                              e:/mouriverstudio/program/mounriver/mounriver_studio/toolchain/risc-v embedded gcc/bin/../lib/gcc/riscv-none-embed/8.2.0/../../../../riscv-none-embed/lib/rv32imacxw/ilp32\libg_nano.a(lib_a-assert.o) (_impure_ptr)
e:/mouriverstudio/program/mounriver/mounriver_studio/toolchain/risc-v embedded gcc/bin/../lib/gcc/riscv-none-embed/8.2.0/../../../../riscv-none-embed/lib/rv32imacxw/ilp32\libg_nano.a(lib_a-memcmp.o)
                              ./LVGL/src/widgets/lv_dropdown.o (memcmp)
e:/mouriverstudio/program/mounriver/mounriver_studio/toolchain/risc-v embedded gcc/bin/../lib/gcc/riscv-none-embed/8.2.0/../../../../riscv-none-embed/lib/rv32imacxw/ilp32\libg_nano.a(lib_a-memcpy.o)
                              ./LVGL/src/misc/lv_anim_timeline.o (memcpy)
e:/mouriverstudio/program/mounriver/mounriver_studio/toolchain/risc-v embedded gcc/bin/../lib/gcc/riscv-none-embed/8.2.0/../../../../riscv-none-embed/lib/rv32imacxw/ilp32\libg_nano.a(lib_a-memmove.o)
                              ./LVGL/src/extra/libs/qrcode/qrcodegen.o (memmove)
e:/mouriverstudio/program/mounriver/mounriver_studio/toolchain/risc-v embedded gcc/bin/../lib/gcc/riscv-none-embed/8.2.0/../../../../riscv-none-embed/lib/rv32imacxw/ilp32\libg_nano.a(lib_a-memset.o)
                              ./LVGL/src/font/lv_font_loader.o (memset)
e:/mouriverstudio/program/mounriver/mounriver_studio/toolchain/risc-v embedded gcc/bin/../lib/gcc/riscv-none-embed/8.2.0/../../../../riscv-none-embed/lib/rv32imacxw/ilp32\libg_nano.a(lib_a-nano-vfprintf.o)
                              e:/mouriverstudio/program/mounriver/mounriver_studio/toolchain/risc-v embedded gcc/bin/../lib/gcc/riscv-none-embed/8.2.0/../../../../riscv-none-embed/lib/rv32imacxw/ilp32\libg_nano.a(lib_a-fprintf.o) (_vfprintf_r)
e:/mouriverstudio/program/mounriver/mounriver_studio/toolchain/risc-v embedded gcc/bin/../lib/gcc/riscv-none-embed/8.2.0/../../../../riscv-none-embed/lib/rv32imacxw/ilp32\libg_nano.a(lib_a-nano-vfprintf_i.o)
                              e:/mouriverstudio/program/mounriver/mounriver_studio/toolchain/risc-v embedded gcc/bin/../lib/gcc/riscv-none-embed/8.2.0/../../../../riscv-none-embed/lib/rv32imacxw/ilp32\libg_nano.a(lib_a-nano-vfprintf.o) (_printf_i)
e:/mouriverstudio/program/mounriver/mounriver_studio/toolchain/risc-v embedded gcc/bin/../lib/gcc/riscv-none-embed/8.2.0/../../../../riscv-none-embed/lib/rv32imacxw/ilp32\libg_nano.a(lib_a-printf.o)
                              ./User/main.o (printf)
[...]
Memory Configuration

Name             Origin             Length             Attributes
FLASH            0x0000000000000000 0x0000000000030000 xr
RAM              0x0000000020000000 0x0000000000020000 xrw
*default*        0x0000000000000000 0xffffffffffffffff

Linker script and memory map

LOAD ./ui/screens/ui_Screen1.o
LOAD ./ui/images/ui_img_1901514184.o
LOAD ./ui/images/ui_img_478574081.o
LOAD ./ui/images/ui_img_866073836.o
LOAD ./ui/fonts/ui_font_Font1.o
LOAD ./ui/fonts/ui_font_Font2.o
LOAD ./ui/fonts/ui_font_Font3.o
LOAD ./ui/fonts/ui_font_SongTi__16s4bpp.o
LOAD ./ui/components/ui_comp_hook.o
LOAD ./ui/ui.o
LOAD ./ui/ui_helpers.o
LOAD ./User/ch32v30x_it.o
LOAD ./User/main.o
LOAD ./User/system_ch32v30x.o
LOAD ./Startup/startup_ch32v30x_D8C.o
LOAD ./Peripheral/src/ch32v30x_adc.o
LOAD ./Peripheral/src/ch32v30x_bkp.o
LOAD ./Peripheral/src/ch32v30x_can.o
LOAD ./Peripheral/src/ch32v30x_crc.o
LOAD ./Peripheral/src/ch32v30x_dac.o
LOAD ./Peripheral/src/ch32v30x_dbgmcu.o
LOAD ./Peripheral/src/ch32v30x_dma.o
LOAD ./Peripheral/src/ch32v30x_dvp.o
LOAD ./Peripheral/src/ch32v30x_eth.o
LOAD ./Peripheral/src/ch32v30x_exti.o
LOAD ./Peripheral/src/ch32v30x_flash.o
LOAD ./Peripheral/src/ch32v30x_fsmc.o
LOAD ./Peripheral/src/ch32v30x_gpio.o
LOAD ./Peripheral/src/ch32v30x_i2c.o
LOAD ./Peripheral/src/ch32v30x_iwdg.o
LOAD ./Peripheral/src/ch32v30x_misc.o
LOAD ./Peripheral/src/ch32v30x_opa.o
LOAD ./Peripheral/src/ch32v30x_pwr.o
LOAD ./Peripheral/src/ch32v30x_rcc.o
LOAD ./Peripheral/src/ch32v30x_rng.o
LOAD ./Peripheral/src/ch32v30x_rtc.o
LOAD ./Peripheral/src/ch32v30x_sdio.o
LOAD ./Peripheral/src/ch32v30x_spi.o
LOAD ./Peripheral/src/ch32v30x_tim.o
LOAD ./Peripheral/src/ch32v30x_usart.o
LOAD ./Peripheral/src/ch32v30x_wwdg.o
LOAD ./LVGL/src/widgets/lv_arc.o
LOAD ./LVGL/src/widgets/lv_bar.o
LOAD ./LVGL/src/widgets/lv_btn.o
LOAD ./LVGL/src/widgets/lv_btnmatrix.o
LOAD ./LVGL/src/widgets/lv_canvas.o
LOAD ./LVGL/src/widgets/lv_checkbox.o
LOAD ./LVGL/src/widgets/lv_dropdown.o
LOAD ./LVGL/src/widgets/lv_img.o
LOAD ./LVGL/src/widgets/lv_label.o
LOAD ./LVGL/src/widgets/lv_line.o
LOAD ./LVGL/src/widgets/lv_objx_templ.o
LOAD ./LVGL/src/widgets/lv_roller.o
LOAD ./LVGL/src/widgets/lv_slider.o
LOAD ./LVGL/src/widgets/lv_switch.o
LOAD ./LVGL/src/widgets/lv_table.o
LOAD ./LVGL/src/widgets/lv_textarea.o
LOAD ./LVGL/src/misc/lv_anim.o
LOAD ./LVGL/src/misc/lv_anim_timeline.o
LOAD ./LVGL/src/misc/lv_area.o
LOAD ./LVGL/src/misc/lv_async.o
LOAD ./LVGL/src/misc/lv_bidi.o
LOAD ./LVGL/src/misc/lv_color.o
LOAD ./LVGL/src/misc/lv_fs.o
LOAD ./LVGL/src/misc/lv_gc.o
LOAD ./LVGL/src/misc/lv_ll.o
LOAD ./LVGL/src/misc/lv_log.o
LOAD ./LVGL/src/misc/lv_lru.o
LOAD ./LVGL/src/misc/lv_math.o
LOAD ./LVGL/src/misc/lv_mem.o
LOAD ./LVGL/src/misc/lv_printf.o
LOAD ./LVGL/src/misc/lv_style.o
LOAD ./LVGL/src/misc/lv_style_gen.o
LOAD ./LVGL/src/misc/lv_templ.o
LOAD ./LVGL/src/misc/lv_timer.o
LOAD ./LVGL/src/misc/lv_tlsf.o
LOAD ./LVGL/src/misc/lv_txt.o
LOAD ./LVGL/src/misc/lv_txt_ap.o
LOAD ./LVGL/src/misc/lv_utils.o
LOAD ./LVGL/src/hal/lv_hal_disp.o
LOAD ./LVGL/src/hal/lv_hal_indev.o
LOAD ./LVGL/src/hal/lv_hal_tick.o
LOAD ./LVGL/src/font/lv_font.o
LOAD ./LVGL/src/font/lv_font_dejavu_16_persian_hebrew.o
LOAD ./LVGL/src/font/lv_font_fmt_txt.o
LOAD ./LVGL/src/font/lv_font_loader.o
LOAD ./LVGL/src/font/lv_font_montserrat_10.o
LOAD ./LVGL/src/font/lv_font_montserrat_12.o
LOAD ./LVGL/src/font/lv_font_montserrat_12_subpx.o
LOAD ./LVGL/src/font/lv_font_montserrat_14.o
LOAD ./LVGL/src/font/lv_font_montserrat_16.o
LOAD ./LVGL/src/font/lv_font_montserrat_18.o
LOAD ./LVGL/src/font/lv_font_montserrat_20.o
LOAD ./LVGL/src/font/lv_font_montserrat_22.o
LOAD ./LVGL/src/font/lv_font_montserrat_24.o
LOAD ./LVGL/src/font/lv_font_montserrat_26.o
LOAD ./LVGL/src/font/lv_font_montserrat_28.o
LOAD ./LVGL/src/font/lv_font_montserrat_28_compressed.o
LOAD ./LVGL/src/font/lv_font_montserrat_30.o
LOAD ./LVGL/src/font/lv_font_montserrat_32.o
LOAD ./LVGL/src/font/lv_font_montserrat_34.o
LOAD ./LVGL/src/font/lv_font_montserrat_36.o
LOAD ./LVGL/src/font/lv_font_montserrat_38.o
LOAD ./LVGL/src/font/lv_font_montserrat_40.o
LOAD ./LVGL/src/font/lv_font_montserrat_42.o
LOAD ./LVGL/src/font/lv_font_montserrat_44.o
LOAD ./LVGL/src/font/lv_font_montserrat_46.o
LOAD ./LVGL/src/font/lv_font_montserrat_48.o
LOAD ./LVGL/src/font/lv_font_montserrat_8.o
LOAD ./LVGL/src/font/lv_font_simsun_16_cjk.o
LOAD ./LVGL/src/font/lv_font_unscii_16.o
LOAD ./LVGL/src/font/lv_font_unscii_8.o
LOAD ./LVGL/src/extra/widgets/win/lv_win.o
LOAD ./LVGL/src/extra/widgets/tileview/lv_tileview.o
LOAD ./LVGL/src/extra/widgets/tabview/lv_tabview.o
LOAD ./LVGL/src/extra/widgets/spinner/lv_spinner.o
LOAD ./LVGL/src/extra/widgets/spinbox/lv_spinbox.o
LOAD ./LVGL/src/extra/widgets/span/lv_span.o
LOAD ./LVGL/src/extra/widgets/msgbox/lv_msgbox.o
LOAD ./LVGL/src/extra/widgets/meter/lv_meter.o
LOAD ./LVGL/src/extra/widgets/menu/lv_menu.o
LOAD ./LVGL/src/extra/widgets/list/lv_list.o
LOAD ./LVGL/src/extra/widgets/led/lv_led.o
LOAD ./LVGL/src/extra/widgets/keyboard/lv_keyboard.o
LOAD ./LVGL/src/extra/widgets/imgbtn/lv_imgbtn.o
LOAD ./LVGL/src/extra/widgets/colorwheel/lv_colorwheel.o
LOAD ./LVGL/src/extra/widgets/chart/lv_chart.o
LOAD ./LVGL/src/extra/widgets/calendar/lv_calendar.o
LOAD ./LVGL/src/extra/widgets/calendar/lv_calendar_header_arrow.o
LOAD ./LVGL/src/extra/widgets/calendar/lv_calendar_header_dropdown.o
LOAD ./LVGL/src/extra/widgets/animimg/lv_animimg.o
LOAD ./LVGL/src/extra/themes/mono/lv_theme_mono.o
LOAD ./LVGL/src/extra/themes/default/lv_theme_default.o
LOAD ./LVGL/src/extra/themes/basic/lv_theme_basic.o
LOAD ./LVGL/src/extra/others/snapshot/lv_snapshot.o
LOAD ./LVGL/src/extra/others/msg/lv_msg.o
LOAD ./LVGL/src/extra/others/monkey/lv_monkey.o
LOAD ./LVGL/src/extra/others/imgfont/lv_imgfont.o
LOAD ./LVGL/src/extra/others/ime/lv_ime_pinyin.o
LOAD ./LVGL/src/extra/others/gridnav/lv_gridnav.o
LOAD ./LVGL/src/extra/others/fragment/lv_fragment.o
LOAD ./LVGL/src/extra/others/fragment/lv_fragment_manager.o
LOAD ./LVGL/src/extra/libs/sjpg/lv_sjpg.o
LOAD ./LVGL/src/extra/libs/sjpg/tjpgd.o
LOAD ./LVGL/src/extra/libs/rlottie/lv_rlottie.o
LOAD ./LVGL/src/extra/libs/qrcode/lv_qrcode.o
LOAD ./LVGL/src/extra/libs/qrcode/qrcodegen.o
LOAD ./LVGL/src/extra/libs/png/lodepng.o
LOAD ./LVGL/src/extra/libs/png/lv_png.o
LOAD ./LVGL/src/extra/libs/gif/gifdec.o
LOAD ./LVGL/src/extra/libs/gif/lv_gif.o
LOAD ./LVGL/src/extra/libs/fsdrv/lv_fs_fatfs.o
LOAD ./LVGL/src/extra/libs/fsdrv/lv_fs_posix.o
LOAD ./LVGL/src/extra/libs/fsdrv/lv_fs_stdio.o
LOAD ./LVGL/src/extra/libs/fsdrv/lv_fs_win32.o
LOAD ./LVGL/src/extra/libs/freetype/lv_freetype.o
LOAD ./LVGL/src/extra/libs/ffmpeg/lv_ffmpeg.o
LOAD ./LVGL/src/extra/libs/bmp/lv_bmp.o
LOAD ./LVGL/src/extra/layouts/grid/lv_grid.o
LOAD ./LVGL/src/extra/layouts/flex/lv_flex.o
LOAD ./LVGL/src/extra/lv_extra.o
LOAD ./LVGL/src/draw/sw/lv_draw_sw.o
LOAD ./LVGL/src/draw/sw/lv_draw_sw_arc.o
LOAD ./LVGL/src/draw/sw/lv_draw_sw_blend.o
LOAD ./LVGL/src/draw/sw/lv_draw_sw_dither.o
LOAD ./LVGL/src/draw/sw/lv_draw_sw_gradient.o
LOAD ./LVGL/src/draw/sw/lv_draw_sw_img.o
LOAD ./LVGL/src/draw/sw/lv_draw_sw_layer.o
LOAD ./LVGL/src/draw/sw/lv_draw_sw_letter.o
LOAD ./LVGL/src/draw/sw/lv_draw_sw_line.o
LOAD ./LVGL/src/draw/sw/lv_draw_sw_polygon.o
LOAD ./LVGL/src/draw/sw/lv_draw_sw_rect.o
LOAD ./LVGL/src/draw/sw/lv_draw_sw_transform.o
LOAD ./LVGL/src/draw/sdl/lv_draw_sdl.o
LOAD ./LVGL/src/draw/sdl/lv_draw_sdl_arc.o
LOAD ./LVGL/src/draw/sdl/lv_draw_sdl_bg.o
LOAD ./LVGL/src/draw/sdl/lv_draw_sdl_composite.o
LOAD ./LVGL/src/draw/sdl/lv_draw_sdl_img.o
LOAD ./LVGL/src/draw/sdl/lv_draw_sdl_label.o
LOAD ./LVGL/src/draw/sdl/lv_draw_sdl_layer.o
LOAD ./LVGL/src/draw/sdl/lv_draw_sdl_line.o
LOAD ./LVGL/src/draw/sdl/lv_draw_sdl_mask.o
LOAD ./LVGL/src/draw/sdl/lv_draw_sdl_polygon.o
LOAD ./LVGL/src/draw/sdl/lv_draw_sdl_rect.o
LOAD ./LVGL/src/draw/sdl/lv_draw_sdl_stack_blur.o
LOAD ./LVGL/src/draw/sdl/lv_draw_sdl_texture_cache.o
LOAD ./LVGL/src/draw/sdl/lv_draw_sdl_utils.o
LOAD ./LVGL/src/draw/lv_draw.o
LOAD ./LVGL/src/draw/lv_draw_arc.o
LOAD ./LVGL/src/draw/lv_draw_img.o
LOAD ./LVGL/src/draw/lv_draw_label.o
LOAD ./LVGL/src/draw/lv_draw_layer.o
LOAD ./LVGL/src/draw/lv_draw_line.o
LOAD ./LVGL/src/draw/lv_draw_mask.o
LOAD ./LVGL/src/draw/lv_draw_rect.o
LOAD ./LVGL/src/draw/lv_draw_transform.o
LOAD ./LVGL/src/draw/lv_draw_triangle.o
LOAD ./LVGL/src/draw/lv_img_buf.o
LOAD ./LVGL/src/draw/lv_img_cache.o
LOAD ./LVGL/src/draw/lv_img_decoder.o
LOAD ./LVGL/src/core/lv_disp.o
LOAD ./LVGL/src/core/lv_event.o
LOAD ./LVGL/src/core/lv_group.o
LOAD ./LVGL/src/core/lv_indev.o
LOAD ./LVGL/src/core/lv_indev_scroll.o
LOAD ./LVGL/src/core/lv_obj.o
LOAD ./LVGL/src/core/lv_obj_class.o
LOAD ./LVGL/src/core/lv_obj_draw.o
LOAD ./LVGL/src/core/lv_obj_pos.o
LOAD ./LVGL/src/core/lv_obj_scroll.o
LOAD ./LVGL/src/core/lv_obj_style.o
LOAD ./LVGL/src/core/lv_obj_style_gen.o
LOAD ./LVGL/src/core/lv_obj_tree.o
LOAD ./LVGL/src/core/lv_refr.o
LOAD ./LVGL/src/core/lv_theme.o
LOAD ./LVGL/examples/porting/lv_port_disp_template.o
LOAD ./LVGL/examples/porting/lv_port_fs_template.o
LOAD ./LVGL/examples/porting/lv_port_indev_template.o
LOAD ./LVGL/demos/stress/lv_demo_stress.o
LOAD ./Hardware/Timer6/timer6.o
LOAD ./Hardware/LCD/lcd.o
LOAD ./Hardware/KEY/key.o
LOAD ./Debug/debug.o
LOAD ./Core/core_riscv.o
LOAD e:/mouriverstudio/program/mounriver/mounriver_studio/toolchain/risc-v embedded gcc/bin/../lib/gcc/riscv-none-embed/8.2.0/../../../../riscv-none-embed/lib/rv32imacxw/ilp32\libm.a
LOAD e:/mouriverstudio/program/mounriver/mounriver_studio/toolchain/risc-v embedded gcc/bin/../lib/gcc/riscv-none-embed/8.2.0/rv32imacxw/ilp32\libgcc.a
LOAD e:/mouriverstudio/program/mounriver/mounriver_studio/toolchain/risc-v embedded gcc/bin/../lib/gcc/riscv-none-embed/8.2.0/../../../../riscv-none-embed/lib/rv32imacxw/ilp32\libg_nano.a
LOAD e:/mouriverstudio/program/mounriver/mounriver_studio/toolchain/risc-v embedded gcc/bin/../lib/gcc/riscv-none-embed/8.2.0/../../../../riscv-none-embed/lib/rv32imacxw/ilp32\libc_nano.a
LOAD e:/mouriverstudio/program/mounriver/mounriver_studio/toolchain/risc-v embedded gcc/bin/../lib/gcc/riscv-none-embed/8.2.0/rv32imacxw/ilp32\libgcc.a
START GROUP
LOAD e:/mouriverstudio/program/mounriver/mounriver_studio/toolchain/risc-v embedded gcc/bin/../lib/gcc/riscv-none-embed/8.2.0/rv32imacxw/ilp32\libgcc.a
LOAD e:/mouriverstudio/program/mounriver/mounriver_studio/toolchain/risc-v embedded gcc/bin/../lib/gcc/riscv-none-embed/8.2.0/../../../../riscv-none-embed/lib/rv32imacxw/ilp32\libc_nano.a
LOAD e:/mouriverstudio/program/mounriver/mounriver_studio/toolchain/risc-v embedded gcc/bin/../lib/gcc/riscv-none-embed/8.2.0/../../../../riscv-none-embed/lib/rv32imacxw/ilp32\libnosys.a
END GROUP
START GROUP
LOAD e:/mouriverstudio/program/mounriver/mounriver_studio/toolchain/risc-v embedded gcc/bin/../lib/gcc/riscv-none-embed/8.2.0/rv32imacxw/ilp32\libgcc.a
LOAD e:/mouriverstudio/program/mounriver/mounriver_studio/toolchain/risc-v embedded gcc/bin/../lib/gcc/riscv-none-embed/8.2.0/../../../../riscv-none-embed/lib/rv32imacxw/ilp32\libc_nano.a
LOAD e:/mouriverstudio/program/mounriver/mounriver_studio/toolchain/risc-v embedded gcc/bin/../lib/gcc/riscv-none-embed/8.2.0/../../../../riscv-none-embed/lib/rv32imacxw/ilp32\libnosys.a
END GROUP
                0x0000000000000800                __stack_size = 0x800
                [!provide]                        PROVIDE (_stack_size = __stack_size)

.init           0x0000000000000000        0x4
                0x0000000000000000                _sinit = .
                0x0000000000000000                . = ALIGN (0x4)
 *(SORT_NONE(.init))
 .init          0x0000000000000000        0x4 ./Startup/startup_ch32v30x_D8C.o
                0x0000000000000000                _start
                0x0000000000000004                . = ALIGN (0x4)
                0x0000000000000004                _einit = .

.vector         0x0000000000000004      0x1bc
 *(.vector)
 .vector        0x0000000000000004      0x1a0 ./Startup/startup_ch32v30x_D8C.o
                0x00000000000001c0                . = ALIGN (0x40)
 *fill*         0x00000000000001a4       0x1c 

.text           0x00000000000001c0    0x2de6c
                0x00000000000001c0                . = ALIGN (0x4)
 *(.text)
 .text          0x00000000000001c0       0x60 e:/mouriverstudio/program/mounriver/mounriver_studio/toolchain/risc-v embedded gcc/bin/../lib/gcc/riscv-none-embed/8.2.0/rv32imacxw/ilp32\libgcc.a(save-restore.o)
                0x00000000000001c0                __riscv_save_12
                0x00000000000001c8                __riscv_save_9
                0x00000000000001c8                __riscv_save_11
                0x00000000000001c8                __riscv_save_10
                0x00000000000001c8                __riscv_save_8
                0x00000000000001d6                __riscv_save_4
                0x00000000000001d6                __riscv_save_6
                0x00000000000001d6                __riscv_save_5
                0x00000000000001d6                __riscv_save_7
                0x00000000000001f0                __riscv_save_3
                0x00000000000001f0                __riscv_save_2
                0x00000000000001f0                __riscv_save_1
                0x00000000000001f0                __riscv_save_0
                0x00000000000001fc                __riscv_restore_12
                0x0000000000000200                __riscv_restore_11
                0x0000000000000200                __riscv_restore_9
                0x0000000000000200                __riscv_restore_10
                0x0000000000000200                __riscv_restore_8
                0x000000000000020a                __riscv_restore_5
                0x000000000000020a                __riscv_restore_7
                0x000000000000020a                __riscv_restore_6
                0x000000000000020a                __riscv_restore_4
                0x0000000000000214                __riscv_restore_3
                0x0000000000000214                __riscv_restore_0
                0x0000000000000214                __riscv_restore_2
                0x0000000000000214                __riscv_restore_1
 .text          0x0000000000000220       0xa8 e:/mouriverstudio/program/mounriver/mounriver_studio/toolchain/risc-v embedded gcc/bin/../lib/gcc/riscv-none-embed/8.2.0/../../../../riscv-none-embed/lib/rv32imacxw/ilp32\libg_nano.a(lib_a-memset.o)
                0x0000000000000220                memset
 .text          0x00000000000002c8      0x11a e:/mouriverstudio/program/mounriver/mounriver_studio/toolchain/risc-v embedded gcc/bin/../lib/gcc/riscv-none-embed/8.2.0/../../../../riscv-none-embed/lib/rv32imacxw/ilp32\libg_nano.a(lib_a-strcmp.o)
                0x00000000000002c8                strcmp
 *(.text.*)
 .text.ui_Screen1_screen_init
                0x00000000000003e2      0x128 ./ui/screens/ui_Screen1.o
                0x00000000000003e2                ui_Screen1_screen_init
 .text.ui_event_Keyboard1
                0x000000000000050a       0x12 ./ui/ui.o
                0x000000000000050a                ui_event_Keyboard1
 .text.ui_init  0x000000000000051c       0x50 ./ui/ui.o
                0x000000000000051c                ui_init
 .text.NMI_Handler
                0x000000000000056c        0x2 ./User/ch32v30x_it.o
                0x000000000000056c                NMI_Handler
 .text.HardFault_Handler
                0x000000000000056e        0x2 ./User/ch32v30x_it.o
                0x000000000000056e                HardFault_Handler
 .text.startup.main
                0x0000000000000570       0x68 ./User/main.o
                0x0000000000000570                main
 .text.SystemInit
                0x00000000000005d8       0xb2 ./User/system_ch32v30x.o
                0x00000000000005d8                SystemInit
 .text.SystemCoreClockUpdate
                0x000000000000068a      0x12e ./User/system_ch32v30x.o
                0x000000000000068a                SystemCoreClockUpdate
 .text.vector_handler
                0x00000000000007b8        0x2 ./Startup/startup_ch32v30x_D8C.o
                0x00000000000007b8                EXTI2_IRQHandler
                0x00000000000007b8                TIM8_TRG_COM_IRQHandler
                0x00000000000007b8                TIM8_CC_IRQHandler
                0x00000000000007b8                UART8_IRQHandler
                0x00000000000007b8                TIM1_CC_IRQHandler
                0x00000000000007b8                SysTick_Handler
                0x00000000000007b8                PVD_IRQHandler
                0x00000000000007b8                SDIO_IRQHandler
                0x00000000000007b8                TIM9_BRK_IRQHandler
                0x00000000000007b8                DMA2_Channel8_IRQHandler
                0x00000000000007b8                CAN2_RX1_IRQHandler
                0x00000000000007b8                EXTI3_IRQHandler
                0x00000000000007b8                USBHS_IRQHandler
                0x00000000000007b8                DMA2_Channel9_IRQHandler
                0x00000000000007b8                TIM10_CC_IRQHandler
                0x00000000000007b8                USBFS_IRQHandler
                0x00000000000007b8                EXTI0_IRQHandler
                0x00000000000007b8                I2C2_EV_IRQHandler
                0x00000000000007b8                TIM10_TRG_COM_IRQHandler
                0x00000000000007b8                CAN2_SCE_IRQHandler
                0x00000000000007b8                ADC1_2_IRQHandler
                0x00000000000007b8                Break_Point_Handler
                0x00000000000007b8                SPI1_IRQHandler
                0x00000000000007b8                TAMPER_IRQHandler
                0x00000000000007b8                CAN2_RX0_IRQHandler
                0x00000000000007b8                TIM8_UP_IRQHandler
                0x00000000000007b8                Ecall_M_Mode_Handler
                0x00000000000007b8                DMA2_Channel2_IRQHandler
                0x00000000000007b8                DMA1_Channel4_IRQHandler
                0x00000000000007b8                TIM9_UP_IRQHandler
                0x00000000000007b8                USART3_IRQHandler
                0x00000000000007b8                RTC_IRQHandler
                0x00000000000007b8                DMA1_Channel7_IRQHandler
                0x00000000000007b8                CAN1_RX1_IRQHandler
                0x00000000000007b8                DVP_IRQHandler
                0x00000000000007b8                UART5_IRQHandler
                0x00000000000007b8                TIM4_IRQHandler
                0x00000000000007b8                DMA2_Channel1_IRQHandler
                0x00000000000007b8                I2C1_EV_IRQHandler
                0x00000000000007b8                DMA1_Channel6_IRQHandler
                0x00000000000007b8                UART4_IRQHandler
                0x00000000000007b8                DMA2_Channel4_IRQHandler
                0x00000000000007b8                TIM3_IRQHandler
                0x00000000000007b8                RCC_IRQHandler
                0x00000000000007b8                TIM1_TRG_COM_IRQHandler
                0x00000000000007b8                DMA1_Channel1_IRQHandler
                0x00000000000007b8                DMA2_Channel7_IRQHandler
                0x00000000000007b8                EXTI15_10_IRQHandler
                0x00000000000007b8                TIM7_IRQHandler
                0x00000000000007b8                CAN2_TX_IRQHandler
                0x00000000000007b8                TIM5_IRQHandler
                0x00000000000007b8                EXTI9_5_IRQHandler
                0x00000000000007b8                ETH_WKUP_IRQHandler
                0x00000000000007b8                SPI2_IRQHandler
                0x00000000000007b8                TIM10_BRK_IRQHandler
                0x00000000000007b8                TIM9_CC_IRQHandler
                0x00000000000007b8                DMA2_Channel5_IRQHandler
                0x00000000000007b8                DMA1_Channel5_IRQHandler
                0x00000000000007b8                EXTI4_IRQHandler
                0x00000000000007b8                USB_LP_CAN1_RX0_IRQHandler
                0x00000000000007b8                RNG_IRQHandler
                0x00000000000007b8                USB_HP_CAN1_TX_IRQHandler
                0x00000000000007b8                DMA1_Channel3_IRQHandler
                0x00000000000007b8                ETH_IRQHandler
                0x00000000000007b8                TIM1_UP_IRQHandler
                0x00000000000007b8                WWDG_IRQHandler
                0x00000000000007b8                USBHSWakeup_IRQHandler
                0x00000000000007b8                DMA2_Channel11_IRQHandler
                0x00000000000007b8                Ecall_U_Mode_Handler
                0x00000000000007b8                DMA2_Channel6_IRQHandler
                0x00000000000007b8                TIM2_IRQHandler
                0x00000000000007b8                SW_Handler
                0x00000000000007b8                TIM1_BRK_IRQHandler
                0x00000000000007b8                DMA2_Channel10_IRQHandler
                0x00000000000007b8                EXTI1_IRQHandler
                0x00000000000007b8                RTCAlarm_IRQHandler
                0x00000000000007b8                TIM10_UP_IRQHandler
                0x00000000000007b8                TIM9_TRG_COM_IRQHandler
                0x00000000000007b8                UART7_IRQHandler
                0x00000000000007b8                USART2_IRQHandler
                0x00000000000007b8                UART6_IRQHandler
                0x00000000000007b8                I2C2_ER_IRQHandler
                0x00000000000007b8                DMA1_Channel2_IRQHandler
                0x00000000000007b8                TIM8_BRK_IRQHandler
                0x00000000000007b8                CAN1_SCE_IRQHandler
                0x00000000000007b8                FLASH_IRQHandler
                0x00000000000007b8                USART1_IRQHandler
                0x00000000000007b8                SPI3_IRQHandler
                0x00000000000007b8                I2C1_ER_IRQHandler
                0x00000000000007b8                USBWakeUp_IRQHandler
                0x00000000000007b8                DMA2_Channel3_IRQHandler
 .text.handle_reset
                0x00000000000007ba       0x8e ./Startup/startup_ch32v30x_D8C.o
                0x00000000000007ba                handle_reset
 .text.DBGMCU_GetCHIPID
                0x0000000000000848        0xa ./Peripheral/src/ch32v30x_dbgmcu.o
                0x0000000000000848                DBGMCU_GetCHIPID
 .text.FSMC_NORSRAMInit
                0x0000000000000852       0xae ./Peripheral/src/ch32v30x_fsmc.o
                0x0000000000000852                FSMC_NORSRAMInit
 .text.FSMC_NORSRAMCmd
                0x0000000000000900       0x1e ./Peripheral/src/ch32v30x_fsmc.o
                0x0000000000000900                FSMC_NORSRAMCmd
 .text.GPIO_Init
                0x000000000000091e       0xc0 ./Peripheral/src/ch32v30x_gpio.o
                0x000000000000091e                GPIO_Init
 .text.GPIO_ReadInputDataBit
                0x00000000000009de        0xa ./Peripheral/src/ch32v30x_gpio.o
                0x00000000000009de                GPIO_ReadInputDataBit
 .text.GPIO_SetBits
                0x00000000000009e8        0x4 ./Peripheral/src/ch32v30x_gpio.o
                0x00000000000009e8                GPIO_SetBits
 .text.GPIO_ResetBits
                0x00000000000009ec        0x4 ./Peripheral/src/ch32v30x_gpio.o
                0x00000000000009ec                GPIO_ResetBits
 .text.NVIC_PriorityGroupConfig
                0x00000000000009f0        0x6 ./Peripheral/src/ch32v30x_misc.o
                0x00000000000009f0                NVIC_PriorityGroupConfig
 .text.NVIC_Init
                0x00000000000009f6       0x4e ./Peripheral/src/ch32v30x_misc.o
                0x00000000000009f6                NVIC_Init
 .text.RCC_GetClocksFreq
                0x0000000000000a44      0x176 ./Peripheral/src/ch32v30x_rcc.o
                0x0000000000000a44                RCC_GetClocksFreq
 .text.RCC_AHBPeriphClockCmd
                0x0000000000000bba       0x1e ./Peripheral/src/ch32v30x_rcc.o
                0x0000000000000bba                RCC_AHBPeriphClockCmd
 .text.RCC_APB2PeriphClockCmd
                0x0000000000000bd8       0x1e ./Peripheral/src/ch32v30x_rcc.o
                0x0000000000000bd8                RCC_APB2PeriphClockCmd
 .text.RCC_APB1PeriphClockCmd
                0x0000000000000bf6       0x1e ./Peripheral/src/ch32v30x_rcc.o
                0x0000000000000bf6                RCC_APB1PeriphClockCmd
 .text.TIM_TimeBaseInit
                0x0000000000000c14       0xaa ./Peripheral/src/ch32v30x_tim.o
                0x0000000000000c14                TIM_TimeBaseInit
 .text.TIM_OC2Init
                0x0000000000000cbe       0xae ./Peripheral/src/ch32v30x_tim.o
                0x0000000000000cbe                TIM_OC2Init
 .text.TIM_Cmd  0x0000000000000d6c       0x18 ./Peripheral/src/ch32v30x_tim.o
                0x0000000000000d6c                TIM_Cmd
 .text.TIM_CtrlPWMOutputs
                0x0000000000000d84       0x16 ./Peripheral/src/ch32v30x_tim.o
                0x0000000000000d84                TIM_CtrlPWMOutputs
 .text.TIM_ITConfig
                0x0000000000000d9a       0x12 ./Peripheral/src/ch32v30x_tim.o
                0x0000000000000d9a                TIM_ITConfig
 .text.TIM_ARRPreloadConfig
                0x0000000000000dac       0x1a ./Peripheral/src/ch32v30x_tim.o
                0x0000000000000dac                TIM_ARRPreloadConfig
 .text.TIM_OC2PreloadConfig
                0x0000000000000dc6       0x16 ./Peripheral/src/ch32v30x_tim.o
                0x0000000000000dc6                TIM_OC2PreloadConfig
 .text.TIM_GetITStatus
                0x0000000000000ddc       0x18 ./Peripheral/src/ch32v30x_tim.o
                0x0000000000000ddc                TIM_GetITStatus
 .text.TIM_ClearITPendingBit
                0x0000000000000df4        0xc ./Peripheral/src/ch32v30x_tim.o
                0x0000000000000df4                TIM_ClearITPendingBit
 .text.USART_Init
                0x0000000000000e00       0x8e ./Peripheral/src/ch32v30x_usart.o
                0x0000000000000e00                USART_Init
 .text.USART_Cmd
                0x0000000000000e8e       0x16 ./Peripheral/src/ch32v30x_usart.o
                0x0000000000000e8e                USART_Cmd
 .text.USART_SendData
                0x0000000000000ea4        0x8 ./Peripheral/src/ch32v30x_usart.o
                0x0000000000000ea4                USART_SendData
 .text.USART_GetFlagStatus
                0x0000000000000eac        0xa ./Peripheral/src/ch32v30x_usart.o
                0x0000000000000eac                USART_GetFlagStatus
 .text.get_angle
                0x0000000000000eb6       0x6e ./LVGL/src/widgets/lv_arc.o
 .text.lv_obj_get_style_arc_width
                0x0000000000000f24       0x14 ./LVGL/src/widgets/lv_arc.o
 .text.lv_obj_get_style_pad_left
                0x0000000000000f38       0x12 ./LVGL/src/widgets/lv_arc.o
 .text.lv_obj_get_style_pad_right
                0x0000000000000f4a       0x12 ./LVGL/src/widgets/lv_arc.o
 .text.lv_obj_get_style_pad_top
                0x0000000000000f5c       0x12 ./LVGL/src/widgets/lv_arc.o
 .text.lv_obj_get_style_pad_bottom
                0x0000000000000f6e       0x12 ./LVGL/src/widgets/lv_arc.o
 .text.get_center
                0x0000000000000f80       0x90 ./LVGL/src/widgets/lv_arc.o
 .text.get_knob_area
                0x0000000000001010       0xba ./LVGL/src/widgets/lv_arc.o
 .text.lv_arc_constructor
                0x00000000000010ca       0x5e ./LVGL/src/widgets/lv_arc.o
 .text.inv_arc_area
                0x0000000000001128       0xba ./LVGL/src/widgets/lv_arc.o
 .text.knob_get_extra_size
                0x00000000000011e2       0xe2 ./LVGL/src/widgets/lv_arc.o
 .text.inv_knob_area
                0x00000000000012c4       0x3c ./LVGL/src/widgets/lv_arc.o
 .text.lv_arc_set_start_angle
                0x0000000000001300       0x98 ./LVGL/src/widgets/lv_arc.o
                0x0000000000001300                lv_arc_set_start_angle
 .text.lv_arc_set_end_angle
                0x0000000000001398       0x9a ./LVGL/src/widgets/lv_arc.o
                0x0000000000001398                lv_arc_set_end_angle
 .text.lv_arc_set_angles
                0x0000000000001432       0x16 ./LVGL/src/widgets/lv_arc.o
                0x0000000000001432                lv_arc_set_angles
 .text.value_update
                0x0000000000001448       0xfa ./LVGL/src/widgets/lv_arc.o
 .text.lv_arc_set_bg_start_angle
                0x0000000000001542       0x90 ./LVGL/src/widgets/lv_arc.o
                0x0000000000001542                lv_arc_set_bg_start_angle
 .text.lv_arc_set_bg_end_angle
                0x00000000000015d2       0x94 ./LVGL/src/widgets/lv_arc.o
                0x00000000000015d2                lv_arc_set_bg_end_angle
 .text.lv_arc_set_bg_angles
                0x0000000000001666       0x16 ./LVGL/src/widgets/lv_arc.o
                0x0000000000001666                lv_arc_set_bg_angles
 .text.lv_arc_set_rotation
                0x000000000000167c        0xe ./LVGL/src/widgets/lv_arc.o
                0x000000000000167c                lv_arc_set_rotation
 .text.lv_arc_set_value
                0x000000000000168a       0x42 ./LVGL/src/widgets/lv_arc.o
                0x000000000000168a                lv_arc_set_value
 .text.lv_arc_event
                0x00000000000016cc      0x630 ./LVGL/src/widgets/lv_arc.o
 .text.lv_area_get_width
                0x0000000000001cfc       0x10 ./LVGL/src/widgets/lv_bar.o
 .text.lv_area_get_height
                0x0000000000001d0c       0x10 ./LVGL/src/widgets/lv_bar.o
 .text.lv_bar_destructor
                0x0000000000001d1c       0x1e ./LVGL/src/widgets/lv_bar.o
 .text.lv_bar_anim_ready
                0x0000000000001d3a       0x2e ./LVGL/src/widgets/lv_bar.o
 .text.lv_bar_anim
                0x0000000000001d68       0x10 ./LVGL/src/widgets/lv_bar.o
 .text.lv_bar_set_value_with_anim
                0x0000000000001d78       0x84 ./LVGL/src/widgets/lv_bar.o
 .text.draw_indic
                0x0000000000001dfc      0x5ee ./LVGL/src/widgets/lv_bar.o
 .text.lv_bar_event
                0x00000000000023ea       0xf6 ./LVGL/src/widgets/lv_bar.o
 .text.lv_bar_set_value
                0x00000000000024e0       0x3a ./LVGL/src/widgets/lv_bar.o
                0x00000000000024e0                lv_bar_set_value
 .text.lv_bar_constructor
                0x000000000000251a       0x60 ./LVGL/src/widgets/lv_bar.o
 .text.lv_bar_set_start_value
                0x000000000000257a       0x42 ./LVGL/src/widgets/lv_bar.o
                0x000000000000257a                lv_bar_set_start_value
 .text.lv_bar_get_value
                0x00000000000025bc       0x10 ./LVGL/src/widgets/lv_bar.o
                0x00000000000025bc                lv_bar_get_value
 .text.lv_bar_get_start_value
                0x00000000000025cc       0x20 ./LVGL/src/widgets/lv_bar.o
                0x00000000000025cc                lv_bar_get_start_value
 .text.lv_bar_get_mode
                0x00000000000025ec        0x6 ./LVGL/src/widgets/lv_bar.o
                0x00000000000025ec                lv_bar_get_mode
 .text.lv_btn_constructor
                0x00000000000025f2       0x1c ./LVGL/src/widgets/lv_btn.o
 .text.lv_btn_create
                0x000000000000260e       0x1e ./LVGL/src/widgets/lv_btn.o
                0x000000000000260e                lv_btn_create
 .text.lv_btnmatrix_destructor
                0x000000000000262c       0x1e ./LVGL/src/widgets/lv_btnmatrix.o
 .text.draw_main
                0x000000000000264a      0x432 ./LVGL/src/widgets/lv_btnmatrix.o
 .text.lv_obj_get_style_pad_column.constprop.10
                0x0000000000002a7c       0x14 ./LVGL/src/widgets/lv_btnmatrix.o
 .text.invalidate_button_area
                0x0000000000002a90       0xda ./LVGL/src/widgets/lv_btnmatrix.o
 .text.get_button_from_point
                0x0000000000002b6a      0x1c0 ./LVGL/src/widgets/lv_btnmatrix.o
 .text.lv_btnmatrix_set_map.part.1
                0x0000000000002d2a      0x286 ./LVGL/src/widgets/lv_btnmatrix.o
 .text.lv_btnmatrix_constructor
                0x0000000000002fb0       0x34 ./LVGL/src/widgets/lv_btnmatrix.o
 .text.lv_btnmatrix_create
                0x0000000000002fe4       0x1e ./LVGL/src/widgets/lv_btnmatrix.o
                0x0000000000002fe4                lv_btnmatrix_create
 .text.lv_btnmatrix_set_map
                0x0000000000003002       0x10 ./LVGL/src/widgets/lv_btnmatrix.o
                0x0000000000003002                lv_btnmatrix_set_map
 .text.lv_btnmatrix_set_ctrl_map
                0x0000000000003012       0x1a ./LVGL/src/widgets/lv_btnmatrix.o
                0x0000000000003012                lv_btnmatrix_set_ctrl_map
 .text.lv_btnmatrix_set_selected_btn
                0x000000000000302c       0x2c ./LVGL/src/widgets/lv_btnmatrix.o
                0x000000000000302c                lv_btnmatrix_set_selected_btn
 .text.lv_btnmatrix_clear_btn_ctrl
                0x0000000000003058       0x36 ./LVGL/src/widgets/lv_btnmatrix.o
                0x0000000000003058                lv_btnmatrix_clear_btn_ctrl
 .text.lv_btnmatrix_clear_btn_ctrl_all
                0x000000000000308e       0x24 ./LVGL/src/widgets/lv_btnmatrix.o
                0x000000000000308e                lv_btnmatrix_clear_btn_ctrl_all
 .text.lv_btnmatrix_set_btn_ctrl
                0x00000000000030b2       0x4c ./LVGL/src/widgets/lv_btnmatrix.o
                0x00000000000030b2                lv_btnmatrix_set_btn_ctrl
 .text.lv_btnmatrix_set_btn_ctrl_all
                0x00000000000030fe       0x24 ./LVGL/src/widgets/lv_btnmatrix.o
                0x00000000000030fe                lv_btnmatrix_set_btn_ctrl_all
 .text.lv_btnmatrix_get_selected_btn
                0x0000000000003122        0x4 ./LVGL/src/widgets/lv_btnmatrix.o
                0x0000000000003122                lv_btnmatrix_get_selected_btn
 .text.lv_btnmatrix_get_btn_text
                0x0000000000003126       0x72 ./LVGL/src/widgets/lv_btnmatrix.o
                0x0000000000003126                lv_btnmatrix_get_btn_text
 .text.lv_btnmatrix_has_btn_ctrl
                0x0000000000003198       0x1c ./LVGL/src/widgets/lv_btnmatrix.o
                0x0000000000003198                lv_btnmatrix_has_btn_ctrl
 .text.make_one_button_checked
                0x00000000000031b4       0x2e ./LVGL/src/widgets/lv_btnmatrix.o
 .text.lv_btnmatrix_event
                0x00000000000031e2      0x596 ./LVGL/src/widgets/lv_btnmatrix.o
 .text.lv_btnmatrix_set_one_checked
                0x0000000000003778       0x1c ./LVGL/src/widgets/lv_btnmatrix.o
                0x0000000000003778                lv_btnmatrix_set_one_checked
 .text.lv_checkbox_constructor
                0x0000000000003794       0x3a ./LVGL/src/widgets/lv_checkbox.o
 .text.lv_checkbox_destructor
                0x00000000000037ce       0x1e ./LVGL/src/widgets/lv_checkbox.o
 .text.lv_checkbox_event
                0x00000000000037ec      0x334 ./LVGL/src/widgets/lv_checkbox.o
 .text.lv_dropdownlist_destructor
                0x0000000000003b20        0x8 ./LVGL/src/widgets/lv_dropdown.o
 .text.get_label
                0x0000000000003b28       0x14 ./LVGL/src/widgets/lv_dropdown.o
 .text.lv_dropdownlist_constructor
                0x0000000000003b3c       0x34 ./LVGL/src/widgets/lv_dropdown.o
 .text.lv_dropdown_destructor
                0x0000000000003b70       0x28 ./LVGL/src/widgets/lv_dropdown.o
 .text.get_id_on_point
                0x0000000000003b98       0x6a ./LVGL/src/widgets/lv_dropdown.o
 .text.draw_box_label
                0x0000000000003c02       0xd0 ./LVGL/src/widgets/lv_dropdown.o
 .text.draw_box
                0x0000000000003cd2       0xba ./LVGL/src/widgets/lv_dropdown.o
 .text.position_to_selected
                0x0000000000003d8c       0x58 ./LVGL/src/widgets/lv_dropdown.o
 .text.lv_dropdown_create
                0x0000000000003de4       0x1e ./LVGL/src/widgets/lv_dropdown.o
                0x0000000000003de4                lv_dropdown_create
 .text.lv_dropdown_set_options
                0x0000000000003e02       0x82 ./LVGL/src/widgets/lv_dropdown.o
                0x0000000000003e02                lv_dropdown_set_options
 .text.lv_dropdown_set_options_static
                0x0000000000003e84       0x66 ./LVGL/src/widgets/lv_dropdown.o
                0x0000000000003e84                lv_dropdown_set_options_static
 .text.lv_dropdown_constructor
                0x0000000000003eea       0x6e ./LVGL/src/widgets/lv_dropdown.o
 .text.lv_dropdown_set_selected
                0x0000000000003f58       0x26 ./LVGL/src/widgets/lv_dropdown.o
                0x0000000000003f58                lv_dropdown_set_selected
 .text.lv_dropdown_get_selected
                0x0000000000003f7e        0x4 ./LVGL/src/widgets/lv_dropdown.o
                0x0000000000003f7e                lv_dropdown_get_selected
 .text.lv_dropdown_get_selected_str
                0x0000000000003f82       0x7e ./LVGL/src/widgets/lv_dropdown.o
                0x0000000000003f82                lv_dropdown_get_selected_str
 .text.lv_dropdown_open
                0x0000000000004000      0x236 ./LVGL/src/widgets/lv_dropdown.o
                0x0000000000004000                lv_dropdown_open
 .text.lv_dropdown_close
                0x0000000000004236       0x28 ./LVGL/src/widgets/lv_dropdown.o
                0x0000000000004236                lv_dropdown_close
 .text.lv_dropdown_list_event
                0x000000000000425e      0x1c4 ./LVGL/src/widgets/lv_dropdown.o
 .text.lv_dropdown_is_open
                0x0000000000004422       0x18 ./LVGL/src/widgets/lv_dropdown.o
                0x0000000000004422                lv_dropdown_is_open
 .text.btn_release_handler
                0x000000000000443a       0x7e ./LVGL/src/widgets/lv_dropdown.o
 .text.lv_dropdown_event
                0x00000000000044b8      0x3a4 ./LVGL/src/widgets/lv_dropdown.o
 .text.lv_img_get_transformed_size
                0x000000000000485c       0x3c ./LVGL/src/widgets/lv_img.o
 .text.lv_img_constructor
                0x0000000000004898       0x58 ./LVGL/src/widgets/lv_img.o
 .text.lv_img_destructor
                0x00000000000048f0       0x2e ./LVGL/src/widgets/lv_img.o
 .text.lv_img_create
                0x000000000000491e       0x1e ./LVGL/src/widgets/lv_img.o
                0x000000000000491e                lv_img_create
 .text.lv_img_set_src
                0x000000000000493c      0x178 ./LVGL/src/widgets/lv_img.o
                0x000000000000493c                lv_img_set_src
 .text.lv_img_event
                0x0000000000004ab4      0x662 ./LVGL/src/widgets/lv_img.o
 .text.lv_label_dot_tmp_free
                0x0000000000005116       0x2c ./LVGL/src/widgets/lv_label.o
 .text.lv_label_destructor
                0x0000000000005142       0x22 ./LVGL/src/widgets/lv_label.o
 .text.set_ofs_y_anim
                0x0000000000005164       0x10 ./LVGL/src/widgets/lv_label.o
 .text.set_ofs_x_anim
                0x0000000000005174       0x10 ./LVGL/src/widgets/lv_label.o
 .text.lv_label_revert_dots
                0x0000000000005184       0x66 ./LVGL/src/widgets/lv_label.o
 .text.lv_obj_get_style_width.constprop.19
                0x00000000000051ea       0x14 ./LVGL/src/widgets/lv_label.o
 .text.lv_obj_get_style_text_letter_space.constprop.20
                0x00000000000051fe       0x16 ./LVGL/src/widgets/lv_label.o
 .text.lv_obj_get_style_text_line_space.constprop.21
                0x0000000000005214       0x16 ./LVGL/src/widgets/lv_label.o
 .text.lv_obj_get_style_text_font.constprop.22
                0x000000000000522a       0x12 ./LVGL/src/widgets/lv_label.o
 .text.lv_label_get_letter_on.part.10
                0x000000000000523c      0x202 ./LVGL/src/widgets/lv_label.o
 .text.lv_label_refr_text
                0x000000000000543e      0x510 ./LVGL/src/widgets/lv_label.o
 .text.lv_label_event
                0x000000000000594e      0x366 ./LVGL/src/widgets/lv_label.o
 .text.lv_label_create
                0x0000000000005cb4       0x1e ./LVGL/src/widgets/lv_label.o
                0x0000000000005cb4                lv_label_create
 .text.lv_label_set_text
                0x0000000000005cd2       0x78 ./LVGL/src/widgets/lv_label.o
                0x0000000000005cd2                lv_label_set_text
 .text.lv_label_set_text_fmt
                0x0000000000005d4a       0x5a ./LVGL/src/widgets/lv_label.o
                0x0000000000005d4a                lv_label_set_text_fmt
 .text.lv_label_set_text_static
                0x0000000000005da4       0x3c ./LVGL/src/widgets/lv_label.o
                0x0000000000005da4                lv_label_set_text_static
 .text.lv_label_set_long_mode
                0x0000000000005de0       0x6e ./LVGL/src/widgets/lv_label.o
                0x0000000000005de0                lv_label_set_long_mode
 .text.lv_label_constructor
                0x0000000000005e4e       0x56 ./LVGL/src/widgets/lv_label.o
 .text.lv_label_set_text_sel_start
                0x0000000000005ea4        0xe ./LVGL/src/widgets/lv_label.o
                0x0000000000005ea4                lv_label_set_text_sel_start
 .text.lv_label_set_text_sel_end
                0x0000000000005eb2        0xe ./LVGL/src/widgets/lv_label.o
                0x0000000000005eb2                lv_label_set_text_sel_end
 .text.lv_label_get_text
                0x0000000000005ec0        0x4 ./LVGL/src/widgets/lv_label.o
                0x0000000000005ec0                lv_label_get_text
 .text.lv_label_get_recolor
                0x0000000000005ec4        0xa ./LVGL/src/widgets/lv_label.o
                0x0000000000005ec4                lv_label_get_recolor
 .text.lv_label_get_letter_pos
                0x0000000000005ece      0x1da ./LVGL/src/widgets/lv_label.o
                0x0000000000005ece                lv_label_get_letter_pos
 .text.lv_label_get_letter_on
                0x00000000000060a8       0x10 ./LVGL/src/widgets/lv_label.o
                0x00000000000060a8                lv_label_get_letter_on
 .text.lv_label_is_char_under_pos
                0x00000000000060b8      0x1c2 ./LVGL/src/widgets/lv_label.o
                0x00000000000060b8                lv_label_is_char_under_pos
 .text.lv_label_get_text_selection_start
                0x000000000000627a        0x4 ./LVGL/src/widgets/lv_label.o
                0x000000000000627a                lv_label_get_text_selection_start
 .text.lv_label_get_text_selection_end
                0x000000000000627e        0x4 ./LVGL/src/widgets/lv_label.o
                0x000000000000627e                lv_label_get_text_selection_end
 .text.lv_label_ins_text
                0x0000000000006282       0x64 ./LVGL/src/widgets/lv_label.o
                0x0000000000006282                lv_label_ins_text
 .text.lv_line_constructor
                0x00000000000062e6       0x22 ./LVGL/src/widgets/lv_line.o
 .text.lv_line_event
                0x0000000000006308      0x19a ./LVGL/src/widgets/lv_line.o
 .text.set_y_anim
                0x00000000000064a2       0x10 ./LVGL/src/widgets/lv_roller.o
 .text.lv_obj_get_style_text_font
                0x00000000000064b2       0x10 ./LVGL/src/widgets/lv_roller.o
 .text.get_label
                0x00000000000064c2        0xe ./LVGL/src/widgets/lv_roller.o
 .text.lv_obj_get_style_text_line_space.constprop.13
                0x00000000000064d0       0x16 ./LVGL/src/widgets/lv_roller.o
 .text.get_sel_area
                0x00000000000064e6       0x7c ./LVGL/src/widgets/lv_roller.o
 .text.inf_normalize
                0x0000000000006562       0x80 ./LVGL/src/widgets/lv_roller.o
 .text.scroll_anim_ready_cb
                0x00000000000065e2       0x12 ./LVGL/src/widgets/lv_roller.o
 .text.refr_position
                0x00000000000065f4      0x12e ./LVGL/src/widgets/lv_roller.o
 .text.lv_roller_set_options.part.7
                0x0000000000006722       0xce ./LVGL/src/widgets/lv_roller.o
 .text.lv_roller_constructor
                0x00000000000067f0       0x50 ./LVGL/src/widgets/lv_roller.o
 .text.get_selected_label_width
                0x0000000000006840       0x5a ./LVGL/src/widgets/lv_roller.o
 .text.lv_roller_label_event
                0x000000000000689a      0x154 ./LVGL/src/widgets/lv_roller.o
 .text.lv_roller_set_selected
                0x00000000000069ee       0x86 ./LVGL/src/widgets/lv_roller.o
                0x00000000000069ee                lv_roller_set_selected
 .text.lv_roller_event
                0x0000000000006a74      0x486 ./LVGL/src/widgets/lv_roller.o
 .text.lv_slider_get_mode
                0x0000000000006efa       0x22 ./LVGL/src/widgets/lv_slider.o
 .text.lv_slider_constructor
                0x0000000000006f1c       0x52 ./LVGL/src/widgets/lv_slider.o
 .text.position_knob
                0x0000000000006f6e       0xd8 ./LVGL/src/widgets/lv_slider.o
 .text.lv_slider_event
                0x0000000000007046      0x728 ./LVGL/src/widgets/lv_slider.o
 .text.lv_switch_anim_ready
                0x000000000000776e       0x12 ./LVGL/src/widgets/lv_switch.o
 .text.lv_switch_anim_exec_cb
                0x0000000000007780        0xe ./LVGL/src/widgets/lv_switch.o
 .text.lv_switch_destructor
                0x000000000000778e       0x10 ./LVGL/src/widgets/lv_switch.o
 .text.lv_switch_constructor
                0x000000000000779e       0x28 ./LVGL/src/widgets/lv_switch.o
 .text.lv_switch_event
                0x00000000000077c6      0x2fa ./LVGL/src/widgets/lv_switch.o
 .text.lv_obj_get_style_pad_left
                0x0000000000007ac0       0x12 ./LVGL/src/widgets/lv_table.o
 .text.lv_obj_get_style_pad_right
                0x0000000000007ad2       0x12 ./LVGL/src/widgets/lv_table.o
 .text.lv_obj_get_style_pad_top
                0x0000000000007ae4       0x12 ./LVGL/src/widgets/lv_table.o
 .text.get_row_height
                0x0000000000007af6      0x10c ./LVGL/src/widgets/lv_table.o
 .text.lv_table_destructor
                0x0000000000007c02       0x4e ./LVGL/src/widgets/lv_table.o
 .text.lv_table_constructor
                0x0000000000007c50       0x42 ./LVGL/src/widgets/lv_table.o
 .text.get_cell_area
                0x0000000000007c92      0x100 ./LVGL/src/widgets/lv_table.o
 .text.scroll_to_selected_cell
                0x0000000000007d92       0x84 ./LVGL/src/widgets/lv_table.o
 .text.draw_main
                0x0000000000007e16      0x514 ./LVGL/src/widgets/lv_table.o
 .text.refr_size_form_row.constprop.4
                0x000000000000832a      0x100 ./LVGL/src/widgets/lv_table.o
 .text.lv_table_event
                0x000000000000842a      0x2b8 ./LVGL/src/widgets/lv_table.o
 .text.pwd_char_hider_anim
                0x00000000000086e2        0x2 ./LVGL/src/widgets/lv_textarea.o
 .text.lv_textarea_destructor
                0x00000000000086e4       0x2e ./LVGL/src/widgets/lv_textarea.o
 .text.start_cursor_blink
                0x0000000000008712       0x6a ./LVGL/src/widgets/lv_textarea.o
 .text.lv_obj_get_style_text_font.constprop.21
                0x000000000000877c       0x12 ./LVGL/src/widgets/lv_textarea.o
 .text.cursor_blink_anim_cb
                0x000000000000878e       0x52 ./LVGL/src/widgets/lv_textarea.o
 .text.refr_cursor_area
                0x00000000000087e0      0x20e ./LVGL/src/widgets/lv_textarea.o
 .text.label_event_cb
                0x00000000000089ee       0x3c ./LVGL/src/widgets/lv_textarea.o
 .text.lv_textarea_create
                0x0000000000008a2a       0x1e ./LVGL/src/widgets/lv_textarea.o
                0x0000000000008a2a                lv_textarea_create
 .text.lv_textarea_set_placeholder_text
                0x0000000000008a48       0x4c ./LVGL/src/widgets/lv_textarea.o
                0x0000000000008a48                lv_textarea_set_placeholder_text
 .text.lv_textarea_set_cursor_pos
                0x0000000000008a94       0xfe ./LVGL/src/widgets/lv_textarea.o
                0x0000000000008a94                lv_textarea_set_cursor_pos
 .text.lv_textarea_constructor
                0x0000000000008b92       0x92 ./LVGL/src/widgets/lv_textarea.o
 .text.lv_textarea_set_cursor_click_pos
                0x0000000000008c24       0x14 ./LVGL/src/widgets/lv_textarea.o
                0x0000000000008c24                lv_textarea_set_cursor_click_pos
 .text.lv_textarea_set_one_line
                0x0000000000008c38       0x72 ./LVGL/src/widgets/lv_textarea.o
                0x0000000000008c38                lv_textarea_set_one_line
 .text.lv_textarea_get_text
                0x0000000000008caa       0x1a ./LVGL/src/widgets/lv_textarea.o
                0x0000000000008caa                lv_textarea_get_text
 .text.lv_textarea_get_cursor_pos
                0x0000000000008cc4        0x4 ./LVGL/src/widgets/lv_textarea.o
                0x0000000000008cc4                lv_textarea_get_cursor_pos
 .text.lv_textarea_get_password_bullet
                0x0000000000008cc8       0x3c ./LVGL/src/widgets/lv_textarea.o
                0x0000000000008cc8                lv_textarea_get_password_bullet
 .text.pwd_char_hider
                0x0000000000008d04       0x72 ./LVGL/src/widgets/lv_textarea.o
 .text.auto_hide_characters
                0x0000000000008d76       0x50 ./LVGL/src/widgets/lv_textarea.o
 .text.pwd_char_hider_anim_ready
                0x0000000000008dc6        0xe ./LVGL/src/widgets/lv_textarea.o
 .text.lv_textarea_get_one_line
                0x0000000000008dd4        0xa ./LVGL/src/widgets/lv_textarea.o
                0x0000000000008dd4                lv_textarea_get_one_line
 .text.lv_textarea_clear_selection
                0x0000000000008dde       0x3c ./LVGL/src/widgets/lv_textarea.o
                0x0000000000008dde                lv_textarea_clear_selection
 .text.lv_textarea_add_text
                0x0000000000008e1a       0xda ./LVGL/src/widgets/lv_textarea.o
                0x0000000000008e1a                lv_textarea_add_text
 .text.insert_handler
                0x0000000000008ef4       0x42 ./LVGL/src/widgets/lv_textarea.o
 .text.lv_textarea_add_char
                0x0000000000008f36      0x100 ./LVGL/src/widgets/lv_textarea.o
                0x0000000000008f36                lv_textarea_add_char
 .text.lv_textarea_del_char
                0x0000000000009036       0x9c ./LVGL/src/widgets/lv_textarea.o
                0x0000000000009036                lv_textarea_del_char
 .text.lv_textarea_del_char_forward
                0x00000000000090d2       0x20 ./LVGL/src/widgets/lv_textarea.o
                0x00000000000090d2                lv_textarea_del_char_forward
 .text.lv_textarea_set_text
                0x00000000000090f2       0xc8 ./LVGL/src/widgets/lv_textarea.o
                0x00000000000090f2                lv_textarea_set_text
 .text.lv_textarea_cursor_right
                0x00000000000091ba       0x10 ./LVGL/src/widgets/lv_textarea.o
                0x00000000000091ba                lv_textarea_cursor_right
 .text.lv_textarea_cursor_left
                0x00000000000091ca       0x14 ./LVGL/src/widgets/lv_textarea.o
                0x00000000000091ca                lv_textarea_cursor_left
 .text.lv_textarea_cursor_down
                0x00000000000091de       0x64 ./LVGL/src/widgets/lv_textarea.o
                0x00000000000091de                lv_textarea_cursor_down
 .text.lv_textarea_cursor_up
                0x0000000000009242       0x56 ./LVGL/src/widgets/lv_textarea.o
                0x0000000000009242                lv_textarea_cursor_up
 .text.lv_textarea_event
                0x0000000000009298      0x446 ./LVGL/src/widgets/lv_textarea.o
 .text.lv_anim_path_linear
                0x00000000000096de       0x28 ./LVGL/src/misc/lv_anim.o
                0x00000000000096de                lv_anim_path_linear
 .text.anim_mark_list_change
                0x0000000000009706       0x2a ./LVGL/src/misc/lv_anim.o
 .text.anim_timer
                0x0000000000009730      0x172 ./LVGL/src/misc/lv_anim.o
 .text._lv_anim_core_init
                0x00000000000098a2       0x30 ./LVGL/src/misc/lv_anim.o
                0x00000000000098a2                _lv_anim_core_init
 .text.lv_anim_init
                0x00000000000098d2       0x3e ./LVGL/src/misc/lv_anim.o
                0x00000000000098d2                lv_anim_init
 .text.lv_anim_del
                0x0000000000009910       0x5e ./LVGL/src/misc/lv_anim.o
                0x0000000000009910                lv_anim_del
 .text.lv_anim_start
                0x000000000000996e       0x86 ./LVGL/src/misc/lv_anim.o
                0x000000000000996e                lv_anim_start
 .text.lv_anim_get
                0x00000000000099f4       0x30 ./LVGL/src/misc/lv_anim.o
                0x00000000000099f4                lv_anim_get
 .text.lv_anim_speed_to_time
                0x0000000000009a24       0x22 ./LVGL/src/misc/lv_anim.o
                0x0000000000009a24                lv_anim_speed_to_time
 .text.lv_anim_path_ease_out
                0x0000000000009a46       0x3a ./LVGL/src/misc/lv_anim.o
                0x0000000000009a46                lv_anim_path_ease_out
 .text.lv_anim_path_ease_in_out
                0x0000000000009a80       0x3a ./LVGL/src/misc/lv_anim.o
                0x0000000000009a80                lv_anim_path_ease_in_out
 .text.lv_anim_path_step
                0x0000000000009aba       0x10 ./LVGL/src/misc/lv_anim.o
                0x0000000000009aba                lv_anim_path_step
 .text.lv_point_within_circle
                0x0000000000009aca       0x46 ./LVGL/src/misc/lv_area.o
 .text.lv_area_set
                0x0000000000009b10        0xa ./LVGL/src/misc/lv_area.o
                0x0000000000009b10                lv_area_set
 .text.lv_area_set_width
                0x0000000000009b1a        0xa ./LVGL/src/misc/lv_area.o
                0x0000000000009b1a                lv_area_set_width
 .text.lv_area_set_height
                0x0000000000009b24        0xa ./LVGL/src/misc/lv_area.o
                0x0000000000009b24                lv_area_set_height
 .text.lv_area_get_size
                0x0000000000009b2e       0x1e ./LVGL/src/misc/lv_area.o
                0x0000000000009b2e                lv_area_get_size
 .text.lv_area_increase
                0x0000000000009b4c       0x22 ./LVGL/src/misc/lv_area.o
                0x0000000000009b4c                lv_area_increase
 .text.lv_area_move
                0x0000000000009b6e       0x22 ./LVGL/src/misc/lv_area.o
                0x0000000000009b6e                lv_area_move
 .text._lv_area_intersect
                0x0000000000009b90       0x94 ./LVGL/src/misc/lv_area.o
                0x0000000000009b90                _lv_area_intersect
 .text._lv_area_join
                0x0000000000009c24       0x68 ./LVGL/src/misc/lv_area.o
                0x0000000000009c24                _lv_area_join
 .text._lv_area_is_point_on
                0x0000000000009c8c      0x14e ./LVGL/src/misc/lv_area.o
                0x0000000000009c8c                _lv_area_is_point_on
 .text._lv_area_is_on
                0x0000000000009dda       0x3e ./LVGL/src/misc/lv_area.o
                0x0000000000009dda                _lv_area_is_on
 .text._lv_area_is_in
                0x0000000000009e18       0x8a ./LVGL/src/misc/lv_area.o
                0x0000000000009e18                _lv_area_is_in
 .text._lv_area_is_out
                0x0000000000009ea2       0x98 ./LVGL/src/misc/lv_area.o
                0x0000000000009ea2                _lv_area_is_out
 .text.lv_point_transform
                0x0000000000009f3a      0x14e ./LVGL/src/misc/lv_area.o
                0x0000000000009f3a                lv_point_transform
 .text.lv_color_mix
                0x000000000000a088       0x3c ./LVGL/src/misc/lv_color.o
 .text.lv_color_fill
                0x000000000000a0c4       0x46 ./LVGL/src/misc/lv_color.o
                0x000000000000a0c4                lv_color_fill
 .text.lv_color_darken
                0x000000000000a10a       0x12 ./LVGL/src/misc/lv_color.o
                0x000000000000a10a                lv_color_darken
 .text.lv_color_hsv_to_rgb
                0x000000000000a11c      0x100 ./LVGL/src/misc/lv_color.o
                0x000000000000a11c                lv_color_hsv_to_rgb
 .text.lv_palette_main
                0x000000000000a21c       0x1c ./LVGL/src/misc/lv_color.o
                0x000000000000a21c                lv_palette_main
 .text.lv_palette_lighten
                0x000000000000a238       0x2e ./LVGL/src/misc/lv_color.o
                0x000000000000a238                lv_palette_lighten
 .text.lv_palette_darken
                0x000000000000a266       0x2a ./LVGL/src/misc/lv_color.o
                0x000000000000a266                lv_palette_darken
 .text._lv_fs_init
                0x000000000000a290       0x10 ./LVGL/src/misc/lv_fs.o
                0x000000000000a290                _lv_fs_init
 .text.lv_fs_close
                0x000000000000a2a0       0x3e ./LVGL/src/misc/lv_fs.o
                0x000000000000a2a0                lv_fs_close
 .text.lv_fs_read
                0x000000000000a2de      0x170 ./LVGL/src/misc/lv_fs.o
                0x000000000000a2de                lv_fs_read
 .text.lv_fs_seek
                0x000000000000a44e       0x74 ./LVGL/src/misc/lv_fs.o
                0x000000000000a44e                lv_fs_seek
 .text.lv_fs_get_drv
                0x000000000000a4c2       0x28 ./LVGL/src/misc/lv_fs.o
                0x000000000000a4c2                lv_fs_get_drv
 .text.lv_fs_open
                0x000000000000a4ea       0x8c ./LVGL/src/misc/lv_fs.o
                0x000000000000a4ea                lv_fs_open
 .text.lv_fs_get_ext
                0x000000000000a576       0x42 ./LVGL/src/misc/lv_fs.o
                0x000000000000a576                lv_fs_get_ext
 .text.node_set_prev.isra.0
                0x000000000000a5b8        0xa ./LVGL/src/misc/lv_ll.o
 .text.node_set_next.isra.1
                0x000000000000a5c2        0xa ./LVGL/src/misc/lv_ll.o
 .text._lv_ll_init
                0x000000000000a5cc       0x10 ./LVGL/src/misc/lv_ll.o
                0x000000000000a5cc                _lv_ll_init
 .text._lv_ll_ins_head
                0x000000000000a5dc       0x3e ./LVGL/src/misc/lv_ll.o
                0x000000000000a5dc                _lv_ll_ins_head
 .text._lv_ll_ins_tail
                0x000000000000a61a       0x3e ./LVGL/src/misc/lv_ll.o
                0x000000000000a61a                _lv_ll_ins_tail
 .text._lv_ll_remove
                0x000000000000a658       0x58 ./LVGL/src/misc/lv_ll.o
                0x000000000000a658                _lv_ll_remove
 .text._lv_ll_clear
                0x000000000000a6b0       0x2a ./LVGL/src/misc/lv_ll.o
                0x000000000000a6b0                _lv_ll_clear
 .text._lv_ll_get_head
                0x000000000000a6da        0xa ./LVGL/src/misc/lv_ll.o
                0x000000000000a6da                _lv_ll_get_head
 .text._lv_ll_get_tail
                0x000000000000a6e4        0xa ./LVGL/src/misc/lv_ll.o
                0x000000000000a6e4                _lv_ll_get_tail
 .text._lv_ll_get_next
                0x000000000000a6ee        0x8 ./LVGL/src/misc/lv_ll.o
                0x000000000000a6ee                _lv_ll_get_next
 .text._lv_ll_get_prev
                0x000000000000a6f6        0x8 ./LVGL/src/misc/lv_ll.o
                0x000000000000a6f6                _lv_ll_get_prev
 .text._lv_ll_get_len
                0x000000000000a6fe       0x18 ./LVGL/src/misc/lv_ll.o
                0x000000000000a6fe                _lv_ll_get_len
 .text._lv_ll_is_empty
                0x000000000000a716       0x14 ./LVGL/src/misc/lv_ll.o
                0x000000000000a716                _lv_ll_is_empty
 .text.lv_trigo_sin
                0x000000000000a72a       0x7e ./LVGL/src/misc/lv_math.o
                0x000000000000a72a                lv_trigo_sin
 .text.lv_bezier3
                0x000000000000a7a8       0x54 ./LVGL/src/misc/lv_math.o
                0x000000000000a7a8                lv_bezier3
 .text.lv_atan2
                0x000000000000a7fc       0xc8 ./LVGL/src/misc/lv_math.o
                0x000000000000a7fc                lv_atan2
 .text.lv_pow   0x000000000000a8c4       0x3c ./LVGL/src/misc/lv_math.o
                0x000000000000a8c4                lv_pow
 .text.lv_map   0x000000000000a900       0x30 ./LVGL/src/misc/lv_math.o
                0x000000000000a900                lv_map
 .text.lv_mem_init
                0x000000000000a930       0x1a ./LVGL/src/misc/lv_mem.o
                0x000000000000a930                lv_mem_init
 .text.lv_mem_alloc
                0x000000000000a94a       0x36 ./LVGL/src/misc/lv_mem.o
                0x000000000000a94a                lv_mem_alloc
 .text.lv_mem_free
                0x000000000000a980       0x32 ./LVGL/src/misc/lv_mem.o
                0x000000000000a980                lv_mem_free
 .text.lv_mem_realloc
                0x000000000000a9b2       0x30 ./LVGL/src/misc/lv_mem.o
                0x000000000000a9b2                lv_mem_realloc
 .text.lv_mem_buf_get
                0x000000000000a9e2       0xb0 ./LVGL/src/misc/lv_mem.o
                0x000000000000a9e2                lv_mem_buf_get
 .text.lv_mem_buf_release
                0x000000000000aa92       0x28 ./LVGL/src/misc/lv_mem.o
                0x000000000000aa92                lv_mem_buf_release
 .text.lv_mem_buf_free_all
                0x000000000000aaba       0x38 ./LVGL/src/misc/lv_mem.o
                0x000000000000aaba                lv_mem_buf_free_all
 .text.lv_memcpy
                0x000000000000aaf2      0x1e2 ./LVGL/src/misc/lv_mem.o
                0x000000000000aaf2                lv_memcpy
 .text.lv_memset
                0x000000000000acd4       0x66 ./LVGL/src/misc/lv_mem.o
                0x000000000000acd4                lv_memset
 .text.lv_memset_00
                0x000000000000ad3a       0x6c ./LVGL/src/misc/lv_mem.o
                0x000000000000ad3a                lv_memset_00
 .text.lv_memset_ff
                0x000000000000ada6       0x5e ./LVGL/src/misc/lv_mem.o
                0x000000000000ada6                lv_memset_ff
 .text._out_buffer
                0x000000000000ae04        0xa ./LVGL/src/misc/lv_printf.o
 .text._out_null
                0x000000000000ae0e        0x2 ./LVGL/src/misc/lv_printf.o
 .text._ntoa_format
                0x000000000000ae10      0x19e ./LVGL/src/misc/lv_printf.o
 .text._ntoa_long
                0x000000000000afae       0x86 ./LVGL/src/misc/lv_printf.o
 .text._ntoa_long_long
                0x000000000000b034       0xf2 ./LVGL/src/misc/lv_printf.o
 .text._vsnprintf
                0x000000000000b126      0x524 ./LVGL/src/misc/lv_printf.o
 .text.lv_snprintf
                0x000000000000b64a       0x2a ./LVGL/src/misc/lv_printf.o
                0x000000000000b64a                lv_snprintf
 .text.lv_vsnprintf
                0x000000000000b674       0x1c ./LVGL/src/misc/lv_printf.o
                0x000000000000b674                lv_vsnprintf
 .text.lv_style_set_prop_helper
                0x000000000000b690        0x6 ./LVGL/src/misc/lv_style.o
 .text.lv_style_init
                0x000000000000b696        0xe ./LVGL/src/misc/lv_style.o
                0x000000000000b696                lv_style_init
 .text.lv_style_reset
                0x000000000000b6a4       0x2c ./LVGL/src/misc/lv_style.o
                0x000000000000b6a4                lv_style_reset
 .text.lv_style_register_prop
                0x000000000000b6d0       0x70 ./LVGL/src/misc/lv_style.o
                0x000000000000b6d0                lv_style_register_prop
 .text.lv_style_remove_prop
                0x000000000000b740       0xdc ./LVGL/src/misc/lv_style.o
                0x000000000000b740                lv_style_remove_prop
 .text.lv_style_transition_dsc_init
                0x000000000000b81c       0x3a ./LVGL/src/misc/lv_style.o
                0x000000000000b81c                lv_style_transition_dsc_init
 .text.lv_style_prop_get_default
                0x000000000000b856       0xee ./LVGL/src/misc/lv_style.o
                0x000000000000b856                lv_style_prop_get_default
 .text.lv_style_get_prop
                0x000000000000b944       0xcc ./LVGL/src/misc/lv_style.o
                0x000000000000b944                lv_style_get_prop
 .text.lv_style_is_empty
                0x000000000000ba10        0x8 ./LVGL/src/misc/lv_style.o
                0x000000000000ba10                lv_style_is_empty
 .text._lv_style_get_prop_group
                0x000000000000ba18       0x14 ./LVGL/src/misc/lv_style.o
                0x000000000000ba18                _lv_style_get_prop_group
 .text.lv_style_set_prop_internal
                0x000000000000ba2c      0x11a ./LVGL/src/misc/lv_style.o
 .text.lv_style_set_prop
                0x000000000000bb46       0x14 ./LVGL/src/misc/lv_style.o
                0x000000000000bb46                lv_style_set_prop
 .text._lv_style_prop_lookup_flags
                0x000000000000bb5a       0x42 ./LVGL/src/misc/lv_style.o
                0x000000000000bb5a                _lv_style_prop_lookup_flags
 .text.lv_style_set_width
                0x000000000000bb9c       0x10 ./LVGL/src/misc/lv_style_gen.o
                0x000000000000bb9c                lv_style_set_width
 .text.lv_style_set_max_width
                0x000000000000bbac       0x10 ./LVGL/src/misc/lv_style_gen.o
                0x000000000000bbac                lv_style_set_max_width
 .text.lv_style_set_height
                0x000000000000bbbc       0x10 ./LVGL/src/misc/lv_style_gen.o
                0x000000000000bbbc                lv_style_set_height
 .text.lv_style_set_max_height
                0x000000000000bbcc       0x10 ./LVGL/src/misc/lv_style_gen.o
                0x000000000000bbcc                lv_style_set_max_height
 .text.lv_style_set_transform_width
                0x000000000000bbdc       0x12 ./LVGL/src/misc/lv_style_gen.o
                0x000000000000bbdc                lv_style_set_transform_width
 .text.lv_style_set_transform_height
                0x000000000000bbee       0x12 ./LVGL/src/misc/lv_style_gen.o
                0x000000000000bbee                lv_style_set_transform_height
 .text.lv_style_set_pad_top
                0x000000000000bc00       0x10 ./LVGL/src/misc/lv_style_gen.o
                0x000000000000bc00                lv_style_set_pad_top
 .text.lv_style_set_pad_bottom
                0x000000000000bc10       0x10 ./LVGL/src/misc/lv_style_gen.o
                0x000000000000bc10                lv_style_set_pad_bottom
 .text.lv_style_set_pad_left
                0x000000000000bc20       0x10 ./LVGL/src/misc/lv_style_gen.o
                0x000000000000bc20                lv_style_set_pad_left
 .text.lv_style_set_pad_right
                0x000000000000bc30       0x10 ./LVGL/src/misc/lv_style_gen.o
                0x000000000000bc30                lv_style_set_pad_right
 .text.lv_style_set_pad_row
                0x000000000000bc40       0x10 ./LVGL/src/misc/lv_style_gen.o
                0x000000000000bc40                lv_style_set_pad_row
 .text.lv_style_set_pad_column
                0x000000000000bc50       0x10 ./LVGL/src/misc/lv_style_gen.o
                0x000000000000bc50                lv_style_set_pad_column
 .text.lv_style_set_bg_color
                0x000000000000bc60       0x1e ./LVGL/src/misc/lv_style_gen.o
                0x000000000000bc60                lv_style_set_bg_color
 .text.lv_style_set_bg_opa
                0x000000000000bc7e       0x12 ./LVGL/src/misc/lv_style_gen.o
                0x000000000000bc7e                lv_style_set_bg_opa
 .text.lv_style_set_bg_grad_color
                0x000000000000bc90       0x1e ./LVGL/src/misc/lv_style_gen.o
                0x000000000000bc90                lv_style_set_bg_grad_color
 .text.lv_style_set_bg_img_src
                0x000000000000bcae       0x12 ./LVGL/src/misc/lv_style_gen.o
                0x000000000000bcae                lv_style_set_bg_img_src
 .text.lv_style_set_border_color
                0x000000000000bcc0       0x1e ./LVGL/src/misc/lv_style_gen.o
                0x000000000000bcc0                lv_style_set_border_color
 .text.lv_style_set_border_opa
                0x000000000000bcde       0x12 ./LVGL/src/misc/lv_style_gen.o
                0x000000000000bcde                lv_style_set_border_opa
 .text.lv_style_set_border_width
                0x000000000000bcf0       0x12 ./LVGL/src/misc/lv_style_gen.o
                0x000000000000bcf0                lv_style_set_border_width
 .text.lv_style_set_border_side
                0x000000000000bd02       0x12 ./LVGL/src/misc/lv_style_gen.o
                0x000000000000bd02                lv_style_set_border_side
 .text.lv_style_set_border_post
                0x000000000000bd14       0x12 ./LVGL/src/misc/lv_style_gen.o
                0x000000000000bd14                lv_style_set_border_post
 .text.lv_style_set_outline_width
                0x000000000000bd26       0x12 ./LVGL/src/misc/lv_style_gen.o
                0x000000000000bd26                lv_style_set_outline_width
 .text.lv_style_set_outline_color
                0x000000000000bd38       0x1e ./LVGL/src/misc/lv_style_gen.o
                0x000000000000bd38                lv_style_set_outline_color
 .text.lv_style_set_outline_opa
                0x000000000000bd56       0x12 ./LVGL/src/misc/lv_style_gen.o
                0x000000000000bd56                lv_style_set_outline_opa
 .text.lv_style_set_outline_pad
                0x000000000000bd68       0x12 ./LVGL/src/misc/lv_style_gen.o
                0x000000000000bd68                lv_style_set_outline_pad
 .text.lv_style_set_shadow_width
                0x000000000000bd7a       0x12 ./LVGL/src/misc/lv_style_gen.o
                0x000000000000bd7a                lv_style_set_shadow_width
 .text.lv_style_set_shadow_ofs_y
                0x000000000000bd8c       0x12 ./LVGL/src/misc/lv_style_gen.o
                0x000000000000bd8c                lv_style_set_shadow_ofs_y
 .text.lv_style_set_shadow_spread
                0x000000000000bd9e       0x12 ./LVGL/src/misc/lv_style_gen.o
                0x000000000000bd9e                lv_style_set_shadow_spread
 .text.lv_style_set_shadow_color
                0x000000000000bdb0       0x1e ./LVGL/src/misc/lv_style_gen.o
                0x000000000000bdb0                lv_style_set_shadow_color
 .text.lv_style_set_shadow_opa
                0x000000000000bdce       0x12 ./LVGL/src/misc/lv_style_gen.o
                0x000000000000bdce                lv_style_set_shadow_opa
 .text.lv_style_set_line_width
                0x000000000000bde0       0x12 ./LVGL/src/misc/lv_style_gen.o
                0x000000000000bde0                lv_style_set_line_width
 .text.lv_style_set_line_color
                0x000000000000bdf2       0x1e ./LVGL/src/misc/lv_style_gen.o
                0x000000000000bdf2                lv_style_set_line_color
 .text.lv_style_set_arc_width
                0x000000000000be10       0x12 ./LVGL/src/misc/lv_style_gen.o
                0x000000000000be10                lv_style_set_arc_width
 .text.lv_style_set_arc_rounded
                0x000000000000be22       0x12 ./LVGL/src/misc/lv_style_gen.o
                0x000000000000be22                lv_style_set_arc_rounded
 .text.lv_style_set_arc_color
                0x000000000000be34       0x1e ./LVGL/src/misc/lv_style_gen.o
                0x000000000000be34                lv_style_set_arc_color
 .text.lv_style_set_text_color
                0x000000000000be52       0x1e ./LVGL/src/misc/lv_style_gen.o
                0x000000000000be52                lv_style_set_text_color
 .text.lv_style_set_text_font
                0x000000000000be70       0x12 ./LVGL/src/misc/lv_style_gen.o
                0x000000000000be70                lv_style_set_text_font
 .text.lv_style_set_text_line_space
                0x000000000000be82       0x12 ./LVGL/src/misc/lv_style_gen.o
                0x000000000000be82                lv_style_set_text_line_space
 .text.lv_style_set_text_align
                0x000000000000be94       0x12 ./LVGL/src/misc/lv_style_gen.o
                0x000000000000be94                lv_style_set_text_align
 .text.lv_style_set_radius
                0x000000000000bea6       0x10 ./LVGL/src/misc/lv_style_gen.o
                0x000000000000bea6                lv_style_set_radius
 .text.lv_style_set_clip_corner
                0x000000000000beb6       0x10 ./LVGL/src/misc/lv_style_gen.o
                0x000000000000beb6                lv_style_set_clip_corner
 .text.lv_style_set_color_filter_dsc
                0x000000000000bec6       0x12 ./LVGL/src/misc/lv_style_gen.o
                0x000000000000bec6                lv_style_set_color_filter_dsc
 .text.lv_style_set_color_filter_opa
                0x000000000000bed8       0x12 ./LVGL/src/misc/lv_style_gen.o
                0x000000000000bed8                lv_style_set_color_filter_opa
 .text.lv_style_set_anim_time
                0x000000000000beea       0x12 ./LVGL/src/misc/lv_style_gen.o
                0x000000000000beea                lv_style_set_anim_time
 .text.lv_style_set_transition
                0x000000000000befc       0x12 ./LVGL/src/misc/lv_style_gen.o
                0x000000000000befc                lv_style_set_transition
 .text._lv_timer_core_init
                0x000000000000bf0e       0x18 ./LVGL/src/misc/lv_timer.o
                0x000000000000bf0e                _lv_timer_core_init
 .text.lv_timer_create
                0x000000000000bf26       0x42 ./LVGL/src/misc/lv_timer.o
                0x000000000000bf26                lv_timer_create
 .text.lv_timer_del
                0x000000000000bf68       0x20 ./LVGL/src/misc/lv_timer.o
                0x000000000000bf68                lv_timer_del
 .text.lv_timer_handler
                0x000000000000bf88      0x188 ./LVGL/src/misc/lv_timer.o
                0x000000000000bf88                lv_timer_handler
 .text.lv_timer_pause
                0x000000000000c110        0xa ./LVGL/src/misc/lv_timer.o
                0x000000000000c110                lv_timer_pause
 .text.lv_timer_resume
                0x000000000000c11a        0x8 ./LVGL/src/misc/lv_timer.o
                0x000000000000c11a                lv_timer_resume
 .text.lv_timer_ready
                0x000000000000c122       0x18 ./LVGL/src/misc/lv_timer.o
                0x000000000000c122                lv_timer_ready
 .text.block_next
                0x000000000000c13a        0xe ./LVGL/src/misc/lv_tlsf.o
 .text.block_link_next
                0x000000000000c148       0x10 ./LVGL/src/misc/lv_tlsf.o
 .text.block_mark_as_used
                0x000000000000c158       0x1a ./LVGL/src/misc/lv_tlsf.o
 .text.block_split
                0x000000000000c172       0x64 ./LVGL/src/misc/lv_tlsf.o
 .text.remove_free_block
                0x000000000000c1d6       0x50 ./LVGL/src/misc/lv_tlsf.o
 .text.mapping_insert
                0x000000000000c226       0x40 ./LVGL/src/misc/lv_tlsf.o
 .text.block_insert
                0x000000000000c266       0x62 ./LVGL/src/misc/lv_tlsf.o
 .text.block_trim_free
                0x000000000000c2c8       0x46 ./LVGL/src/misc/lv_tlsf.o
 .text.block_remove
                0x000000000000c30e       0x28 ./LVGL/src/misc/lv_tlsf.o
 .text.block_merge_next
                0x000000000000c336       0x4a ./LVGL/src/misc/lv_tlsf.o
 .text.block_locate_free
                0x000000000000c380       0xb2 ./LVGL/src/misc/lv_tlsf.o
 .text.lv_tlsf_add_pool
                0x000000000000c432       0x40 ./LVGL/src/misc/lv_tlsf.o
                0x000000000000c432                lv_tlsf_add_pool
 .text.lv_tlsf_create
                0x000000000000c472       0x3e ./LVGL/src/misc/lv_tlsf.o
                0x000000000000c472                lv_tlsf_create
 .text.lv_tlsf_create_with_pool
                0x000000000000c4b0       0x26 ./LVGL/src/misc/lv_tlsf.o
                0x000000000000c4b0                lv_tlsf_create_with_pool
 .text.lv_tlsf_malloc
                0x000000000000c4d6       0x56 ./LVGL/src/misc/lv_tlsf.o
                0x000000000000c4d6                lv_tlsf_malloc
 .text.lv_tlsf_free
                0x000000000000c52c       0x86 ./LVGL/src/misc/lv_tlsf.o
                0x000000000000c52c                lv_tlsf_free
 .text.lv_tlsf_realloc
                0x000000000000c5b2       0xde ./LVGL/src/misc/lv_tlsf.o
                0x000000000000c5b2                lv_tlsf_realloc
 .text.lv_txt_utf8_size
                0x000000000000c690       0x3a ./LVGL/src/misc/lv_txt.o
 .text.lv_txt_utf8_next
                0x000000000000c6ca      0x128 ./LVGL/src/misc/lv_txt.o
 .text.lv_txt_utf8_get_byte_id
                0x000000000000c7f2       0x36 ./LVGL/src/misc/lv_txt.o
 .text.lv_txt_utf8_get_char_id
                0x000000000000c828       0x2a ./LVGL/src/misc/lv_txt.o
 .text.lv_txt_utf8_get_length
                0x000000000000c852       0x2c ./LVGL/src/misc/lv_txt.o
 .text.lv_txt_unicode_to_utf8
                0x000000000000c87e       0x9e ./LVGL/src/misc/lv_txt.o
 .text.lv_txt_utf8_prev
                0x000000000000c91c       0x46 ./LVGL/src/misc/lv_txt.o
 .text._lv_txt_is_cmd
                0x000000000000c962       0x46 ./LVGL/src/misc/lv_txt.o
                0x000000000000c962                _lv_txt_is_cmd
 .text._lv_txt_get_next_line
                0x000000000000c9a8      0x230 ./LVGL/src/misc/lv_txt.o
                0x000000000000c9a8                _lv_txt_get_next_line
 .text._lv_txt_ins
                0x000000000000cbd8       0x64 ./LVGL/src/misc/lv_txt.o
                0x000000000000cbd8                _lv_txt_ins
 .text._lv_txt_cut
                0x000000000000cc3c       0x52 ./LVGL/src/misc/lv_txt.o
                0x000000000000cc3c                _lv_txt_cut
 .text._lv_txt_set_text_vfmt
                0x000000000000cc8e       0x42 ./LVGL/src/misc/lv_txt.o
                0x000000000000cc8e                _lv_txt_set_text_vfmt
 .text._lv_txt_encoded_letter_next_2
                0x000000000000ccd0       0x36 ./LVGL/src/misc/lv_txt.o
                0x000000000000ccd0                _lv_txt_encoded_letter_next_2
 .text.lv_txt_get_width
                0x000000000000cd06       0x7a ./LVGL/src/misc/lv_txt.o
                0x000000000000cd06                lv_txt_get_width
 .text.lv_txt_get_size
                0x000000000000cd80       0xbe ./LVGL/src/misc/lv_txt.o
                0x000000000000cd80                lv_txt_get_size
 .text._lv_utils_bsearch
                0x000000000000ce3e       0x4a ./LVGL/src/misc/lv_utils.o
                0x000000000000ce3e                _lv_utils_bsearch
 .text.lv_disp_drv_init
                0x000000000000ce88       0x50 ./LVGL/src/hal/lv_hal_disp.o
                0x000000000000ce88                lv_disp_drv_init
 .text.lv_disp_draw_buf_init
                0x000000000000ced8       0x26 ./LVGL/src/hal/lv_hal_disp.o
                0x000000000000ced8                lv_disp_draw_buf_init
 .text.lv_disp_drv_register
                0x000000000000cefe      0x13a ./LVGL/src/hal/lv_hal_disp.o
                0x000000000000cefe                lv_disp_drv_register
 .text.lv_disp_get_default
                0x000000000000d038        0x6 ./LVGL/src/hal/lv_hal_disp.o
                0x000000000000d038                lv_disp_get_default
 .text.lv_disp_get_hor_res
                0x000000000000d03e       0x2c ./LVGL/src/hal/lv_hal_disp.o
                0x000000000000d03e                lv_disp_get_hor_res
 .text.lv_disp_get_ver_res
                0x000000000000d06a       0x2c ./LVGL/src/hal/lv_hal_disp.o
                0x000000000000d06a                lv_disp_get_ver_res
 .text.lv_disp_get_dpi
                0x000000000000d096       0x1a ./LVGL/src/hal/lv_hal_disp.o
                0x000000000000d096                lv_disp_get_dpi
 .text.lv_disp_flush_ready
                0x000000000000d0b0        0xc ./LVGL/src/hal/lv_hal_disp.o
                0x000000000000d0b0                lv_disp_flush_ready
 .text.lv_disp_get_next
                0x000000000000d0bc       0x1a ./LVGL/src/hal/lv_hal_disp.o
                0x000000000000d0bc                lv_disp_get_next
 .text.lv_disp_get_draw_buf
                0x000000000000d0d6        0x6 ./LVGL/src/hal/lv_hal_disp.o
                0x000000000000d0d6                lv_disp_get_draw_buf
 .text.lv_indev_drv_init
                0x000000000000d0dc       0x2a ./LVGL/src/hal/lv_hal_indev.o
                0x000000000000d0dc                lv_indev_drv_init
 .text.lv_indev_drv_register
                0x000000000000d106       0x4e ./LVGL/src/hal/lv_hal_indev.o
                0x000000000000d106                lv_indev_drv_register
 .text.lv_indev_get_next
                0x000000000000d154       0x1a ./LVGL/src/hal/lv_hal_indev.o
                0x000000000000d154                lv_indev_get_next
 .text._lv_indev_read
                0x000000000000d16e       0x44 ./LVGL/src/hal/lv_hal_indev.o
                0x000000000000d16e                _lv_indev_read
 .text.lv_tick_inc
                0x000000000000d1b2       0x10 ./LVGL/src/hal/lv_hal_tick.o
                0x000000000000d1b2                lv_tick_inc
 .text.lv_tick_get
                0x000000000000d1c2       0x16 ./LVGL/src/hal/lv_hal_tick.o
                0x000000000000d1c2                lv_tick_get
 .text.lv_tick_elaps
                0x000000000000d1d8       0x10 ./LVGL/src/hal/lv_hal_tick.o
                0x000000000000d1d8                lv_tick_elaps
 .text.lv_font_get_glyph_bitmap
                0x000000000000d1e8       0x10 ./LVGL/src/font/lv_font.o
                0x000000000000d1e8                lv_font_get_glyph_bitmap
 .text.lv_font_get_glyph_dsc
                0x000000000000d1f8       0xb0 ./LVGL/src/font/lv_font.o
                0x000000000000d1f8                lv_font_get_glyph_dsc
 .text.lv_font_get_glyph_width
                0x000000000000d2a8       0x1c ./LVGL/src/font/lv_font.o
                0x000000000000d2a8                lv_font_get_glyph_width
 .text.kern_pair_8_compare
                0x000000000000d2c4       0x16 ./LVGL/src/font/lv_font_fmt_txt.o
 .text.kern_pair_16_compare
                0x000000000000d2da       0x16 ./LVGL/src/font/lv_font_fmt_txt.o
 .text.unicode_list_compare
                0x000000000000d2f0        0x8 ./LVGL/src/font/lv_font_fmt_txt.o
 .text.get_glyph_dsc_id.isra.0.part.1
                0x000000000000d2f8       0xea ./LVGL/src/font/lv_font_fmt_txt.o
 .text.lv_font_get_bitmap_fmt_txt
                0x000000000000d3e2       0x3e ./LVGL/src/font/lv_font_fmt_txt.o
                0x000000000000d3e2                lv_font_get_bitmap_fmt_txt
 .text.lv_font_get_glyph_dsc_fmt_txt
                0x000000000000d420      0x176 ./LVGL/src/font/lv_font_fmt_txt.o
                0x000000000000d420                lv_font_get_glyph_dsc_fmt_txt
 .text._lv_font_clean_up_fmt_txt
                0x000000000000d596        0x2 ./LVGL/src/font/lv_font_fmt_txt.o
                0x000000000000d596                _lv_font_clean_up_fmt_txt
 .text.lv_win_constructor
                0x000000000000d598       0x76 ./LVGL/src/extra/widgets/win/lv_win.o
 .text.lv_tileview_constructor
                0x000000000000d60e       0x44 ./LVGL/src/extra/widgets/tileview/lv_tileview.o
 .text.tileview_event_cb
                0x000000000000d652       0xca ./LVGL/src/extra/widgets/tileview/lv_tileview.o
 .text.lv_tileview_tile_constructor
                0x000000000000d71c       0x76 ./LVGL/src/extra/widgets/tileview/lv_tileview.o
 .text.lv_tabview_destructor
                0x000000000000d792       0x6c ./LVGL/src/extra/widgets/tabview/lv_tabview.o
 .text.lv_tabview_constructor
                0x000000000000d7fe      0x15e ./LVGL/src/extra/widgets/tabview/lv_tabview.o
 .text.lv_tabview_get_content
                0x000000000000d95c        0xe ./LVGL/src/extra/widgets/tabview/lv_tabview.o
                0x000000000000d95c                lv_tabview_get_content
 .text.lv_tabview_get_tab_btns
                0x000000000000d96a        0xe ./LVGL/src/extra/widgets/tabview/lv_tabview.o
                0x000000000000d96a                lv_tabview_get_tab_btns
 .text.lv_tabview_set_act
                0x000000000000d978       0xbe ./LVGL/src/extra/widgets/tabview/lv_tabview.o
                0x000000000000d978                lv_tabview_set_act
 .text.lv_tabview_event
                0x000000000000da36       0x3a ./LVGL/src/extra/widgets/tabview/lv_tabview.o
 .text.cont_scroll_end_event_cb
                0x000000000000da70       0xde ./LVGL/src/extra/widgets/tabview/lv_tabview.o
 .text.btns_value_changed_event_cb
                0x000000000000db4e       0x24 ./LVGL/src/extra/widgets/tabview/lv_tabview.o
 .text.lv_spinner_constructor
                0x000000000000db72       0x82 ./LVGL/src/extra/widgets/spinner/lv_spinner.o
 .text.arc_anim_start_angle
                0x000000000000dbf4       0x10 ./LVGL/src/extra/widgets/spinner/lv_spinner.o
 .text.arc_anim_end_angle
                0x000000000000dc04       0x10 ./LVGL/src/extra/widgets/spinner/lv_spinner.o
 .text.lv_spinbox_updatevalue
                0x000000000000dc14      0x120 ./LVGL/src/extra/widgets/spinbox/lv_spinbox.o
 .text.lv_spinbox_constructor
                0x000000000000dd34       0x48 ./LVGL/src/extra/widgets/spinbox/lv_spinbox.o
 .text.lv_spinbox_step_next
                0x000000000000dd7c       0x1e ./LVGL/src/extra/widgets/spinbox/lv_spinbox.o
                0x000000000000dd7c                lv_spinbox_step_next
 .text.lv_spinbox_step_prev
                0x000000000000dd9a       0x2c ./LVGL/src/extra/widgets/spinbox/lv_spinbox.o
                0x000000000000dd9a                lv_spinbox_step_prev
 .text.lv_spinbox_increment
                0x000000000000ddc6       0x44 ./LVGL/src/extra/widgets/spinbox/lv_spinbox.o
                0x000000000000ddc6                lv_spinbox_increment
 .text.lv_spinbox_decrement
                0x000000000000de0a       0x44 ./LVGL/src/extra/widgets/spinbox/lv_spinbox.o
                0x000000000000de0a                lv_spinbox_decrement
 .text.lv_spinbox_event
                0x000000000000de4e      0x188 ./LVGL/src/extra/widgets/spinbox/lv_spinbox.o
 .text.lv_meter_destructor
                0x000000000000dfd6       0x20 ./LVGL/src/extra/widgets/meter/lv_meter.o
 .text.lv_meter_constructor
                0x000000000000dff6       0x20 ./LVGL/src/extra/widgets/meter/lv_meter.o
 .text.lv_meter_event
                0x000000000000e016      0x8d6 ./LVGL/src/extra/widgets/meter/lv_meter.o
 .text.lv_menu_destructor
                0x000000000000e8ec       0x10 ./LVGL/src/extra/widgets/menu/lv_menu.o
 .text.lv_menu_section_constructor
                0x000000000000e8fc       0x1a ./LVGL/src/extra/widgets/menu/lv_menu.o
 .text.lv_menu_cont_constructor
                0x000000000000e916       0x26 ./LVGL/src/extra/widgets/menu/lv_menu.o
 .text.lv_menu_constructor
                0x000000000000e93c      0x146 ./LVGL/src/extra/widgets/menu/lv_menu.o
 .text.lv_menu_value_changed_event_cb
                0x000000000000ea82       0x4e ./LVGL/src/extra/widgets/menu/lv_menu.o
 .text.lv_menu_page_destructor
                0x000000000000ead0       0x18 ./LVGL/src/extra/widgets/menu/lv_menu.o
 .text.lv_menu_page_constructor
                0x000000000000eae8       0x34 ./LVGL/src/extra/widgets/menu/lv_menu.o
 .text.lv_menu_refr_main_header_mode
                0x000000000000eb1c       0x70 ./LVGL/src/extra/widgets/menu/lv_menu.o
 .text.lv_menu_back_btn_is_root
                0x000000000000eb8c       0x1e ./LVGL/src/extra/widgets/menu/lv_menu.o
                0x000000000000eb8c                lv_menu_back_btn_is_root
 .text.lv_menu_clear_history
                0x000000000000ebaa       0x16 ./LVGL/src/extra/widgets/menu/lv_menu.o
                0x000000000000ebaa                lv_menu_clear_history
 .text.lv_menu_set_page
                0x000000000000ebc0       0xd4 ./LVGL/src/extra/widgets/menu/lv_menu.o
                0x000000000000ebc0                lv_menu_set_page
 .text.lv_menu_back_event_cb
                0x000000000000ec94       0x96 ./LVGL/src/extra/widgets/menu/lv_menu.o
 .text.lv_color_to32
                0x000000000000ed2a       0x4e ./LVGL/src/extra/widgets/led/lv_led.o
 .text.lv_color_mix
                0x000000000000ed78       0x3c ./LVGL/src/extra/widgets/led/lv_led.o
 .text.lv_color_black
                0x000000000000edb4        0x4 ./LVGL/src/extra/widgets/led/lv_led.o
 .text.lv_led_event
                0x000000000000edb8      0x2b2 ./LVGL/src/extra/widgets/led/lv_led.o
 .text.lv_led_constructor
                0x000000000000f06a       0x1e ./LVGL/src/extra/widgets/led/lv_led.o
 .text.lv_keyboard_update_ctrl_map
                0x000000000000f088       0x72 ./LVGL/src/extra/widgets/keyboard/lv_keyboard.o
 .text.lv_keyboard_update_map
                0x000000000000f0fa       0x28 ./LVGL/src/extra/widgets/keyboard/lv_keyboard.o
 .text.lv_keyboard_constructor
                0x000000000000f122       0x4c ./LVGL/src/extra/widgets/keyboard/lv_keyboard.o
 .text.lv_keyboard_def_event_cb
                0x000000000000f16e      0x212 ./LVGL/src/extra/widgets/keyboard/lv_keyboard.o
                0x000000000000f16e                lv_keyboard_def_event_cb
 .text.lv_keyboard_create
                0x000000000000f380       0x1e ./LVGL/src/extra/widgets/keyboard/lv_keyboard.o
                0x000000000000f380                lv_keyboard_create
 .text.lv_keyboard_set_textarea
                0x000000000000f39e       0x22 ./LVGL/src/extra/widgets/keyboard/lv_keyboard.o
                0x000000000000f39e                lv_keyboard_set_textarea
 .text.lv_keyboard_set_mode
                0x000000000000f3c0       0x1a ./LVGL/src/extra/widgets/keyboard/lv_keyboard.o
                0x000000000000f3c0                lv_keyboard_set_mode
 .text.fast_hsv2rgb.part.0
                0x000000000000f3da       0x8a ./LVGL/src/extra/widgets/colorwheel/lv_colorwheel.o
 .text.get_knob_area
                0x000000000000f464       0x9a ./LVGL/src/extra/widgets/colorwheel/lv_colorwheel.o
 .text.refr_knob_pos
                0x000000000000f4fe       0xc2 ./LVGL/src/extra/widgets/colorwheel/lv_colorwheel.o
 .text.lv_colorwheel_constructor
                0x000000000000f5c0       0x4e ./LVGL/src/extra/widgets/colorwheel/lv_colorwheel.o
 .text.lv_colorwheel_set_hsv
                0x000000000000f60e       0x7a ./LVGL/src/extra/widgets/colorwheel/lv_colorwheel.o
                0x000000000000f60e                lv_colorwheel_set_hsv
 .text.lv_colorwheel_get_rgb
                0x000000000000f688       0x16 ./LVGL/src/extra/widgets/colorwheel/lv_colorwheel.o
                0x000000000000f688                lv_colorwheel_get_rgb
 .text.lv_colorwheel_event
                0x000000000000f69e      0x78c ./LVGL/src/extra/widgets/colorwheel/lv_colorwheel.o
 .text.lv_obj_get_style_pad_left
                0x000000000000fe2a       0x12 ./LVGL/src/extra/widgets/chart/lv_chart.o
 .text.lv_obj_get_style_width
                0x000000000000fe3c       0x12 ./LVGL/src/extra/widgets/chart/lv_chart.o
 .text.lv_obj_get_style_pad_column
                0x000000000000fe4e       0x12 ./LVGL/src/extra/widgets/chart/lv_chart.o
 .text.lv_obj_get_style_pad_top
                0x000000000000fe60       0x12 ./LVGL/src/extra/widgets/chart/lv_chart.o
 .text.lv_chart_destructor
                0x000000000000fe72       0x5e ./LVGL/src/extra/widgets/chart/lv_chart.o
 .text.lv_chart_constructor
                0x000000000000fed0       0x5e ./LVGL/src/extra/widgets/chart/lv_chart.o
 .text.lv_obj_get_style_border_width.constprop.8
                0x000000000000ff2e       0x16 ./LVGL/src/extra/widgets/chart/lv_chart.o
 .text.invalidate_point
                0x000000000000ff44      0x18c ./LVGL/src/extra/widgets/chart/lv_chart.o
 .text.lv_chart_get_point_pos_by_id
                0x00000000000100d0      0x1ba ./LVGL/src/extra/widgets/chart/lv_chart.o
                0x00000000000100d0                lv_chart_get_point_pos_by_id
 .text.get_tick_gsc
                0x000000000001028a       0x2c ./LVGL/src/extra/widgets/chart/lv_chart.o
                0x000000000001028a                get_tick_gsc
 .text.draw_y_ticks
                0x00000000000102b6      0x2fe ./LVGL/src/extra/widgets/chart/lv_chart.o
 .text.draw_x_ticks
                0x00000000000105b4      0x35c ./LVGL/src/extra/widgets/chart/lv_chart.o
 .text.lv_chart_event
                0x0000000000010910     0x1258 ./LVGL/src/extra/widgets/chart/lv_chart.o
 .text.get_month_length
                0x0000000000011b68       0x5c ./LVGL/src/extra/widgets/calendar/lv_calendar.o
 .text.draw_part_begin_event_cb
                0x0000000000011bc4       0xbc ./LVGL/src/extra/widgets/calendar/lv_calendar.o
 .text.get_day_of_week.constprop.0
                0x0000000000011c80       0x4e ./LVGL/src/extra/widgets/calendar/lv_calendar.o
 .text.highlight_update
                0x0000000000011cce       0x8c ./LVGL/src/extra/widgets/calendar/lv_calendar.o
 .text.lv_calendar_set_showed_date
                0x0000000000011d5a      0x168 ./LVGL/src/extra/widgets/calendar/lv_calendar.o
                0x0000000000011d5a                lv_calendar_set_showed_date
 .text.lv_calendar_constructor
                0x0000000000011ec2      0x108 ./LVGL/src/extra/widgets/calendar/lv_calendar.o
 .text.lv_calendar_get_showed_date
                0x0000000000011fca        0x6 ./LVGL/src/extra/widgets/calendar/lv_calendar.o
                0x0000000000011fca                lv_calendar_get_showed_date
 .text.my_constructor
                0x0000000000011fd0       0xea ./LVGL/src/extra/widgets/calendar/lv_calendar_header_arrow.o
 .text.value_changed_event_cb
                0x00000000000120ba       0x44 ./LVGL/src/extra/widgets/calendar/lv_calendar_header_arrow.o
 .text.month_event_cb
                0x00000000000120fe       0x8a ./LVGL/src/extra/widgets/calendar/lv_calendar_header_arrow.o
 .text.my_constructor
                0x0000000000012188       0x9a ./LVGL/src/extra/widgets/calendar/lv_calendar_header_dropdown.o
 .text.value_changed_event_cb
                0x0000000000012222       0x46 ./LVGL/src/extra/widgets/calendar/lv_calendar_header_dropdown.o
 .text.month_event_cb
                0x0000000000012268       0x36 ./LVGL/src/extra/widgets/calendar/lv_calendar_header_dropdown.o
 .text.year_event_cb
                0x000000000001229e       0x3a ./LVGL/src/extra/widgets/calendar/lv_calendar_header_dropdown.o
 .text.lv_color_mix
                0x00000000000122d8       0x3c ./LVGL/src/extra/themes/default/lv_theme_default.o
 .text.lv_color_white